C:/Users/arsen/STM32Cube/Repository/STM32Cube_FW_F1_V1.8.6/Middlewares/ST/STM32_USB_Device_Library/Class/HID/Src/usbd_hid.c:396:17:USBD_HID_Init	16	static
C:/Users/arsen/STM32Cube/Repository/STM32Cube_FW_F1_V1.8.6/Middlewares/ST/STM32_USB_Device_Library/Class/HID/Src/usbd_hid.c:421:17:USBD_HID_DeInit	16	static
C:/Users/arsen/STM32Cube/Repository/STM32Cube_FW_F1_V1.8.6/Middlewares/ST/STM32_USB_Device_Library/Class/HID/Src/usbd_hid.c:446:17:USBD_HID_Setup	40	static
C:/Users/arsen/STM32Cube/Repository/STM32Cube_FW_F1_V1.8.6/Middlewares/ST/STM32_USB_Device_Library/Class/HID/Src/usbd_hid.c:564:9:USBD_HID_SendReport	32	static
C:/Users/arsen/STM32Cube/Repository/STM32Cube_FW_F1_V1.8.6/Middlewares/ST/STM32_USB_Device_Library/Class/HID/Src/usbd_hid.c:590:10:USBD_HID_GetPollingInterval	24	static
C:/Users/arsen/STM32Cube/Repository/STM32Cube_FW_F1_V1.8.6/Middlewares/ST/STM32_USB_Device_Library/Class/HID/Src/usbd_hid.c:619:18:USBD_HID_GetFSCfgDesc	16	static
C:/Users/arsen/STM32Cube/Repository/STM32Cube_FW_F1_V1.8.6/Middlewares/ST/STM32_USB_Device_Library/Class/HID/Src/usbd_hid.c:632:18:USBD_HID_GetHSCfgDesc	16	static
C:/Users/arsen/STM32Cube/Repository/STM32Cube_FW_F1_V1.8.6/Middlewares/ST/STM32_USB_Device_Library/Class/HID/Src/usbd_hid.c:645:18:USBD_HID_GetOtherSpeedCfgDesc	16	static
C:/Users/arsen/STM32Cube/Repository/STM32Cube_FW_F1_V1.8.6/Middlewares/ST/STM32_USB_Device_Library/Class/HID/Src/usbd_hid.c:658:17:USBD_HID_DataIn	16	static
C:/Users/arsen/STM32Cube/Repository/STM32Cube_FW_F1_V1.8.6/Middlewares/ST/STM32_USB_Device_Library/Class/HID/Src/usbd_hid.c:675:18:USBD_HID_GetDeviceQualifierDesc	16	static
