C:/Users/arsen/STM32Cube/Repository/STM32Cube_FW_F1_V1.8.6/Middlewares/ST/STM32_USB_Device_Library/Class/HID/Src/usbd_hid.c:433:17:USBD_HID_Init	16	static
C:/Users/arsen/STM32Cube/Repository/STM32Cube_FW_F1_V1.8.6/Middlewares/ST/STM32_USB_Device_Library/Class/HID/Src/usbd_hid.c:458:17:USBD_HID_DeInit	16	static
C:/Users/arsen/STM32Cube/Repository/STM32Cube_FW_F1_V1.8.6/Middlewares/ST/STM32_USB_Device_Library/Class/HID/Src/usbd_hid.c:483:17:USBD_HID_Setup	40	static
C:/Users/arsen/STM32Cube/Repository/STM32Cube_FW_F1_V1.8.6/Middlewares/ST/STM32_USB_Device_Library/Class/HID/Src/usbd_hid.c:601:9:USBD_HID_SendReport	32	static
C:/Users/arsen/STM32Cube/Repository/STM32Cube_FW_F1_V1.8.6/Middlewares/ST/STM32_USB_Device_Library/Class/HID/Src/usbd_hid.c:627:10:USBD_HID_GetPollingInterval	24	static
C:/Users/arsen/STM32Cube/Repository/STM32Cube_FW_F1_V1.8.6/Middlewares/ST/STM32_USB_Device_Library/Class/HID/Src/usbd_hid.c:656:18:USBD_HID_GetFSCfgDesc	16	static
C:/Users/arsen/STM32Cube/Repository/STM32Cube_FW_F1_V1.8.6/Middlewares/ST/STM32_USB_Device_Library/Class/HID/Src/usbd_hid.c:669:18:USBD_HID_GetHSCfgDesc	16	static
C:/Users/arsen/STM32Cube/Repository/STM32Cube_FW_F1_V1.8.6/Middlewares/ST/STM32_USB_Device_Library/Class/HID/Src/usbd_hid.c:682:18:USBD_HID_GetOtherSpeedCfgDesc	16	static
C:/Users/arsen/STM32Cube/Repository/STM32Cube_FW_F1_V1.8.6/Middlewares/ST/STM32_USB_Device_Library/Class/HID/Src/usbd_hid.c:695:17:USBD_HID_DataIn	16	static
C:/Users/arsen/STM32Cube/Repository/STM32Cube_FW_F1_V1.8.6/Middlewares/ST/STM32_USB_Device_Library/Class/HID/Src/usbd_hid.c:712:18:USBD_HID_GetDeviceQualifierDesc	16	static
