14:39:12 **** Build of configuration Debug for project STM32F103HidDeviceEmulator ****
make -j16 all 
arm-none-eabi-gcc "../USB_DEVICE/Target/usbd_conf.c" -mcpu=cortex-m3 -std=gnu11 -g3 -DDEBUG -DUSE_HAL_DRIVER -DSTM32F103xB -DUSE_FULL_LL_DRIVER -c -I../Core/Inc -IC:/Users/arsen/STM32Cube/Repository/STM32Cube_FW_F1_V1.8.6/Drivers/STM32F1xx_HAL_Driver/Inc/Legacy -IC:/Users/arsen/STM32Cube/Repository/STM32Cube_FW_F1_V1.8.6/Drivers/STM32F1xx_HAL_Driver/Inc -IC:/Users/arsen/STM32Cube/Repository/STM32Cube_FW_F1_V1.8.6/Drivers/CMSIS/Device/ST/STM32F1xx/Include -IC:/Users/arsen/STM32Cube/Repository/STM32Cube_FW_F1_V1.8.6/Drivers/CMSIS/Include -I../USB_DEVICE/App -I../USB_DEVICE/Target -IC:/Users/arsen/STM32Cube/Repository/STM32Cube_FW_F1_V1.8.6/Middlewares/ST/STM32_USB_Device_Library/Core/Inc -IC:/Users/arsen/STM32Cube/Repository/STM32Cube_FW_F1_V1.8.6/Middlewares/ST/STM32_USB_Device_Library/Class/HID/Inc -O0 -ffunction-sections -fdata-sections -Wall -fstack-usage -fcyclomatic-complexity -MMD -MP -MF"USB_DEVICE/Target/usbd_conf.d" -MT"USB_DEVICE/Target/usbd_conf.o" --specs=nano.specs -mfloat-abi=soft -mthumb -o "USB_DEVICE/Target/usbd_conf.o"
arm-none-eabi-gcc "../USB_DEVICE/App/usb_device.c" -mcpu=cortex-m3 -std=gnu11 -g3 -DDEBUG -DUSE_HAL_DRIVER -DSTM32F103xB -DUSE_FULL_LL_DRIVER -c -I../Core/Inc -IC:/Users/arsen/STM32Cube/Repository/STM32Cube_FW_F1_V1.8.6/Drivers/STM32F1xx_HAL_Driver/Inc/Legacy -IC:/Users/arsen/STM32Cube/Repository/STM32Cube_FW_F1_V1.8.6/Drivers/STM32F1xx_HAL_Driver/Inc -IC:/Users/arsen/STM32Cube/Repository/STM32Cube_FW_F1_V1.8.6/Drivers/CMSIS/Device/ST/STM32F1xx/Include -IC:/Users/arsen/STM32Cube/Repository/STM32Cube_FW_F1_V1.8.6/Drivers/CMSIS/Include -I../USB_DEVICE/App -I../USB_DEVICE/Target -IC:/Users/arsen/STM32Cube/Repository/STM32Cube_FW_F1_V1.8.6/Middlewares/ST/STM32_USB_Device_Library/Core/Inc -IC:/Users/arsen/STM32Cube/Repository/STM32Cube_FW_F1_V1.8.6/Middlewares/ST/STM32_USB_Device_Library/Class/HID/Inc -O0 -ffunction-sections -fdata-sections -Wall -fstack-usage -fcyclomatic-complexity -MMD -MP -MF"USB_DEVICE/App/usb_device.d" -MT"USB_DEVICE/App/usb_device.o" --specs=nano.specs -mfloat-abi=soft -mthumb -o "USB_DEVICE/App/usb_device.o"
arm-none-eabi-gcc "../USB_DEVICE/App/usbd_desc.c" -mcpu=cortex-m3 -std=gnu11 -g3 -DDEBUG -DUSE_HAL_DRIVER -DSTM32F103xB -DUSE_FULL_LL_DRIVER -c -I../Core/Inc -IC:/Users/arsen/STM32Cube/Repository/STM32Cube_FW_F1_V1.8.6/Drivers/STM32F1xx_HAL_Driver/Inc/Legacy -IC:/Users/arsen/STM32Cube/Repository/STM32Cube_FW_F1_V1.8.6/Drivers/STM32F1xx_HAL_Driver/Inc -IC:/Users/arsen/STM32Cube/Repository/STM32Cube_FW_F1_V1.8.6/Drivers/CMSIS/Device/ST/STM32F1xx/Include -IC:/Users/arsen/STM32Cube/Repository/STM32Cube_FW_F1_V1.8.6/Drivers/CMSIS/Include -I../USB_DEVICE/App -I../USB_DEVICE/Target -IC:/Users/arsen/STM32Cube/Repository/STM32Cube_FW_F1_V1.8.6/Middlewares/ST/STM32_USB_Device_Library/Core/Inc -IC:/Users/arsen/STM32Cube/Repository/STM32Cube_FW_F1_V1.8.6/Middlewares/ST/STM32_USB_Device_Library/Class/HID/Inc -O0 -ffunction-sections -fdata-sections -Wall -fstack-usage -fcyclomatic-complexity -MMD -MP -MF"USB_DEVICE/App/usbd_desc.d" -MT"USB_DEVICE/App/usbd_desc.o" --specs=nano.specs -mfloat-abi=soft -mthumb -o "USB_DEVICE/App/usbd_desc.o"
arm-none-eabi-gcc "C:/Users/arsen/STM32Cube/Repository/STM32Cube_FW_F1_V1.8.6/Middlewares/ST/STM32_USB_Device_Library/Core/Src/usbd_core.c" -mcpu=cortex-m3 -std=gnu11 -g3 -DDEBUG -DUSE_HAL_DRIVER -DSTM32F103xB -DUSE_FULL_LL_DRIVER -c -I../Core/Inc -IC:/Users/arsen/STM32Cube/Repository/STM32Cube_FW_F1_V1.8.6/Drivers/STM32F1xx_HAL_Driver/Inc/Legacy -IC:/Users/arsen/STM32Cube/Repository/STM32Cube_FW_F1_V1.8.6/Drivers/STM32F1xx_HAL_Driver/Inc -IC:/Users/arsen/STM32Cube/Repository/STM32Cube_FW_F1_V1.8.6/Drivers/CMSIS/Device/ST/STM32F1xx/Include -IC:/Users/arsen/STM32Cube/Repository/STM32Cube_FW_F1_V1.8.6/Drivers/CMSIS/Include -I../USB_DEVICE/App -I../USB_DEVICE/Target -IC:/Users/arsen/STM32Cube/Repository/STM32Cube_FW_F1_V1.8.6/Middlewares/ST/STM32_USB_Device_Library/Core/Inc -IC:/Users/arsen/STM32Cube/Repository/STM32Cube_FW_F1_V1.8.6/Middlewares/ST/STM32_USB_Device_Library/Class/HID/Inc -O0 -ffunction-sections -fdata-sections -Wall -fstack-usage -fcyclomatic-complexity -MMD -MP -MF"Middlewares/USB_Device_Library/usbd_core.d" -MT"Middlewares/USB_Device_Library/usbd_core.o" --specs=nano.specs -mfloat-abi=soft -mthumb -o "Middlewares/USB_Device_Library/usbd_core.o"
arm-none-eabi-gcc "C:/Users/arsen/STM32Cube/Repository/STM32Cube_FW_F1_V1.8.6/Middlewares/ST/STM32_USB_Device_Library/Core/Src/usbd_ctlreq.c" -mcpu=cortex-m3 -std=gnu11 -g3 -DDEBUG -DUSE_HAL_DRIVER -DSTM32F103xB -DUSE_FULL_LL_DRIVER -c -I../Core/Inc -IC:/Users/arsen/STM32Cube/Repository/STM32Cube_FW_F1_V1.8.6/Drivers/STM32F1xx_HAL_Driver/Inc/Legacy -IC:/Users/arsen/STM32Cube/Repository/STM32Cube_FW_F1_V1.8.6/Drivers/STM32F1xx_HAL_Driver/Inc -IC:/Users/arsen/STM32Cube/Repository/STM32Cube_FW_F1_V1.8.6/Drivers/CMSIS/Device/ST/STM32F1xx/Include -IC:/Users/arsen/STM32Cube/Repository/STM32Cube_FW_F1_V1.8.6/Drivers/CMSIS/Include -I../USB_DEVICE/App -I../USB_DEVICE/Target -IC:/Users/arsen/STM32Cube/Repository/STM32Cube_FW_F1_V1.8.6/Middlewares/ST/STM32_USB_Device_Library/Core/Inc -IC:/Users/arsen/STM32Cube/Repository/STM32Cube_FW_F1_V1.8.6/Middlewares/ST/STM32_USB_Device_Library/Class/HID/Inc -O0 -ffunction-sections -fdata-sections -Wall -fstack-usage -fcyclomatic-complexity -MMD -MP -MF"Middlewares/USB_Device_Library/usbd_ctlreq.d" -MT"Middlewares/USB_Device_Library/usbd_ctlreq.o" --specs=nano.specs -mfloat-abi=soft -mthumb -o "Middlewares/USB_Device_Library/usbd_ctlreq.o"
arm-none-eabi-gcc "C:/Users/arsen/STM32Cube/Repository/STM32Cube_FW_F1_V1.8.6/Middlewares/ST/STM32_USB_Device_Library/Class/HID/Src/usbd_hid.c" -mcpu=cortex-m3 -std=gnu11 -g3 -DDEBUG -DUSE_HAL_DRIVER -DSTM32F103xB -DUSE_FULL_LL_DRIVER -c -I../Core/Inc -IC:/Users/arsen/STM32Cube/Repository/STM32Cube_FW_F1_V1.8.6/Drivers/STM32F1xx_HAL_Driver/Inc/Legacy -IC:/Users/arsen/STM32Cube/Repository/STM32Cube_FW_F1_V1.8.6/Drivers/STM32F1xx_HAL_Driver/Inc -IC:/Users/arsen/STM32Cube/Repository/STM32Cube_FW_F1_V1.8.6/Drivers/CMSIS/Device/ST/STM32F1xx/Include -IC:/Users/arsen/STM32Cube/Repository/STM32Cube_FW_F1_V1.8.6/Drivers/CMSIS/Include -I../USB_DEVICE/App -I../USB_DEVICE/Target -IC:/Users/arsen/STM32Cube/Repository/STM32Cube_FW_F1_V1.8.6/Middlewares/ST/STM32_USB_Device_Library/Core/Inc -IC:/Users/arsen/STM32Cube/Repository/STM32Cube_FW_F1_V1.8.6/Middlewares/ST/STM32_USB_Device_Library/Class/HID/Inc -O0 -ffunction-sections -fdata-sections -Wall -fstack-usage -fcyclomatic-complexity -MMD -MP -MF"Middlewares/USB_Device_Library/usbd_hid.d" -MT"Middlewares/USB_Device_Library/usbd_hid.o" --specs=nano.specs -mfloat-abi=soft -mthumb -o "Middlewares/USB_Device_Library/usbd_hid.o"
arm-none-eabi-gcc "C:/Users/arsen/STM32Cube/Repository/STM32Cube_FW_F1_V1.8.6/Middlewares/ST/STM32_USB_Device_Library/Core/Src/usbd_ioreq.c" -mcpu=cortex-m3 -std=gnu11 -g3 -DDEBUG -DUSE_HAL_DRIVER -DSTM32F103xB -DUSE_FULL_LL_DRIVER -c -I../Core/Inc -IC:/Users/arsen/STM32Cube/Repository/STM32Cube_FW_F1_V1.8.6/Drivers/STM32F1xx_HAL_Driver/Inc/Legacy -IC:/Users/arsen/STM32Cube/Repository/STM32Cube_FW_F1_V1.8.6/Drivers/STM32F1xx_HAL_Driver/Inc -IC:/Users/arsen/STM32Cube/Repository/STM32Cube_FW_F1_V1.8.6/Drivers/CMSIS/Device/ST/STM32F1xx/Include -IC:/Users/arsen/STM32Cube/Repository/STM32Cube_FW_F1_V1.8.6/Drivers/CMSIS/Include -I../USB_DEVICE/App -I../USB_DEVICE/Target -IC:/Users/arsen/STM32Cube/Repository/STM32Cube_FW_F1_V1.8.6/Middlewares/ST/STM32_USB_Device_Library/Core/Inc -IC:/Users/arsen/STM32Cube/Repository/STM32Cube_FW_F1_V1.8.6/Middlewares/ST/STM32_USB_Device_Library/Class/HID/Inc -O0 -ffunction-sections -fdata-sections -Wall -fstack-usage -fcyclomatic-complexity -MMD -MP -MF"Middlewares/USB_Device_Library/usbd_ioreq.d" -MT"Middlewares/USB_Device_Library/usbd_ioreq.o" --specs=nano.specs -mfloat-abi=soft -mthumb -o "Middlewares/USB_Device_Library/usbd_ioreq.o"
arm-none-eabi-gcc "C:/Users/arsen/STM32Cube/Repository/STM32Cube_FW_F1_V1.8.6/Drivers/STM32F1xx_HAL_Driver/Src/stm32f1xx_hal.c" -mcpu=cortex-m3 -std=gnu11 -g3 -DDEBUG -DUSE_HAL_DRIVER -DSTM32F103xB -DUSE_FULL_LL_DRIVER -c -I../Core/Inc -IC:/Users/arsen/STM32Cube/Repository/STM32Cube_FW_F1_V1.8.6/Drivers/STM32F1xx_HAL_Driver/Inc/Legacy -IC:/Users/arsen/STM32Cube/Repository/STM32Cube_FW_F1_V1.8.6/Drivers/STM32F1xx_HAL_Driver/Inc -IC:/Users/arsen/STM32Cube/Repository/STM32Cube_FW_F1_V1.8.6/Drivers/CMSIS/Device/ST/STM32F1xx/Include -IC:/Users/arsen/STM32Cube/Repository/STM32Cube_FW_F1_V1.8.6/Drivers/CMSIS/Include -I../USB_DEVICE/App -I../USB_DEVICE/Target -IC:/Users/arsen/STM32Cube/Repository/STM32Cube_FW_F1_V1.8.6/Middlewares/ST/STM32_USB_Device_Library/Core/Inc -IC:/Users/arsen/STM32Cube/Repository/STM32Cube_FW_F1_V1.8.6/Middlewares/ST/STM32_USB_Device_Library/Class/HID/Inc -O0 -ffunction-sections -fdata-sections -Wall -fstack-usage -fcyclomatic-complexity -MMD -MP -MF"Drivers/STM32F1xx_HAL_Driver/stm32f1xx_hal.d" -MT"Drivers/STM32F1xx_HAL_Driver/stm32f1xx_hal.o" --specs=nano.specs -mfloat-abi=soft -mthumb -o "Drivers/STM32F1xx_HAL_Driver/stm32f1xx_hal.o"
arm-none-eabi-gcc "C:/Users/arsen/STM32Cube/Repository/STM32Cube_FW_F1_V1.8.6/Drivers/STM32F1xx_HAL_Driver/Src/stm32f1xx_hal_cortex.c" -mcpu=cortex-m3 -std=gnu11 -g3 -DDEBUG -DUSE_HAL_DRIVER -DSTM32F103xB -DUSE_FULL_LL_DRIVER -c -I../Core/Inc -IC:/Users/arsen/STM32Cube/Repository/STM32Cube_FW_F1_V1.8.6/Drivers/STM32F1xx_HAL_Driver/Inc/Legacy -IC:/Users/arsen/STM32Cube/Repository/STM32Cube_FW_F1_V1.8.6/Drivers/STM32F1xx_HAL_Driver/Inc -IC:/Users/arsen/STM32Cube/Repository/STM32Cube_FW_F1_V1.8.6/Drivers/CMSIS/Device/ST/STM32F1xx/Include -IC:/Users/arsen/STM32Cube/Repository/STM32Cube_FW_F1_V1.8.6/Drivers/CMSIS/Include -I../USB_DEVICE/App -I../USB_DEVICE/Target -IC:/Users/arsen/STM32Cube/Repository/STM32Cube_FW_F1_V1.8.6/Middlewares/ST/STM32_USB_Device_Library/Core/Inc -IC:/Users/arsen/STM32Cube/Repository/STM32Cube_FW_F1_V1.8.6/Middlewares/ST/STM32_USB_Device_Library/Class/HID/Inc -O0 -ffunction-sections -fdata-sections -Wall -fstack-usage -fcyclomatic-complexity -MMD -MP -MF"Drivers/STM32F1xx_HAL_Driver/stm32f1xx_hal_cortex.d" -MT"Drivers/STM32F1xx_HAL_Driver/stm32f1xx_hal_cortex.o" --specs=nano.specs -mfloat-abi=soft -mthumb -o "Drivers/STM32F1xx_HAL_Driver/stm32f1xx_hal_cortex.o"
arm-none-eabi-gcc "C:/Users/arsen/STM32Cube/Repository/STM32Cube_FW_F1_V1.8.6/Drivers/STM32F1xx_HAL_Driver/Src/stm32f1xx_hal_dma.c" -mcpu=cortex-m3 -std=gnu11 -g3 -DDEBUG -DUSE_HAL_DRIVER -DSTM32F103xB -DUSE_FULL_LL_DRIVER -c -I../Core/Inc -IC:/Users/arsen/STM32Cube/Repository/STM32Cube_FW_F1_V1.8.6/Drivers/STM32F1xx_HAL_Driver/Inc/Legacy -IC:/Users/arsen/STM32Cube/Repository/STM32Cube_FW_F1_V1.8.6/Drivers/STM32F1xx_HAL_Driver/Inc -IC:/Users/arsen/STM32Cube/Repository/STM32Cube_FW_F1_V1.8.6/Drivers/CMSIS/Device/ST/STM32F1xx/Include -IC:/Users/arsen/STM32Cube/Repository/STM32Cube_FW_F1_V1.8.6/Drivers/CMSIS/Include -I../USB_DEVICE/App -I../USB_DEVICE/Target -IC:/Users/arsen/STM32Cube/Repository/STM32Cube_FW_F1_V1.8.6/Middlewares/ST/STM32_USB_Device_Library/Core/Inc -IC:/Users/arsen/STM32Cube/Repository/STM32Cube_FW_F1_V1.8.6/Middlewares/ST/STM32_USB_Device_Library/Class/HID/Inc -O0 -ffunction-sections -fdata-sections -Wall -fstack-usage -fcyclomatic-complexity -MMD -MP -MF"Drivers/STM32F1xx_HAL_Driver/stm32f1xx_hal_dma.d" -MT"Drivers/STM32F1xx_HAL_Driver/stm32f1xx_hal_dma.o" --specs=nano.specs -mfloat-abi=soft -mthumb -o "Drivers/STM32F1xx_HAL_Driver/stm32f1xx_hal_dma.o"
arm-none-eabi-gcc "C:/Users/arsen/STM32Cube/Repository/STM32Cube_FW_F1_V1.8.6/Drivers/STM32F1xx_HAL_Driver/Src/stm32f1xx_hal_exti.c" -mcpu=cortex-m3 -std=gnu11 -g3 -DDEBUG -DUSE_HAL_DRIVER -DSTM32F103xB -DUSE_FULL_LL_DRIVER -c -I../Core/Inc -IC:/Users/arsen/STM32Cube/Repository/STM32Cube_FW_F1_V1.8.6/Drivers/STM32F1xx_HAL_Driver/Inc/Legacy -IC:/Users/arsen/STM32Cube/Repository/STM32Cube_FW_F1_V1.8.6/Drivers/STM32F1xx_HAL_Driver/Inc -IC:/Users/arsen/STM32Cube/Repository/STM32Cube_FW_F1_V1.8.6/Drivers/CMSIS/Device/ST/STM32F1xx/Include -IC:/Users/arsen/STM32Cube/Repository/STM32Cube_FW_F1_V1.8.6/Drivers/CMSIS/Include -I../USB_DEVICE/App -I../USB_DEVICE/Target -IC:/Users/arsen/STM32Cube/Repository/STM32Cube_FW_F1_V1.8.6/Middlewares/ST/STM32_USB_Device_Library/Core/Inc -IC:/Users/arsen/STM32Cube/Repository/STM32Cube_FW_F1_V1.8.6/Middlewares/ST/STM32_USB_Device_Library/Class/HID/Inc -O0 -ffunction-sections -fdata-sections -Wall -fstack-usage -fcyclomatic-complexity -MMD -MP -MF"Drivers/STM32F1xx_HAL_Driver/stm32f1xx_hal_exti.d" -MT"Drivers/STM32F1xx_HAL_Driver/stm32f1xx_hal_exti.o" --specs=nano.specs -mfloat-abi=soft -mthumb -o "Drivers/STM32F1xx_HAL_Driver/stm32f1xx_hal_exti.o"
arm-none-eabi-gcc "C:/Users/arsen/STM32Cube/Repository/STM32Cube_FW_F1_V1.8.6/Drivers/STM32F1xx_HAL_Driver/Src/stm32f1xx_hal_flash.c" -mcpu=cortex-m3 -std=gnu11 -g3 -DDEBUG -DUSE_HAL_DRIVER -DSTM32F103xB -DUSE_FULL_LL_DRIVER -c -I../Core/Inc -IC:/Users/arsen/STM32Cube/Repository/STM32Cube_FW_F1_V1.8.6/Drivers/STM32F1xx_HAL_Driver/Inc/Legacy -IC:/Users/arsen/STM32Cube/Repository/STM32Cube_FW_F1_V1.8.6/Drivers/STM32F1xx_HAL_Driver/Inc -IC:/Users/arsen/STM32Cube/Repository/STM32Cube_FW_F1_V1.8.6/Drivers/CMSIS/Device/ST/STM32F1xx/Include -IC:/Users/arsen/STM32Cube/Repository/STM32Cube_FW_F1_V1.8.6/Drivers/CMSIS/Include -I../USB_DEVICE/App -I../USB_DEVICE/Target -IC:/Users/arsen/STM32Cube/Repository/STM32Cube_FW_F1_V1.8.6/Middlewares/ST/STM32_USB_Device_Library/Core/Inc -IC:/Users/arsen/STM32Cube/Repository/STM32Cube_FW_F1_V1.8.6/Middlewares/ST/STM32_USB_Device_Library/Class/HID/Inc -O0 -ffunction-sections -fdata-sections -Wall -fstack-usage -fcyclomatic-complexity -MMD -MP -MF"Drivers/STM32F1xx_HAL_Driver/stm32f1xx_hal_flash.d" -MT"Drivers/STM32F1xx_HAL_Driver/stm32f1xx_hal_flash.o" --specs=nano.specs -mfloat-abi=soft -mthumb -o "Drivers/STM32F1xx_HAL_Driver/stm32f1xx_hal_flash.o"
arm-none-eabi-gcc "C:/Users/arsen/STM32Cube/Repository/STM32Cube_FW_F1_V1.8.6/Drivers/STM32F1xx_HAL_Driver/Src/stm32f1xx_hal_flash_ex.c" -mcpu=cortex-m3 -std=gnu11 -g3 -DDEBUG -DUSE_HAL_DRIVER -DSTM32F103xB -DUSE_FULL_LL_DRIVER -c -I../Core/Inc -IC:/Users/arsen/STM32Cube/Repository/STM32Cube_FW_F1_V1.8.6/Drivers/STM32F1xx_HAL_Driver/Inc/Legacy -IC:/Users/arsen/STM32Cube/Repository/STM32Cube_FW_F1_V1.8.6/Drivers/STM32F1xx_HAL_Driver/Inc -IC:/Users/arsen/STM32Cube/Repository/STM32Cube_FW_F1_V1.8.6/Drivers/CMSIS/Device/ST/STM32F1xx/Include -IC:/Users/arsen/STM32Cube/Repository/STM32Cube_FW_F1_V1.8.6/Drivers/CMSIS/Include -I../USB_DEVICE/App -I../USB_DEVICE/Target -IC:/Users/arsen/STM32Cube/Repository/STM32Cube_FW_F1_V1.8.6/Middlewares/ST/STM32_USB_Device_Library/Core/Inc -IC:/Users/arsen/STM32Cube/Repository/STM32Cube_FW_F1_V1.8.6/Middlewares/ST/STM32_USB_Device_Library/Class/HID/Inc -O0 -ffunction-sections -fdata-sections -Wall -fstack-usage -fcyclomatic-complexity -MMD -MP -MF"Drivers/STM32F1xx_HAL_Driver/stm32f1xx_hal_flash_ex.d" -MT"Drivers/STM32F1xx_HAL_Driver/stm32f1xx_hal_flash_ex.o" --specs=nano.specs -mfloat-abi=soft -mthumb -o "Drivers/STM32F1xx_HAL_Driver/stm32f1xx_hal_flash_ex.o"
arm-none-eabi-gcc "C:/Users/arsen/STM32Cube/Repository/STM32Cube_FW_F1_V1.8.6/Drivers/STM32F1xx_HAL_Driver/Src/stm32f1xx_hal_gpio.c" -mcpu=cortex-m3 -std=gnu11 -g3 -DDEBUG -DUSE_HAL_DRIVER -DSTM32F103xB -DUSE_FULL_LL_DRIVER -c -I../Core/Inc -IC:/Users/arsen/STM32Cube/Repository/STM32Cube_FW_F1_V1.8.6/Drivers/STM32F1xx_HAL_Driver/Inc/Legacy -IC:/Users/arsen/STM32Cube/Repository/STM32Cube_FW_F1_V1.8.6/Drivers/STM32F1xx_HAL_Driver/Inc -IC:/Users/arsen/STM32Cube/Repository/STM32Cube_FW_F1_V1.8.6/Drivers/CMSIS/Device/ST/STM32F1xx/Include -IC:/Users/arsen/STM32Cube/Repository/STM32Cube_FW_F1_V1.8.6/Drivers/CMSIS/Include -I../USB_DEVICE/App -I../USB_DEVICE/Target -IC:/Users/arsen/STM32Cube/Repository/STM32Cube_FW_F1_V1.8.6/Middlewares/ST/STM32_USB_Device_Library/Core/Inc -IC:/Users/arsen/STM32Cube/Repository/STM32Cube_FW_F1_V1.8.6/Middlewares/ST/STM32_USB_Device_Library/Class/HID/Inc -O0 -ffunction-sections -fdata-sections -Wall -fstack-usage -fcyclomatic-complexity -MMD -MP -MF"Drivers/STM32F1xx_HAL_Driver/stm32f1xx_hal_gpio.d" -MT"Drivers/STM32F1xx_HAL_Driver/stm32f1xx_hal_gpio.o" --specs=nano.specs -mfloat-abi=soft -mthumb -o "Drivers/STM32F1xx_HAL_Driver/stm32f1xx_hal_gpio.o"
arm-none-eabi-gcc "C:/Users/arsen/STM32Cube/Repository/STM32Cube_FW_F1_V1.8.6/Drivers/STM32F1xx_HAL_Driver/Src/stm32f1xx_hal_gpio_ex.c" -mcpu=cortex-m3 -std=gnu11 -g3 -DDEBUG -DUSE_HAL_DRIVER -DSTM32F103xB -DUSE_FULL_LL_DRIVER -c -I../Core/Inc -IC:/Users/arsen/STM32Cube/Repository/STM32Cube_FW_F1_V1.8.6/Drivers/STM32F1xx_HAL_Driver/Inc/Legacy -IC:/Users/arsen/STM32Cube/Repository/STM32Cube_FW_F1_V1.8.6/Drivers/STM32F1xx_HAL_Driver/Inc -IC:/Users/arsen/STM32Cube/Repository/STM32Cube_FW_F1_V1.8.6/Drivers/CMSIS/Device/ST/STM32F1xx/Include -IC:/Users/arsen/STM32Cube/Repository/STM32Cube_FW_F1_V1.8.6/Drivers/CMSIS/Include -I../USB_DEVICE/App -I../USB_DEVICE/Target -IC:/Users/arsen/STM32Cube/Repository/STM32Cube_FW_F1_V1.8.6/Middlewares/ST/STM32_USB_Device_Library/Core/Inc -IC:/Users/arsen/STM32Cube/Repository/STM32Cube_FW_F1_V1.8.6/Middlewares/ST/STM32_USB_Device_Library/Class/HID/Inc -O0 -ffunction-sections -fdata-sections -Wall -fstack-usage -fcyclomatic-complexity -MMD -MP -MF"Drivers/STM32F1xx_HAL_Driver/stm32f1xx_hal_gpio_ex.d" -MT"Drivers/STM32F1xx_HAL_Driver/stm32f1xx_hal_gpio_ex.o" --specs=nano.specs -mfloat-abi=soft -mthumb -o "Drivers/STM32F1xx_HAL_Driver/stm32f1xx_hal_gpio_ex.o"
arm-none-eabi-gcc "C:/Users/arsen/STM32Cube/Repository/STM32Cube_FW_F1_V1.8.6/Drivers/STM32F1xx_HAL_Driver/Src/stm32f1xx_hal_pcd.c" -mcpu=cortex-m3 -std=gnu11 -g3 -DDEBUG -DUSE_HAL_DRIVER -DSTM32F103xB -DUSE_FULL_LL_DRIVER -c -I../Core/Inc -IC:/Users/arsen/STM32Cube/Repository/STM32Cube_FW_F1_V1.8.6/Drivers/STM32F1xx_HAL_Driver/Inc/Legacy -IC:/Users/arsen/STM32Cube/Repository/STM32Cube_FW_F1_V1.8.6/Drivers/STM32F1xx_HAL_Driver/Inc -IC:/Users/arsen/STM32Cube/Repository/STM32Cube_FW_F1_V1.8.6/Drivers/CMSIS/Device/ST/STM32F1xx/Include -IC:/Users/arsen/STM32Cube/Repository/STM32Cube_FW_F1_V1.8.6/Drivers/CMSIS/Include -I../USB_DEVICE/App -I../USB_DEVICE/Target -IC:/Users/arsen/STM32Cube/Repository/STM32Cube_FW_F1_V1.8.6/Middlewares/ST/STM32_USB_Device_Library/Core/Inc -IC:/Users/arsen/STM32Cube/Repository/STM32Cube_FW_F1_V1.8.6/Middlewares/ST/STM32_USB_Device_Library/Class/HID/Inc -O0 -ffunction-sections -fdata-sections -Wall -fstack-usage -fcyclomatic-complexity -MMD -MP -MF"Drivers/STM32F1xx_HAL_Driver/stm32f1xx_hal_pcd.d" -MT"Drivers/STM32F1xx_HAL_Driver/stm32f1xx_hal_pcd.o" --specs=nano.specs -mfloat-abi=soft -mthumb -o "Drivers/STM32F1xx_HAL_Driver/stm32f1xx_hal_pcd.o"
C:/Users/arsen/STM32Cube/Repository/STM32Cube_FW_F1_V1.8.6/Middlewares/ST/STM32_USB_Device_Library/Class/HID/Src/usbd_hid.c:381:30: warning: 'HID_KEYBOARD_ReportDesc' defined but not used [-Wunused-variable]
  381 | __ALIGN_BEGIN static uint8_t HID_KEYBOARD_ReportDesc[HID_KEYBOARD_REPORT_DESC_SIZE]  __ALIGN_END =
      |                              ^~~~~~~~~~~~~~~~~~~~~~~
arm-none-eabi-gcc "C:/Users/arsen/STM32Cube/Repository/STM32Cube_FW_F1_V1.8.6/Drivers/STM32F1xx_HAL_Driver/Src/stm32f1xx_hal_pcd_ex.c" -mcpu=cortex-m3 -std=gnu11 -g3 -DDEBUG -DUSE_HAL_DRIVER -DSTM32F103xB -DUSE_FULL_LL_DRIVER -c -I../Core/Inc -IC:/Users/arsen/STM32Cube/Repository/STM32Cube_FW_F1_V1.8.6/Drivers/STM32F1xx_HAL_Driver/Inc/Legacy -IC:/Users/arsen/STM32Cube/Repository/STM32Cube_FW_F1_V1.8.6/Drivers/STM32F1xx_HAL_Driver/Inc -IC:/Users/arsen/STM32Cube/Repository/STM32Cube_FW_F1_V1.8.6/Drivers/CMSIS/Device/ST/STM32F1xx/Include -IC:/Users/arsen/STM32Cube/Repository/STM32Cube_FW_F1_V1.8.6/Drivers/CMSIS/Include -I../USB_DEVICE/App -I../USB_DEVICE/Target -IC:/Users/arsen/STM32Cube/Repository/STM32Cube_FW_F1_V1.8.6/Middlewares/ST/STM32_USB_Device_Library/Core/Inc -IC:/Users/arsen/STM32Cube/Repository/STM32Cube_FW_F1_V1.8.6/Middlewares/ST/STM32_USB_Device_Library/Class/HID/Inc -O0 -ffunction-sections -fdata-sections -Wall -fstack-usage -fcyclomatic-complexity -MMD -MP -MF"Drivers/STM32F1xx_HAL_Driver/stm32f1xx_hal_pcd_ex.d" -MT"Drivers/STM32F1xx_HAL_Driver/stm32f1xx_hal_pcd_ex.o" --specs=nano.specs -mfloat-abi=soft -mthumb -o "Drivers/STM32F1xx_HAL_Driver/stm32f1xx_hal_pcd_ex.o"
arm-none-eabi-gcc "C:/Users/arsen/STM32Cube/Repository/STM32Cube_FW_F1_V1.8.6/Drivers/STM32F1xx_HAL_Driver/Src/stm32f1xx_hal_pwr.c" -mcpu=cortex-m3 -std=gnu11 -g3 -DDEBUG -DUSE_HAL_DRIVER -DSTM32F103xB -DUSE_FULL_LL_DRIVER -c -I../Core/Inc -IC:/Users/arsen/STM32Cube/Repository/STM32Cube_FW_F1_V1.8.6/Drivers/STM32F1xx_HAL_Driver/Inc/Legacy -IC:/Users/arsen/STM32Cube/Repository/STM32Cube_FW_F1_V1.8.6/Drivers/STM32F1xx_HAL_Driver/Inc -IC:/Users/arsen/STM32Cube/Repository/STM32Cube_FW_F1_V1.8.6/Drivers/CMSIS/Device/ST/STM32F1xx/Include -IC:/Users/arsen/STM32Cube/Repository/STM32Cube_FW_F1_V1.8.6/Drivers/CMSIS/Include -I../USB_DEVICE/App -I../USB_DEVICE/Target -IC:/Users/arsen/STM32Cube/Repository/STM32Cube_FW_F1_V1.8.6/Middlewares/ST/STM32_USB_Device_Library/Core/Inc -IC:/Users/arsen/STM32Cube/Repository/STM32Cube_FW_F1_V1.8.6/Middlewares/ST/STM32_USB_Device_Library/Class/HID/Inc -O0 -ffunction-sections -fdata-sections -Wall -fstack-usage -fcyclomatic-complexity -MMD -MP -MF"Drivers/STM32F1xx_HAL_Driver/stm32f1xx_hal_pwr.d" -MT"Drivers/STM32F1xx_HAL_Driver/stm32f1xx_hal_pwr.o" --specs=nano.specs -mfloat-abi=soft -mthumb -o "Drivers/STM32F1xx_HAL_Driver/stm32f1xx_hal_pwr.o"
arm-none-eabi-gcc "C:/Users/arsen/STM32Cube/Repository/STM32Cube_FW_F1_V1.8.6/Drivers/STM32F1xx_HAL_Driver/Src/stm32f1xx_hal_rcc.c" -mcpu=cortex-m3 -std=gnu11 -g3 -DDEBUG -DUSE_HAL_DRIVER -DSTM32F103xB -DUSE_FULL_LL_DRIVER -c -I../Core/Inc -IC:/Users/arsen/STM32Cube/Repository/STM32Cube_FW_F1_V1.8.6/Drivers/STM32F1xx_HAL_Driver/Inc/Legacy -IC:/Users/arsen/STM32Cube/Repository/STM32Cube_FW_F1_V1.8.6/Drivers/STM32F1xx_HAL_Driver/Inc -IC:/Users/arsen/STM32Cube/Repository/STM32Cube_FW_F1_V1.8.6/Drivers/CMSIS/Device/ST/STM32F1xx/Include -IC:/Users/arsen/STM32Cube/Repository/STM32Cube_FW_F1_V1.8.6/Drivers/CMSIS/Include -I../USB_DEVICE/App -I../USB_DEVICE/Target -IC:/Users/arsen/STM32Cube/Repository/STM32Cube_FW_F1_V1.8.6/Middlewares/ST/STM32_USB_Device_Library/Core/Inc -IC:/Users/arsen/STM32Cube/Repository/STM32Cube_FW_F1_V1.8.6/Middlewares/ST/STM32_USB_Device_Library/Class/HID/Inc -O0 -ffunction-sections -fdata-sections -Wall -fstack-usage -fcyclomatic-complexity -MMD -MP -MF"Drivers/STM32F1xx_HAL_Driver/stm32f1xx_hal_rcc.d" -MT"Drivers/STM32F1xx_HAL_Driver/stm32f1xx_hal_rcc.o" --specs=nano.specs -mfloat-abi=soft -mthumb -o "Drivers/STM32F1xx_HAL_Driver/stm32f1xx_hal_rcc.o"
arm-none-eabi-gcc "C:/Users/arsen/STM32Cube/Repository/STM32Cube_FW_F1_V1.8.6/Drivers/STM32F1xx_HAL_Driver/Src/stm32f1xx_hal_rcc_ex.c" -mcpu=cortex-m3 -std=gnu11 -g3 -DDEBUG -DUSE_HAL_DRIVER -DSTM32F103xB -DUSE_FULL_LL_DRIVER -c -I../Core/Inc -IC:/Users/arsen/STM32Cube/Repository/STM32Cube_FW_F1_V1.8.6/Drivers/STM32F1xx_HAL_Driver/Inc/Legacy -IC:/Users/arsen/STM32Cube/Repository/STM32Cube_FW_F1_V1.8.6/Drivers/STM32F1xx_HAL_Driver/Inc -IC:/Users/arsen/STM32Cube/Repository/STM32Cube_FW_F1_V1.8.6/Drivers/CMSIS/Device/ST/STM32F1xx/Include -IC:/Users/arsen/STM32Cube/Repository/STM32Cube_FW_F1_V1.8.6/Drivers/CMSIS/Include -I../USB_DEVICE/App -I../USB_DEVICE/Target -IC:/Users/arsen/STM32Cube/Repository/STM32Cube_FW_F1_V1.8.6/Middlewares/ST/STM32_USB_Device_Library/Core/Inc -IC:/Users/arsen/STM32Cube/Repository/STM32Cube_FW_F1_V1.8.6/Middlewares/ST/STM32_USB_Device_Library/Class/HID/Inc -O0 -ffunction-sections -fdata-sections -Wall -fstack-usage -fcyclomatic-complexity -MMD -MP -MF"Drivers/STM32F1xx_HAL_Driver/stm32f1xx_hal_rcc_ex.d" -MT"Drivers/STM32F1xx_HAL_Driver/stm32f1xx_hal_rcc_ex.o" --specs=nano.specs -mfloat-abi=soft -mthumb -o "Drivers/STM32F1xx_HAL_Driver/stm32f1xx_hal_rcc_ex.o"
arm-none-eabi-gcc "C:/Users/arsen/STM32Cube/Repository/STM32Cube_FW_F1_V1.8.6/Drivers/STM32F1xx_HAL_Driver/Src/stm32f1xx_hal_tim.c" -mcpu=cortex-m3 -std=gnu11 -g3 -DDEBUG -DUSE_HAL_DRIVER -DSTM32F103xB -DUSE_FULL_LL_DRIVER -c -I../Core/Inc -IC:/Users/arsen/STM32Cube/Repository/STM32Cube_FW_F1_V1.8.6/Drivers/STM32F1xx_HAL_Driver/Inc/Legacy -IC:/Users/arsen/STM32Cube/Repository/STM32Cube_FW_F1_V1.8.6/Drivers/STM32F1xx_HAL_Driver/Inc -IC:/Users/arsen/STM32Cube/Repository/STM32Cube_FW_F1_V1.8.6/Drivers/CMSIS/Device/ST/STM32F1xx/Include -IC:/Users/arsen/STM32Cube/Repository/STM32Cube_FW_F1_V1.8.6/Drivers/CMSIS/Include -I../USB_DEVICE/App -I../USB_DEVICE/Target -IC:/Users/arsen/STM32Cube/Repository/STM32Cube_FW_F1_V1.8.6/Middlewares/ST/STM32_USB_Device_Library/Core/Inc -IC:/Users/arsen/STM32Cube/Repository/STM32Cube_FW_F1_V1.8.6/Middlewares/ST/STM32_USB_Device_Library/Class/HID/Inc -O0 -ffunction-sections -fdata-sections -Wall -fstack-usage -fcyclomatic-complexity -MMD -MP -MF"Drivers/STM32F1xx_HAL_Driver/stm32f1xx_hal_tim.d" -MT"Drivers/STM32F1xx_HAL_Driver/stm32f1xx_hal_tim.o" --specs=nano.specs -mfloat-abi=soft -mthumb -o "Drivers/STM32F1xx_HAL_Driver/stm32f1xx_hal_tim.o"
arm-none-eabi-gcc "C:/Users/arsen/STM32Cube/Repository/STM32Cube_FW_F1_V1.8.6/Drivers/STM32F1xx_HAL_Driver/Src/stm32f1xx_hal_tim_ex.c" -mcpu=cortex-m3 -std=gnu11 -g3 -DDEBUG -DUSE_HAL_DRIVER -DSTM32F103xB -DUSE_FULL_LL_DRIVER -c -I../Core/Inc -IC:/Users/arsen/STM32Cube/Repository/STM32Cube_FW_F1_V1.8.6/Drivers/STM32F1xx_HAL_Driver/Inc/Legacy -IC:/Users/arsen/STM32Cube/Repository/STM32Cube_FW_F1_V1.8.6/Drivers/STM32F1xx_HAL_Driver/Inc -IC:/Users/arsen/STM32Cube/Repository/STM32Cube_FW_F1_V1.8.6/Drivers/CMSIS/Device/ST/STM32F1xx/Include -IC:/Users/arsen/STM32Cube/Repository/STM32Cube_FW_F1_V1.8.6/Drivers/CMSIS/Include -I../USB_DEVICE/App -I../USB_DEVICE/Target -IC:/Users/arsen/STM32Cube/Repository/STM32Cube_FW_F1_V1.8.6/Middlewares/ST/STM32_USB_Device_Library/Core/Inc -IC:/Users/arsen/STM32Cube/Repository/STM32Cube_FW_F1_V1.8.6/Middlewares/ST/STM32_USB_Device_Library/Class/HID/Inc -O0 -ffunction-sections -fdata-sections -Wall -fstack-usage -fcyclomatic-complexity -MMD -MP -MF"Drivers/STM32F1xx_HAL_Driver/stm32f1xx_hal_tim_ex.d" -MT"Drivers/STM32F1xx_HAL_Driver/stm32f1xx_hal_tim_ex.o" --specs=nano.specs -mfloat-abi=soft -mthumb -o "Drivers/STM32F1xx_HAL_Driver/stm32f1xx_hal_tim_ex.o"
arm-none-eabi-gcc "C:/Users/arsen/STM32Cube/Repository/STM32Cube_FW_F1_V1.8.6/Drivers/STM32F1xx_HAL_Driver/Src/stm32f1xx_ll_dma.c" -mcpu=cortex-m3 -std=gnu11 -g3 -DDEBUG -DUSE_HAL_DRIVER -DSTM32F103xB -DUSE_FULL_LL_DRIVER -c -I../Core/Inc -IC:/Users/arsen/STM32Cube/Repository/STM32Cube_FW_F1_V1.8.6/Drivers/STM32F1xx_HAL_Driver/Inc/Legacy -IC:/Users/arsen/STM32Cube/Repository/STM32Cube_FW_F1_V1.8.6/Drivers/STM32F1xx_HAL_Driver/Inc -IC:/Users/arsen/STM32Cube/Repository/STM32Cube_FW_F1_V1.8.6/Drivers/CMSIS/Device/ST/STM32F1xx/Include -IC:/Users/arsen/STM32Cube/Repository/STM32Cube_FW_F1_V1.8.6/Drivers/CMSIS/Include -I../USB_DEVICE/App -I../USB_DEVICE/Target -IC:/Users/arsen/STM32Cube/Repository/STM32Cube_FW_F1_V1.8.6/Middlewares/ST/STM32_USB_Device_Library/Core/Inc -IC:/Users/arsen/STM32Cube/Repository/STM32Cube_FW_F1_V1.8.6/Middlewares/ST/STM32_USB_Device_Library/Class/HID/Inc -O0 -ffunction-sections -fdata-sections -Wall -fstack-usage -fcyclomatic-complexity -MMD -MP -MF"Drivers/STM32F1xx_HAL_Driver/stm32f1xx_ll_dma.d" -MT"Drivers/STM32F1xx_HAL_Driver/stm32f1xx_ll_dma.o" --specs=nano.specs -mfloat-abi=soft -mthumb -o "Drivers/STM32F1xx_HAL_Driver/stm32f1xx_ll_dma.o"
arm-none-eabi-gcc "C:/Users/arsen/STM32Cube/Repository/STM32Cube_FW_F1_V1.8.6/Drivers/STM32F1xx_HAL_Driver/Src/stm32f1xx_ll_exti.c" -mcpu=cortex-m3 -std=gnu11 -g3 -DDEBUG -DUSE_HAL_DRIVER -DSTM32F103xB -DUSE_FULL_LL_DRIVER -c -I../Core/Inc -IC:/Users/arsen/STM32Cube/Repository/STM32Cube_FW_F1_V1.8.6/Drivers/STM32F1xx_HAL_Driver/Inc/Legacy -IC:/Users/arsen/STM32Cube/Repository/STM32Cube_FW_F1_V1.8.6/Drivers/STM32F1xx_HAL_Driver/Inc -IC:/Users/arsen/STM32Cube/Repository/STM32Cube_FW_F1_V1.8.6/Drivers/CMSIS/Device/ST/STM32F1xx/Include -IC:/Users/arsen/STM32Cube/Repository/STM32Cube_FW_F1_V1.8.6/Drivers/CMSIS/Include -I../USB_DEVICE/App -I../USB_DEVICE/Target -IC:/Users/arsen/STM32Cube/Repository/STM32Cube_FW_F1_V1.8.6/Middlewares/ST/STM32_USB_Device_Library/Core/Inc -IC:/Users/arsen/STM32Cube/Repository/STM32Cube_FW_F1_V1.8.6/Middlewares/ST/STM32_USB_Device_Library/Class/HID/Inc -O0 -ffunction-sections -fdata-sections -Wall -fstack-usage -fcyclomatic-complexity -MMD -MP -MF"Drivers/STM32F1xx_HAL_Driver/stm32f1xx_ll_exti.d" -MT"Drivers/STM32F1xx_HAL_Driver/stm32f1xx_ll_exti.o" --specs=nano.specs -mfloat-abi=soft -mthumb -o "Drivers/STM32F1xx_HAL_Driver/stm32f1xx_ll_exti.o"
arm-none-eabi-gcc "C:/Users/arsen/STM32Cube/Repository/STM32Cube_FW_F1_V1.8.6/Drivers/STM32F1xx_HAL_Driver/Src/stm32f1xx_ll_gpio.c" -mcpu=cortex-m3 -std=gnu11 -g3 -DDEBUG -DUSE_HAL_DRIVER -DSTM32F103xB -DUSE_FULL_LL_DRIVER -c -I../Core/Inc -IC:/Users/arsen/STM32Cube/Repository/STM32Cube_FW_F1_V1.8.6/Drivers/STM32F1xx_HAL_Driver/Inc/Legacy -IC:/Users/arsen/STM32Cube/Repository/STM32Cube_FW_F1_V1.8.6/Drivers/STM32F1xx_HAL_Driver/Inc -IC:/Users/arsen/STM32Cube/Repository/STM32Cube_FW_F1_V1.8.6/Drivers/CMSIS/Device/ST/STM32F1xx/Include -IC:/Users/arsen/STM32Cube/Repository/STM32Cube_FW_F1_V1.8.6/Drivers/CMSIS/Include -I../USB_DEVICE/App -I../USB_DEVICE/Target -IC:/Users/arsen/STM32Cube/Repository/STM32Cube_FW_F1_V1.8.6/Middlewares/ST/STM32_USB_Device_Library/Core/Inc -IC:/Users/arsen/STM32Cube/Repository/STM32Cube_FW_F1_V1.8.6/Middlewares/ST/STM32_USB_Device_Library/Class/HID/Inc -O0 -ffunction-sections -fdata-sections -Wall -fstack-usage -fcyclomatic-complexity -MMD -MP -MF"Drivers/STM32F1xx_HAL_Driver/stm32f1xx_ll_gpio.d" -MT"Drivers/STM32F1xx_HAL_Driver/stm32f1xx_ll_gpio.o" --specs=nano.specs -mfloat-abi=soft -mthumb -o "Drivers/STM32F1xx_HAL_Driver/stm32f1xx_ll_gpio.o"
arm-none-eabi-gcc "C:/Users/arsen/STM32Cube/Repository/STM32Cube_FW_F1_V1.8.6/Drivers/STM32F1xx_HAL_Driver/Src/stm32f1xx_ll_rcc.c" -mcpu=cortex-m3 -std=gnu11 -g3 -DDEBUG -DUSE_HAL_DRIVER -DSTM32F103xB -DUSE_FULL_LL_DRIVER -c -I../Core/Inc -IC:/Users/arsen/STM32Cube/Repository/STM32Cube_FW_F1_V1.8.6/Drivers/STM32F1xx_HAL_Driver/Inc/Legacy -IC:/Users/arsen/STM32Cube/Repository/STM32Cube_FW_F1_V1.8.6/Drivers/STM32F1xx_HAL_Driver/Inc -IC:/Users/arsen/STM32Cube/Repository/STM32Cube_FW_F1_V1.8.6/Drivers/CMSIS/Device/ST/STM32F1xx/Include -IC:/Users/arsen/STM32Cube/Repository/STM32Cube_FW_F1_V1.8.6/Drivers/CMSIS/Include -I../USB_DEVICE/App -I../USB_DEVICE/Target -IC:/Users/arsen/STM32Cube/Repository/STM32Cube_FW_F1_V1.8.6/Middlewares/ST/STM32_USB_Device_Library/Core/Inc -IC:/Users/arsen/STM32Cube/Repository/STM32Cube_FW_F1_V1.8.6/Middlewares/ST/STM32_USB_Device_Library/Class/HID/Inc -O0 -ffunction-sections -fdata-sections -Wall -fstack-usage -fcyclomatic-complexity -MMD -MP -MF"Drivers/STM32F1xx_HAL_Driver/stm32f1xx_ll_rcc.d" -MT"Drivers/STM32F1xx_HAL_Driver/stm32f1xx_ll_rcc.o" --specs=nano.specs -mfloat-abi=soft -mthumb -o "Drivers/STM32F1xx_HAL_Driver/stm32f1xx_ll_rcc.o"
arm-none-eabi-gcc "C:/Users/arsen/STM32Cube/Repository/STM32Cube_FW_F1_V1.8.6/Drivers/STM32F1xx_HAL_Driver/Src/stm32f1xx_ll_usart.c" -mcpu=cortex-m3 -std=gnu11 -g3 -DDEBUG -DUSE_HAL_DRIVER -DSTM32F103xB -DUSE_FULL_LL_DRIVER -c -I../Core/Inc -IC:/Users/arsen/STM32Cube/Repository/STM32Cube_FW_F1_V1.8.6/Drivers/STM32F1xx_HAL_Driver/Inc/Legacy -IC:/Users/arsen/STM32Cube/Repository/STM32Cube_FW_F1_V1.8.6/Drivers/STM32F1xx_HAL_Driver/Inc -IC:/Users/arsen/STM32Cube/Repository/STM32Cube_FW_F1_V1.8.6/Drivers/CMSIS/Device/ST/STM32F1xx/Include -IC:/Users/arsen/STM32Cube/Repository/STM32Cube_FW_F1_V1.8.6/Drivers/CMSIS/Include -I../USB_DEVICE/App -I../USB_DEVICE/Target -IC:/Users/arsen/STM32Cube/Repository/STM32Cube_FW_F1_V1.8.6/Middlewares/ST/STM32_USB_Device_Library/Core/Inc -IC:/Users/arsen/STM32Cube/Repository/STM32Cube_FW_F1_V1.8.6/Middlewares/ST/STM32_USB_Device_Library/Class/HID/Inc -O0 -ffunction-sections -fdata-sections -Wall -fstack-usage -fcyclomatic-complexity -MMD -MP -MF"Drivers/STM32F1xx_HAL_Driver/stm32f1xx_ll_usart.d" -MT"Drivers/STM32F1xx_HAL_Driver/stm32f1xx_ll_usart.o" --specs=nano.specs -mfloat-abi=soft -mthumb -o "Drivers/STM32F1xx_HAL_Driver/stm32f1xx_ll_usart.o"
arm-none-eabi-gcc "C:/Users/arsen/STM32Cube/Repository/STM32Cube_FW_F1_V1.8.6/Drivers/STM32F1xx_HAL_Driver/Src/stm32f1xx_ll_usb.c" -mcpu=cortex-m3 -std=gnu11 -g3 -DDEBUG -DUSE_HAL_DRIVER -DSTM32F103xB -DUSE_FULL_LL_DRIVER -c -I../Core/Inc -IC:/Users/arsen/STM32Cube/Repository/STM32Cube_FW_F1_V1.8.6/Drivers/STM32F1xx_HAL_Driver/Inc/Legacy -IC:/Users/arsen/STM32Cube/Repository/STM32Cube_FW_F1_V1.8.6/Drivers/STM32F1xx_HAL_Driver/Inc -IC:/Users/arsen/STM32Cube/Repository/STM32Cube_FW_F1_V1.8.6/Drivers/CMSIS/Device/ST/STM32F1xx/Include -IC:/Users/arsen/STM32Cube/Repository/STM32Cube_FW_F1_V1.8.6/Drivers/CMSIS/Include -I../USB_DEVICE/App -I../USB_DEVICE/Target -IC:/Users/arsen/STM32Cube/Repository/STM32Cube_FW_F1_V1.8.6/Middlewares/ST/STM32_USB_Device_Library/Core/Inc -IC:/Users/arsen/STM32Cube/Repository/STM32Cube_FW_F1_V1.8.6/Middlewares/ST/STM32_USB_Device_Library/Class/HID/Inc -O0 -ffunction-sections -fdata-sections -Wall -fstack-usage -fcyclomatic-complexity -MMD -MP -MF"Drivers/STM32F1xx_HAL_Driver/stm32f1xx_ll_usb.d" -MT"Drivers/STM32F1xx_HAL_Driver/stm32f1xx_ll_usb.o" --specs=nano.specs -mfloat-abi=soft -mthumb -o "Drivers/STM32F1xx_HAL_Driver/stm32f1xx_ll_usb.o"
arm-none-eabi-gcc "C:/Users/arsen/STM32Cube/Repository/STM32Cube_FW_F1_V1.8.6/Drivers/STM32F1xx_HAL_Driver/Src/stm32f1xx_ll_utils.c" -mcpu=cortex-m3 -std=gnu11 -g3 -DDEBUG -DUSE_HAL_DRIVER -DSTM32F103xB -DUSE_FULL_LL_DRIVER -c -I../Core/Inc -IC:/Users/arsen/STM32Cube/Repository/STM32Cube_FW_F1_V1.8.6/Drivers/STM32F1xx_HAL_Driver/Inc/Legacy -IC:/Users/arsen/STM32Cube/Repository/STM32Cube_FW_F1_V1.8.6/Drivers/STM32F1xx_HAL_Driver/Inc -IC:/Users/arsen/STM32Cube/Repository/STM32Cube_FW_F1_V1.8.6/Drivers/CMSIS/Device/ST/STM32F1xx/Include -IC:/Users/arsen/STM32Cube/Repository/STM32Cube_FW_F1_V1.8.6/Drivers/CMSIS/Include -I../USB_DEVICE/App -I../USB_DEVICE/Target -IC:/Users/arsen/STM32Cube/Repository/STM32Cube_FW_F1_V1.8.6/Middlewares/ST/STM32_USB_Device_Library/Core/Inc -IC:/Users/arsen/STM32Cube/Repository/STM32Cube_FW_F1_V1.8.6/Middlewares/ST/STM32_USB_Device_Library/Class/HID/Inc -O0 -ffunction-sections -fdata-sections -Wall -fstack-usage -fcyclomatic-complexity -MMD -MP -MF"Drivers/STM32F1xx_HAL_Driver/stm32f1xx_ll_utils.d" -MT"Drivers/STM32F1xx_HAL_Driver/stm32f1xx_ll_utils.o" --specs=nano.specs -mfloat-abi=soft -mthumb -o "Drivers/STM32F1xx_HAL_Driver/stm32f1xx_ll_utils.o"
arm-none-eabi-gcc -mcpu=cortex-m3 -g3 -DDEBUG -c -x assembler-with-cpp -MMD -MP -MF"Core/Startup/startup_stm32f103c8tx.d" -MT"Core/Startup/startup_stm32f103c8tx.o" --specs=nano.specs -mfloat-abi=soft -mthumb -o "Core/Startup/startup_stm32f103c8tx.o" "../Core/Startup/startup_stm32f103c8tx.s"
arm-none-eabi-gcc "../Core/Src/UsartController.c" -mcpu=cortex-m3 -std=gnu11 -g3 -DDEBUG -DUSE_HAL_DRIVER -DSTM32F103xB -DUSE_FULL_LL_DRIVER -c -I../Core/Inc -IC:/Users/arsen/STM32Cube/Repository/STM32Cube_FW_F1_V1.8.6/Drivers/STM32F1xx_HAL_Driver/Inc/Legacy -IC:/Users/arsen/STM32Cube/Repository/STM32Cube_FW_F1_V1.8.6/Drivers/STM32F1xx_HAL_Driver/Inc -IC:/Users/arsen/STM32Cube/Repository/STM32Cube_FW_F1_V1.8.6/Drivers/CMSIS/Device/ST/STM32F1xx/Include -IC:/Users/arsen/STM32Cube/Repository/STM32Cube_FW_F1_V1.8.6/Drivers/CMSIS/Include -I../USB_DEVICE/App -I../USB_DEVICE/Target -IC:/Users/arsen/STM32Cube/Repository/STM32Cube_FW_F1_V1.8.6/Middlewares/ST/STM32_USB_Device_Library/Core/Inc -IC:/Users/arsen/STM32Cube/Repository/STM32Cube_FW_F1_V1.8.6/Middlewares/ST/STM32_USB_Device_Library/Class/HID/Inc -O0 -ffunction-sections -fdata-sections -Wall -fstack-usage -fcyclomatic-complexity -MMD -MP -MF"Core/Src/UsartController.d" -MT"Core/Src/UsartController.o" --specs=nano.specs -mfloat-abi=soft -mthumb -o "Core/Src/UsartController.o"
arm-none-eabi-gcc "../Core/Src/UsartRouter.c" -mcpu=cortex-m3 -std=gnu11 -g3 -DDEBUG -DUSE_HAL_DRIVER -DSTM32F103xB -DUSE_FULL_LL_DRIVER -c -I../Core/Inc -IC:/Users/arsen/STM32Cube/Repository/STM32Cube_FW_F1_V1.8.6/Drivers/STM32F1xx_HAL_Driver/Inc/Legacy -IC:/Users/arsen/STM32Cube/Repository/STM32Cube_FW_F1_V1.8.6/Drivers/STM32F1xx_HAL_Driver/Inc -IC:/Users/arsen/STM32Cube/Repository/STM32Cube_FW_F1_V1.8.6/Drivers/CMSIS/Device/ST/STM32F1xx/Include -IC:/Users/arsen/STM32Cube/Repository/STM32Cube_FW_F1_V1.8.6/Drivers/CMSIS/Include -I../USB_DEVICE/App -I../USB_DEVICE/Target -IC:/Users/arsen/STM32Cube/Repository/STM32Cube_FW_F1_V1.8.6/Middlewares/ST/STM32_USB_Device_Library/Core/Inc -IC:/Users/arsen/STM32Cube/Repository/STM32Cube_FW_F1_V1.8.6/Middlewares/ST/STM32_USB_Device_Library/Class/HID/Inc -O0 -ffunction-sections -fdata-sections -Wall -fstack-usage -fcyclomatic-complexity -MMD -MP -MF"Core/Src/UsartRouter.d" -MT"Core/Src/UsartRouter.o" --specs=nano.specs -mfloat-abi=soft -mthumb -o "Core/Src/UsartRouter.o"
In file included from ../Core/Src/UsartController.c:8:
../Core/Inc/UsartController.h:14:9: error: unknown type name 'uint8_t'
   14 |         uint8_t header;
      |         ^~~~~~~
../Core/Inc/UsartController.h:15:9: error: unknown type name 'uint8_t'
   15 |         uint8_t device;
      |         ^~~~~~~
../Core/Inc/UsartController.h:16:9: error: unknown type name 'uint8_t'
   16 |         uint8_t command;
      |         ^~~~~~~
../Core/Inc/UsartController.h:17:9: error: unknown type name 'uint8_t'
   17 |         uint8_t length;
      |         ^~~~~~~
../Core/Inc/UsartController.h:18:9: error: unknown type name 'uint8_t'
   18 |         uint8_t data[32];
      |         ^~~~~~~
../Core/Inc/UsartController.h:19:9: error: unknown type name 'uint8_t'
   19 |         uint8_t crc8;
      |         ^~~~~~~
../Core/Inc/UsartController.h:23:9: error: unknown type name 'uint8_t'
   23 |         uint8_t header;
      |         ^~~~~~~
../Core/Inc/UsartController.h:24:9: error: unknown type name 'uint8_t'
   24 |         uint8_t data;
      |         ^~~~~~~
../Core/Inc/UsartController.h:25:9: error: unknown type name 'uint8_t'
   25 |         uint8_t crc8;
      |         ^~~~~~~
../Core/Inc/UsartController.h:28:1: error: unknown type name 'uint8_t'
   28 | uint8_t flag = 0;
      | ^~~~~~~
../Core/Inc/UsartController.h:12:1: note: 'uint8_t' is defined in header '<stdint.h>'; did you forget to '#include <stdint.h>'?
   11 | #include "UsartDataConfig.h"
  +++ |+#include <stdint.h>
   12 | 
../Core/Inc/UsartController.h:29:1: error: unknown type name 'uint8_t'
   29 | uint8_t length = 0;
      | ^~~~~~~
../Core/Inc/UsartController.h:29:1: note: 'uint8_t' is defined in header '<stdint.h>'; did you forget to '#include <stdint.h>'?
../Core/Inc/UsartController.h:30:1: error: unknown type name 'uint8_t'
   30 | uint8_t parsedData = 0;
      | ^~~~~~~
../Core/Inc/UsartController.h:30:1: note: 'uint8_t' is defined in header '<stdint.h>'; did you forget to '#include <stdint.h>'?
../Core/Inc/UsartController.h:31:1: error: unknown type name 'uint8_t'
   31 | uint8_t buffer[32] = {HEADER, };
      | ^~~~~~~
../Core/Inc/UsartController.h:31:1: note: 'uint8_t' is defined in header '<stdint.h>'; did you forget to '#include <stdint.h>'?
../Core/Src/UsartController.c: In function 'UsartCallback':
../Core/Src/UsartController.c:12:9: error: unknown type name 'uint8_t'
   12 |         uint8_t byte = USART1->DR;
      |         ^~~~~~~
../Core/Src/UsartController.c:10:1: note: 'uint8_t' is defined in header '<stdint.h>'; did you forget to '#include <stdint.h>'?
    9 | #include "UsartRouter.h"
  +++ |+#include <stdint.h>
   10 | 
../Core/Src/UsartController.c:12:24: error: 'USART1' undeclared (first use in this function)
   12 |         uint8_t byte = USART1->DR;
      |                        ^~~~~~
../Core/Src/UsartController.c:12:24: note: each undeclared identifier is reported only once for each function it appears in
../Core/Src/UsartController.c:18:42: warning: initialization of 'RxData *' from incompatible pointer type 'int (*)[32]' [-Wincompatible-pointer-types]
   18 |                         RxData *rxdata = &buffer;
      |                                          ^
In file included from ../Core/Inc/UsartRouter.h:12,
                 from ../Core/Src/UsartRouter.c:8:
../Core/Inc/UsartController.h:14:9: error: unknown type name 'uint8_t'
   14 |         uint8_t header;
      |         ^~~~~~~
../Core/Inc/UsartController.h:15:9: error: unknown type name 'uint8_t'
   15 |         uint8_t device;
      |         ^~~~~~~
../Core/Inc/UsartController.h:16:9: error: unknown type name 'uint8_t'
   16 |         uint8_t command;
      |         ^~~~~~~
../Core/Inc/UsartController.h:17:9: error: unknown type name 'uint8_t'
   17 |         uint8_t length;
      |         ^~~~~~~
../Core/Inc/UsartController.h:18:9: error: unknown type name 'uint8_t'
   18 |         uint8_t data[32];
      |         ^~~~~~~
../Core/Inc/UsartController.h:19:9: error: unknown type name 'uint8_t'
   19 |         uint8_t crc8;
      |         ^~~~~~~
../Core/Inc/UsartController.h:23:9: error: unknown type name 'uint8_t'
   23 |         uint8_t header;
      |         ^~~~~~~
../Core/Inc/UsartController.h:24:9: error: unknown type name 'uint8_t'
   24 |         uint8_t data;
      |         ^~~~~~~
../Core/Inc/UsartController.h:25:9: error: unknown type name 'uint8_t'
   25 |         uint8_t crc8;
      |         ^~~~~~~
../Core/Inc/UsartController.h:28:1: error: unknown type name 'uint8_t'
   28 | uint8_t flag = 0;
      | ^~~~~~~
../Core/Inc/UsartController.h:12:1: note: 'uint8_t' is defined in header '<stdint.h>'; did you forget to '#include <stdint.h>'?
   11 | #include "UsartDataConfig.h"
  +++ |+#include <stdint.h>
   12 | 
../Core/Inc/UsartController.h:29:1: error: unknown type name 'uint8_t'
   29 | uint8_t length = 0;
      | ^~~~~~~
../Core/Inc/UsartController.h:29:1: note: 'uint8_t' is defined in header '<stdint.h>'; did you forget to '#include <stdint.h>'?
../Core/Inc/UsartController.h:30:1: error: unknown type name 'uint8_t'
   30 | uint8_t parsedData = 0;
      | ^~~~~~~
../Core/Inc/UsartController.h:30:1: note: 'uint8_t' is defined in header '<stdint.h>'; did you forget to '#include <stdint.h>'?
../Core/Inc/UsartController.h:31:1: error: unknown type name 'uint8_t'
   31 | uint8_t buffer[32] = {HEADER, };
      | ^~~~~~~
../Core/Inc/UsartController.h:31:1: note: 'uint8_t' is defined in header '<stdint.h>'; did you forget to '#include <stdint.h>'?
In file included from ../Core/Src/UsartRouter.c:9:
../Core/Inc/crc8.h:12:1: error: unknown type name 'uint8_t'
   12 | uint8_t crc8(uint8_t *buffer, uint8_t size) {
      | ^~~~~~~
../Core/Inc/crc8.h:1:1: note: 'uint8_t' is defined in header '<stdint.h>'; did you forget to '#include <stdint.h>'?
  +++ |+#include <stdint.h>
    1 | /*
../Core/Inc/crc8.h:12:14: error: unknown type name 'uint8_t'
   12 | uint8_t crc8(uint8_t *buffer, uint8_t size) {
      |              ^~~~~~~
../Core/Inc/crc8.h:12:14: note: 'uint8_t' is defined in header '<stdint.h>'; did you forget to '#include <stdint.h>'?
../Core/Inc/crc8.h:12:31: error: unknown type name 'uint8_t'
   12 | uint8_t crc8(uint8_t *buffer, uint8_t size) {
      |                               ^~~~~~~
../Core/Inc/crc8.h:12:31: note: 'uint8_t' is defined in header '<stdint.h>'; did you forget to '#include <stdint.h>'?
../Core/Src/UsartRouter.c: In function 'ParsingData':
../Core/Src/UsartRouter.c:15:28: warning: implicit declaration of function 'crc8' [-Wimplicit-function-declaration]
   15 |                         if(crc8(rxdata, sizeof(rxdata)-1) == rxdata->crc8){
      |                            ^~~~
make: *** [Core/Src/subdir.mk:46: Core/Src/UsartController.o] Error 1
make: *** Waiting for unfinished jobs....
make: *** [Core/Src/subdir.mk:46: Core/Src/UsartRouter.o] Error 1
"make -j16 all" terminated with exit code 2. Build might be incomplete.
14:40:54 **** Incremental Build of configuration Debug for project STM32F103HidDeviceEmulator ****
make -j16 all 
arm-none-eabi-gcc "../Core/Src/UsartController.c" -mcpu=cortex-m3 -std=gnu11 -g3 -DDEBUG -DUSE_HAL_DRIVER -DSTM32F103xB -DUSE_FULL_LL_DRIVER -c -I../Core/Inc -IC:/Users/arsen/STM32Cube/Repository/STM32Cube_FW_F1_V1.8.6/Drivers/STM32F1xx_HAL_Driver/Inc/Legacy -IC:/Users/arsen/STM32Cube/Repository/STM32Cube_FW_F1_V1.8.6/Drivers/STM32F1xx_HAL_Driver/Inc -IC:/Users/arsen/STM32Cube/Repository/STM32Cube_FW_F1_V1.8.6/Drivers/CMSIS/Device/ST/STM32F1xx/Include -IC:/Users/arsen/STM32Cube/Repository/STM32Cube_FW_F1_V1.8.6/Drivers/CMSIS/Include -I../USB_DEVICE/App -I../USB_DEVICE/Target -IC:/Users/arsen/STM32Cube/Repository/STM32Cube_FW_F1_V1.8.6/Middlewares/ST/STM32_USB_Device_Library/Core/Inc -IC:/Users/arsen/STM32Cube/Repository/STM32Cube_FW_F1_V1.8.6/Middlewares/ST/STM32_USB_Device_Library/Class/HID/Inc -O0 -ffunction-sections -fdata-sections -Wall -fstack-usage -fcyclomatic-complexity -MMD -MP -MF"Core/Src/UsartController.d" -MT"Core/Src/UsartController.o" --specs=nano.specs -mfloat-abi=soft -mthumb -o "Core/Src/UsartController.o"
arm-none-eabi-gcc "../Core/Src/UsartRouter.c" -mcpu=cortex-m3 -std=gnu11 -g3 -DDEBUG -DUSE_HAL_DRIVER -DSTM32F103xB -DUSE_FULL_LL_DRIVER -c -I../Core/Inc -IC:/Users/arsen/STM32Cube/Repository/STM32Cube_FW_F1_V1.8.6/Drivers/STM32F1xx_HAL_Driver/Inc/Legacy -IC:/Users/arsen/STM32Cube/Repository/STM32Cube_FW_F1_V1.8.6/Drivers/STM32F1xx_HAL_Driver/Inc -IC:/Users/arsen/STM32Cube/Repository/STM32Cube_FW_F1_V1.8.6/Drivers/CMSIS/Device/ST/STM32F1xx/Include -IC:/Users/arsen/STM32Cube/Repository/STM32Cube_FW_F1_V1.8.6/Drivers/CMSIS/Include -I../USB_DEVICE/App -I../USB_DEVICE/Target -IC:/Users/arsen/STM32Cube/Repository/STM32Cube_FW_F1_V1.8.6/Middlewares/ST/STM32_USB_Device_Library/Core/Inc -IC:/Users/arsen/STM32Cube/Repository/STM32Cube_FW_F1_V1.8.6/Middlewares/ST/STM32_USB_Device_Library/Class/HID/Inc -O0 -ffunction-sections -fdata-sections -Wall -fstack-usage -fcyclomatic-complexity -MMD -MP -MF"Core/Src/UsartRouter.d" -MT"Core/Src/UsartRouter.o" --specs=nano.specs -mfloat-abi=soft -mthumb -o "Core/Src/UsartRouter.o"
arm-none-eabi-gcc "../Core/Src/gpio.c" -mcpu=cortex-m3 -std=gnu11 -g3 -DDEBUG -DUSE_HAL_DRIVER -DSTM32F103xB -DUSE_FULL_LL_DRIVER -c -I../Core/Inc -IC:/Users/arsen/STM32Cube/Repository/STM32Cube_FW_F1_V1.8.6/Drivers/STM32F1xx_HAL_Driver/Inc/Legacy -IC:/Users/arsen/STM32Cube/Repository/STM32Cube_FW_F1_V1.8.6/Drivers/STM32F1xx_HAL_Driver/Inc -IC:/Users/arsen/STM32Cube/Repository/STM32Cube_FW_F1_V1.8.6/Drivers/CMSIS/Device/ST/STM32F1xx/Include -IC:/Users/arsen/STM32Cube/Repository/STM32Cube_FW_F1_V1.8.6/Drivers/CMSIS/Include -I../USB_DEVICE/App -I../USB_DEVICE/Target -IC:/Users/arsen/STM32Cube/Repository/STM32Cube_FW_F1_V1.8.6/Middlewares/ST/STM32_USB_Device_Library/Core/Inc -IC:/Users/arsen/STM32Cube/Repository/STM32Cube_FW_F1_V1.8.6/Middlewares/ST/STM32_USB_Device_Library/Class/HID/Inc -O0 -ffunction-sections -fdata-sections -Wall -fstack-usage -fcyclomatic-complexity -MMD -MP -MF"Core/Src/gpio.d" -MT"Core/Src/gpio.o" --specs=nano.specs -mfloat-abi=soft -mthumb -o "Core/Src/gpio.o"
arm-none-eabi-gcc "../Core/Src/main.c" -mcpu=cortex-m3 -std=gnu11 -g3 -DDEBUG -DUSE_HAL_DRIVER -DSTM32F103xB -DUSE_FULL_LL_DRIVER -c -I../Core/Inc -IC:/Users/arsen/STM32Cube/Repository/STM32Cube_FW_F1_V1.8.6/Drivers/STM32F1xx_HAL_Driver/Inc/Legacy -IC:/Users/arsen/STM32Cube/Repository/STM32Cube_FW_F1_V1.8.6/Drivers/STM32F1xx_HAL_Driver/Inc -IC:/Users/arsen/STM32Cube/Repository/STM32Cube_FW_F1_V1.8.6/Drivers/CMSIS/Device/ST/STM32F1xx/Include -IC:/Users/arsen/STM32Cube/Repository/STM32Cube_FW_F1_V1.8.6/Drivers/CMSIS/Include -I../USB_DEVICE/App -I../USB_DEVICE/Target -IC:/Users/arsen/STM32Cube/Repository/STM32Cube_FW_F1_V1.8.6/Middlewares/ST/STM32_USB_Device_Library/Core/Inc -IC:/Users/arsen/STM32Cube/Repository/STM32Cube_FW_F1_V1.8.6/Middlewares/ST/STM32_USB_Device_Library/Class/HID/Inc -O0 -ffunction-sections -fdata-sections -Wall -fstack-usage -fcyclomatic-complexity -MMD -MP -MF"Core/Src/main.d" -MT"Core/Src/main.o" --specs=nano.specs -mfloat-abi=soft -mthumb -o "Core/Src/main.o"
arm-none-eabi-gcc "../Core/Src/stm32f1xx_hal_msp.c" -mcpu=cortex-m3 -std=gnu11 -g3 -DDEBUG -DUSE_HAL_DRIVER -DSTM32F103xB -DUSE_FULL_LL_DRIVER -c -I../Core/Inc -IC:/Users/arsen/STM32Cube/Repository/STM32Cube_FW_F1_V1.8.6/Drivers/STM32F1xx_HAL_Driver/Inc/Legacy -IC:/Users/arsen/STM32Cube/Repository/STM32Cube_FW_F1_V1.8.6/Drivers/STM32F1xx_HAL_Driver/Inc -IC:/Users/arsen/STM32Cube/Repository/STM32Cube_FW_F1_V1.8.6/Drivers/CMSIS/Device/ST/STM32F1xx/Include -IC:/Users/arsen/STM32Cube/Repository/STM32Cube_FW_F1_V1.8.6/Drivers/CMSIS/Include -I../USB_DEVICE/App -I../USB_DEVICE/Target -IC:/Users/arsen/STM32Cube/Repository/STM32Cube_FW_F1_V1.8.6/Middlewares/ST/STM32_USB_Device_Library/Core/Inc -IC:/Users/arsen/STM32Cube/Repository/STM32Cube_FW_F1_V1.8.6/Middlewares/ST/STM32_USB_Device_Library/Class/HID/Inc -O0 -ffunction-sections -fdata-sections -Wall -fstack-usage -fcyclomatic-complexity -MMD -MP -MF"Core/Src/stm32f1xx_hal_msp.d" -MT"Core/Src/stm32f1xx_hal_msp.o" --specs=nano.specs -mfloat-abi=soft -mthumb -o "Core/Src/stm32f1xx_hal_msp.o"
arm-none-eabi-gcc "../Core/Src/stm32f1xx_it.c" -mcpu=cortex-m3 -std=gnu11 -g3 -DDEBUG -DUSE_HAL_DRIVER -DSTM32F103xB -DUSE_FULL_LL_DRIVER -c -I../Core/Inc -IC:/Users/arsen/STM32Cube/Repository/STM32Cube_FW_F1_V1.8.6/Drivers/STM32F1xx_HAL_Driver/Inc/Legacy -IC:/Users/arsen/STM32Cube/Repository/STM32Cube_FW_F1_V1.8.6/Drivers/STM32F1xx_HAL_Driver/Inc -IC:/Users/arsen/STM32Cube/Repository/STM32Cube_FW_F1_V1.8.6/Drivers/CMSIS/Device/ST/STM32F1xx/Include -IC:/Users/arsen/STM32Cube/Repository/STM32Cube_FW_F1_V1.8.6/Drivers/CMSIS/Include -I../USB_DEVICE/App -I../USB_DEVICE/Target -IC:/Users/arsen/STM32Cube/Repository/STM32Cube_FW_F1_V1.8.6/Middlewares/ST/STM32_USB_Device_Library/Core/Inc -IC:/Users/arsen/STM32Cube/Repository/STM32Cube_FW_F1_V1.8.6/Middlewares/ST/STM32_USB_Device_Library/Class/HID/Inc -O0 -ffunction-sections -fdata-sections -Wall -fstack-usage -fcyclomatic-complexity -MMD -MP -MF"Core/Src/stm32f1xx_it.d" -MT"Core/Src/stm32f1xx_it.o" --specs=nano.specs -mfloat-abi=soft -mthumb -o "Core/Src/stm32f1xx_it.o"
arm-none-eabi-gcc "../Core/Src/syscalls.c" -mcpu=cortex-m3 -std=gnu11 -g3 -DDEBUG -DUSE_HAL_DRIVER -DSTM32F103xB -DUSE_FULL_LL_DRIVER -c -I../Core/Inc -IC:/Users/arsen/STM32Cube/Repository/STM32Cube_FW_F1_V1.8.6/Drivers/STM32F1xx_HAL_Driver/Inc/Legacy -IC:/Users/arsen/STM32Cube/Repository/STM32Cube_FW_F1_V1.8.6/Drivers/STM32F1xx_HAL_Driver/Inc -IC:/Users/arsen/STM32Cube/Repository/STM32Cube_FW_F1_V1.8.6/Drivers/CMSIS/Device/ST/STM32F1xx/Include -IC:/Users/arsen/STM32Cube/Repository/STM32Cube_FW_F1_V1.8.6/Drivers/CMSIS/Include -I../USB_DEVICE/App -I../USB_DEVICE/Target -IC:/Users/arsen/STM32Cube/Repository/STM32Cube_FW_F1_V1.8.6/Middlewares/ST/STM32_USB_Device_Library/Core/Inc -IC:/Users/arsen/STM32Cube/Repository/STM32Cube_FW_F1_V1.8.6/Middlewares/ST/STM32_USB_Device_Library/Class/HID/Inc -O0 -ffunction-sections -fdata-sections -Wall -fstack-usage -fcyclomatic-complexity -MMD -MP -MF"Core/Src/syscalls.d" -MT"Core/Src/syscalls.o" --specs=nano.specs -mfloat-abi=soft -mthumb -o "Core/Src/syscalls.o"
arm-none-eabi-gcc "../Core/Src/sysmem.c" -mcpu=cortex-m3 -std=gnu11 -g3 -DDEBUG -DUSE_HAL_DRIVER -DSTM32F103xB -DUSE_FULL_LL_DRIVER -c -I../Core/Inc -IC:/Users/arsen/STM32Cube/Repository/STM32Cube_FW_F1_V1.8.6/Drivers/STM32F1xx_HAL_Driver/Inc/Legacy -IC:/Users/arsen/STM32Cube/Repository/STM32Cube_FW_F1_V1.8.6/Drivers/STM32F1xx_HAL_Driver/Inc -IC:/Users/arsen/STM32Cube/Repository/STM32Cube_FW_F1_V1.8.6/Drivers/CMSIS/Device/ST/STM32F1xx/Include -IC:/Users/arsen/STM32Cube/Repository/STM32Cube_FW_F1_V1.8.6/Drivers/CMSIS/Include -I../USB_DEVICE/App -I../USB_DEVICE/Target -IC:/Users/arsen/STM32Cube/Repository/STM32Cube_FW_F1_V1.8.6/Middlewares/ST/STM32_USB_Device_Library/Core/Inc -IC:/Users/arsen/STM32Cube/Repository/STM32Cube_FW_F1_V1.8.6/Middlewares/ST/STM32_USB_Device_Library/Class/HID/Inc -O0 -ffunction-sections -fdata-sections -Wall -fstack-usage -fcyclomatic-complexity -MMD -MP -MF"Core/Src/sysmem.d" -MT"Core/Src/sysmem.o" --specs=nano.specs -mfloat-abi=soft -mthumb -o "Core/Src/sysmem.o"
arm-none-eabi-gcc "../Core/Src/system_stm32f1xx.c" -mcpu=cortex-m3 -std=gnu11 -g3 -DDEBUG -DUSE_HAL_DRIVER -DSTM32F103xB -DUSE_FULL_LL_DRIVER -c -I../Core/Inc -IC:/Users/arsen/STM32Cube/Repository/STM32Cube_FW_F1_V1.8.6/Drivers/STM32F1xx_HAL_Driver/Inc/Legacy -IC:/Users/arsen/STM32Cube/Repository/STM32Cube_FW_F1_V1.8.6/Drivers/STM32F1xx_HAL_Driver/Inc -IC:/Users/arsen/STM32Cube/Repository/STM32Cube_FW_F1_V1.8.6/Drivers/CMSIS/Device/ST/STM32F1xx/Include -IC:/Users/arsen/STM32Cube/Repository/STM32Cube_FW_F1_V1.8.6/Drivers/CMSIS/Include -I../USB_DEVICE/App -I../USB_DEVICE/Target -IC:/Users/arsen/STM32Cube/Repository/STM32Cube_FW_F1_V1.8.6/Middlewares/ST/STM32_USB_Device_Library/Core/Inc -IC:/Users/arsen/STM32Cube/Repository/STM32Cube_FW_F1_V1.8.6/Middlewares/ST/STM32_USB_Device_Library/Class/HID/Inc -O0 -ffunction-sections -fdata-sections -Wall -fstack-usage -fcyclomatic-complexity -MMD -MP -MF"Core/Src/system_stm32f1xx.d" -MT"Core/Src/system_stm32f1xx.o" --specs=nano.specs -mfloat-abi=soft -mthumb -o "Core/Src/system_stm32f1xx.o"
arm-none-eabi-gcc "../Core/Src/usart.c" -mcpu=cortex-m3 -std=gnu11 -g3 -DDEBUG -DUSE_HAL_DRIVER -DSTM32F103xB -DUSE_FULL_LL_DRIVER -c -I../Core/Inc -IC:/Users/arsen/STM32Cube/Repository/STM32Cube_FW_F1_V1.8.6/Drivers/STM32F1xx_HAL_Driver/Inc/Legacy -IC:/Users/arsen/STM32Cube/Repository/STM32Cube_FW_F1_V1.8.6/Drivers/STM32F1xx_HAL_Driver/Inc -IC:/Users/arsen/STM32Cube/Repository/STM32Cube_FW_F1_V1.8.6/Drivers/CMSIS/Device/ST/STM32F1xx/Include -IC:/Users/arsen/STM32Cube/Repository/STM32Cube_FW_F1_V1.8.6/Drivers/CMSIS/Include -I../USB_DEVICE/App -I../USB_DEVICE/Target -IC:/Users/arsen/STM32Cube/Repository/STM32Cube_FW_F1_V1.8.6/Middlewares/ST/STM32_USB_Device_Library/Core/Inc -IC:/Users/arsen/STM32Cube/Repository/STM32Cube_FW_F1_V1.8.6/Middlewares/ST/STM32_USB_Device_Library/Class/HID/Inc -O0 -ffunction-sections -fdata-sections -Wall -fstack-usage -fcyclomatic-complexity -MMD -MP -MF"Core/Src/usart.d" -MT"Core/Src/usart.o" --specs=nano.specs -mfloat-abi=soft -mthumb -o "Core/Src/usart.o"
../Core/Src/UsartController.c: In function 'UsartCallback':
../Core/Src/UsartController.c:18:42: warning: initialization of 'RxData *' from incompatible pointer type 'uint8_t (*)[32]' {aka 'unsigned char (*)[32]'} [-Wincompatible-pointer-types]
   18 |                         RxData *rxdata = &buffer;
      |                                          ^
../Core/Src/UsartRouter.c: In function 'ParsingData':
../Core/Src/UsartRouter.c:15:33: warning: passing argument 1 of 'crc8' from incompatible pointer type [-Wincompatible-pointer-types]
   15 |                         if(crc8(rxdata, sizeof(rxdata)-1) == rxdata->crc8){
      |                                 ^~~~~~
      |                                 |
      |                                 RxData *
In file included from ../Core/Src/UsartRouter.c:9:
../Core/Inc/crc8.h:12:23: note: expected 'uint8_t *' {aka 'unsigned char *'} but argument is of type 'RxData *'
   12 | uint8_t crc8(uint8_t *buffer, uint8_t size) {
      |              ~~~~~~~~~^~~~~~
arm-none-eabi-gcc -o "STM32F103HidDeviceEmulator.elf" @"objects.list"   -mcpu=cortex-m3 -T"C:\myprojects\Stm32\UsbDeviceHacker\STM32F103HidDeviceEmulator\STM32F103C8TX_FLASH.ld" --specs=nosys.specs -Wl,-Map="STM32F103HidDeviceEmulator.map" -Wl,--gc-sections -static --specs=nano.specs -mfloat-abi=soft -mthumb -Wl,--start-group -lc -lm -Wl,--end-group
C:/ST/STM32CubeIDE_1.16.1/STM32CubeIDE/plugins/com.st.stm32cube.ide.mcu.externaltools.gnu-tools-for-stm32.12.3.rel1.win32_1.0.200.202406191623/tools/bin/../lib/gcc/arm-none-eabi/12.3.1/../../../../arm-none-eabi/bin/ld.exe: ./Core/Src/UsartRouter.o:C:/myprojects/Stm32/UsbDeviceHacker/STM32F103HidDeviceEmulator/Debug/../Core/Inc/UsartController.h:29: multiple definition of `flag'; ./Core/Src/UsartController.o:C:/myprojects/Stm32/UsbDeviceHacker/STM32F103HidDeviceEmulator/Debug/../Core/Inc/UsartController.h:29: first defined here
C:/ST/STM32CubeIDE_1.16.1/STM32CubeIDE/plugins/com.st.stm32cube.ide.mcu.externaltools.gnu-tools-for-stm32.12.3.rel1.win32_1.0.200.202406191623/tools/bin/../lib/gcc/arm-none-eabi/12.3.1/../../../../arm-none-eabi/bin/ld.exe: ./Core/Src/UsartRouter.o:C:/myprojects/Stm32/UsbDeviceHacker/STM32F103HidDeviceEmulator/Debug/../Core/Inc/UsartController.h:30: multiple definition of `length'; ./Core/Src/UsartController.o:C:/myprojects/Stm32/UsbDeviceHacker/STM32F103HidDeviceEmulator/Debug/../Core/Inc/UsartController.h:30: first defined here
C:/ST/STM32CubeIDE_1.16.1/STM32CubeIDE/plugins/com.st.stm32cube.ide.mcu.externaltools.gnu-tools-for-stm32.12.3.rel1.win32_1.0.200.202406191623/tools/bin/../lib/gcc/arm-none-eabi/12.3.1/../../../../arm-none-eabi/bin/ld.exe: ./Core/Src/UsartRouter.o:C:/myprojects/Stm32/UsbDeviceHacker/STM32F103HidDeviceEmulator/Debug/../Core/Inc/UsartController.h:31: multiple definition of `parsedData'; ./Core/Src/UsartController.o:C:/myprojects/Stm32/UsbDeviceHacker/STM32F103HidDeviceEmulator/Debug/../Core/Inc/UsartController.h:31: first defined here
C:/ST/STM32CubeIDE_1.16.1/STM32CubeIDE/plugins/com.st.stm32cube.ide.mcu.externaltools.gnu-tools-for-stm32.12.3.rel1.win32_1.0.200.202406191623/tools/bin/../lib/gcc/arm-none-eabi/12.3.1/../../../../arm-none-eabi/bin/ld.exe: ./Core/Src/UsartRouter.o:C:/myprojects/Stm32/UsbDeviceHacker/STM32F103HidDeviceEmulator/Debug/../Core/Inc/UsartController.h:32: multiple definition of `buffer'; ./Core/Src/UsartController.o:C:/myprojects/Stm32/UsbDeviceHacker/STM32F103HidDeviceEmulator/Debug/../Core/Inc/UsartController.h:32: first defined here
C:/ST/STM32CubeIDE_1.16.1/STM32CubeIDE/plugins/com.st.stm32cube.ide.mcu.externaltools.gnu-tools-for-stm32.12.3.rel1.win32_1.0.200.202406191623/tools/bin/../lib/gcc/arm-none-eabi/12.3.1/../../../../arm-none-eabi/bin/ld.exe: ./Core/Src/stm32f1xx_it.o:C:/myprojects/Stm32/UsbDeviceHacker/STM32F103HidDeviceEmulator/Debug/../Core/Inc/UsartController.h:29: multiple definition of `flag'; ./Core/Src/UsartController.o:C:/myprojects/Stm32/UsbDeviceHacker/STM32F103HidDeviceEmulator/Debug/../Core/Inc/UsartController.h:29: first defined here
C:/ST/STM32CubeIDE_1.16.1/STM32CubeIDE/plugins/com.st.stm32cube.ide.mcu.externaltools.gnu-tools-for-stm32.12.3.rel1.win32_1.0.200.202406191623/tools/bin/../lib/gcc/arm-none-eabi/12.3.1/../../../../arm-none-eabi/bin/ld.exe: ./Core/Src/stm32f1xx_it.o:C:/myprojects/Stm32/UsbDeviceHacker/STM32F103HidDeviceEmulator/Debug/../Core/Inc/UsartController.h:30: multiple definition of `length'; ./Core/Src/UsartController.o:C:/myprojects/Stm32/UsbDeviceHacker/STM32F103HidDeviceEmulator/Debug/../Core/Inc/UsartController.h:30: first defined here
C:/ST/STM32CubeIDE_1.16.1/STM32CubeIDE/plugins/com.st.stm32cube.ide.mcu.externaltools.gnu-tools-for-stm32.12.3.rel1.win32_1.0.200.202406191623/tools/bin/../lib/gcc/arm-none-eabi/12.3.1/../../../../arm-none-eabi/bin/ld.exe: ./Core/Src/stm32f1xx_it.o:C:/myprojects/Stm32/UsbDeviceHacker/STM32F103HidDeviceEmulator/Debug/../Core/Inc/UsartController.h:31: multiple definition of `parsedData'; ./Core/Src/UsartController.o:C:/myprojects/Stm32/UsbDeviceHacker/STM32F103HidDeviceEmulator/Debug/../Core/Inc/UsartController.h:31: first defined here
C:/ST/STM32CubeIDE_1.16.1/STM32CubeIDE/plugins/com.st.stm32cube.ide.mcu.externaltools.gnu-tools-for-stm32.12.3.rel1.win32_1.0.200.202406191623/tools/bin/../lib/gcc/arm-none-eabi/12.3.1/../../../../arm-none-eabi/bin/ld.exe: ./Core/Src/stm32f1xx_it.o:C:/myprojects/Stm32/UsbDeviceHacker/STM32F103HidDeviceEmulator/Debug/../Core/Inc/UsartController.h:32: multiple definition of `buffer'; ./Core/Src/UsartController.o:C:/myprojects/Stm32/UsbDeviceHacker/STM32F103HidDeviceEmulator/Debug/../Core/Inc/UsartController.h:32: first defined here
collect2.exe: error: ld returned 1 exit status
make: *** [makefile:67: STM32F103HidDeviceEmulator.elf] Error 1
"make -j16 all" terminated with exit code 2. Build might be incomplete.
14:41:24 **** Incremental Build of configuration Debug for project STM32F103HidDeviceEmulator ****
make -j16 all 
arm-none-eabi-gcc "../Core/Src/UsartRouter.c" -mcpu=cortex-m3 -std=gnu11 -g3 -DDEBUG -DUSE_HAL_DRIVER -DSTM32F103xB -DUSE_FULL_LL_DRIVER -c -I../Core/Inc -IC:/Users/arsen/STM32Cube/Repository/STM32Cube_FW_F1_V1.8.6/Drivers/STM32F1xx_HAL_Driver/Inc/Legacy -IC:/Users/arsen/STM32Cube/Repository/STM32Cube_FW_F1_V1.8.6/Drivers/STM32F1xx_HAL_Driver/Inc -IC:/Users/arsen/STM32Cube/Repository/STM32Cube_FW_F1_V1.8.6/Drivers/CMSIS/Device/ST/STM32F1xx/Include -IC:/Users/arsen/STM32Cube/Repository/STM32Cube_FW_F1_V1.8.6/Drivers/CMSIS/Include -I../USB_DEVICE/App -I../USB_DEVICE/Target -IC:/Users/arsen/STM32Cube/Repository/STM32Cube_FW_F1_V1.8.6/Middlewares/ST/STM32_USB_Device_Library/Core/Inc -IC:/Users/arsen/STM32Cube/Repository/STM32Cube_FW_F1_V1.8.6/Middlewares/ST/STM32_USB_Device_Library/Class/HID/Inc -O0 -ffunction-sections -fdata-sections -Wall -fstack-usage -fcyclomatic-complexity -MMD -MP -MF"Core/Src/UsartRouter.d" -MT"Core/Src/UsartRouter.o" --specs=nano.specs -mfloat-abi=soft -mthumb -o "Core/Src/UsartRouter.o"
../Core/Src/UsartRouter.c: In function 'ParsingData':
../Core/Src/UsartRouter.c:15:33: warning: passing argument 1 of 'crc8' from incompatible pointer type [-Wincompatible-pointer-types]
   15 |                         if(crc8(rxdata, sizeof(rxdata)-1) == rxdata->crc8){
      |                                 ^~~~~~
      |                                 |
      |                                 RxData *
In file included from ../Core/Src/UsartRouter.c:9:
../Core/Inc/crc8.h:13:23: note: expected 'uint8_t *' {aka 'unsigned char *'} but argument is of type 'RxData *'
   13 | uint8_t crc8(uint8_t *buffer, uint8_t size) {
      |              ~~~~~~~~~^~~~~~
arm-none-eabi-gcc -o "STM32F103HidDeviceEmulator.elf" @"objects.list"   -mcpu=cortex-m3 -T"C:\myprojects\Stm32\UsbDeviceHacker\STM32F103HidDeviceEmulator\STM32F103C8TX_FLASH.ld" --specs=nosys.specs -Wl,-Map="STM32F103HidDeviceEmulator.map" -Wl,--gc-sections -static --specs=nano.specs -mfloat-abi=soft -mthumb -Wl,--start-group -lc -lm -Wl,--end-group
C:/ST/STM32CubeIDE_1.16.1/STM32CubeIDE/plugins/com.st.stm32cube.ide.mcu.externaltools.gnu-tools-for-stm32.12.3.rel1.win32_1.0.200.202406191623/tools/bin/../lib/gcc/arm-none-eabi/12.3.1/../../../../arm-none-eabi/bin/ld.exe: ./Core/Src/UsartRouter.o:C:/myprojects/Stm32/UsbDeviceHacker/STM32F103HidDeviceEmulator/Debug/../Core/Inc/UsartController.h:29: multiple definition of `flag'; ./Core/Src/UsartController.o:C:/myprojects/Stm32/UsbDeviceHacker/STM32F103HidDeviceEmulator/Debug/../Core/Inc/UsartController.h:29: first defined here
C:/ST/STM32CubeIDE_1.16.1/STM32CubeIDE/plugins/com.st.stm32cube.ide.mcu.externaltools.gnu-tools-for-stm32.12.3.rel1.win32_1.0.200.202406191623/tools/bin/../lib/gcc/arm-none-eabi/12.3.1/../../../../arm-none-eabi/bin/ld.exe: ./Core/Src/UsartRouter.o:C:/myprojects/Stm32/UsbDeviceHacker/STM32F103HidDeviceEmulator/Debug/../Core/Inc/UsartController.h:30: multiple definition of `length'; ./Core/Src/UsartController.o:C:/myprojects/Stm32/UsbDeviceHacker/STM32F103HidDeviceEmulator/Debug/../Core/Inc/UsartController.h:30: first defined here
C:/ST/STM32CubeIDE_1.16.1/STM32CubeIDE/plugins/com.st.stm32cube.ide.mcu.externaltools.gnu-tools-for-stm32.12.3.rel1.win32_1.0.200.202406191623/tools/bin/../lib/gcc/arm-none-eabi/12.3.1/../../../../arm-none-eabi/bin/ld.exe: ./Core/Src/UsartRouter.o:C:/myprojects/Stm32/UsbDeviceHacker/STM32F103HidDeviceEmulator/Debug/../Core/Inc/UsartController.h:31: multiple definition of `parsedData'; ./Core/Src/UsartController.o:C:/myprojects/Stm32/UsbDeviceHacker/STM32F103HidDeviceEmulator/Debug/../Core/Inc/UsartController.h:31: first defined here
C:/ST/STM32CubeIDE_1.16.1/STM32CubeIDE/plugins/com.st.stm32cube.ide.mcu.externaltools.gnu-tools-for-stm32.12.3.rel1.win32_1.0.200.202406191623/tools/bin/../lib/gcc/arm-none-eabi/12.3.1/../../../../arm-none-eabi/bin/ld.exe: ./Core/Src/UsartRouter.o:C:/myprojects/Stm32/UsbDeviceHacker/STM32F103HidDeviceEmulator/Debug/../Core/Inc/UsartController.h:32: multiple definition of `buffer'; ./Core/Src/UsartController.o:C:/myprojects/Stm32/UsbDeviceHacker/STM32F103HidDeviceEmulator/Debug/../Core/Inc/UsartController.h:32: first defined here
C:/ST/STM32CubeIDE_1.16.1/STM32CubeIDE/plugins/com.st.stm32cube.ide.mcu.externaltools.gnu-tools-for-stm32.12.3.rel1.win32_1.0.200.202406191623/tools/bin/../lib/gcc/arm-none-eabi/12.3.1/../../../../arm-none-eabi/bin/ld.exe: ./Core/Src/stm32f1xx_it.o:C:/myprojects/Stm32/UsbDeviceHacker/STM32F103HidDeviceEmulator/Debug/../Core/Inc/UsartController.h:29: multiple definition of `flag'; ./Core/Src/UsartController.o:C:/myprojects/Stm32/UsbDeviceHacker/STM32F103HidDeviceEmulator/Debug/../Core/Inc/UsartController.h:29: first defined here
C:/ST/STM32CubeIDE_1.16.1/STM32CubeIDE/plugins/com.st.stm32cube.ide.mcu.externaltools.gnu-tools-for-stm32.12.3.rel1.win32_1.0.200.202406191623/tools/bin/../lib/gcc/arm-none-eabi/12.3.1/../../../../arm-none-eabi/bin/ld.exe: ./Core/Src/stm32f1xx_it.o:C:/myprojects/Stm32/UsbDeviceHacker/STM32F103HidDeviceEmulator/Debug/../Core/Inc/UsartController.h:30: multiple definition of `length'; ./Core/Src/UsartController.o:C:/myprojects/Stm32/UsbDeviceHacker/STM32F103HidDeviceEmulator/Debug/../Core/Inc/UsartController.h:30: first defined here
C:/ST/STM32CubeIDE_1.16.1/STM32CubeIDE/plugins/com.st.stm32cube.ide.mcu.externaltools.gnu-tools-for-stm32.12.3.rel1.win32_1.0.200.202406191623/tools/bin/../lib/gcc/arm-none-eabi/12.3.1/../../../../arm-none-eabi/bin/ld.exe: ./Core/Src/stm32f1xx_it.o:C:/myprojects/Stm32/UsbDeviceHacker/STM32F103HidDeviceEmulator/Debug/../Core/Inc/UsartController.h:31: multiple definition of `parsedData'; ./Core/Src/UsartController.o:C:/myprojects/Stm32/UsbDeviceHacker/STM32F103HidDeviceEmulator/Debug/../Core/Inc/UsartController.h:31: first defined here
C:/ST/STM32CubeIDE_1.16.1/STM32CubeIDE/plugins/com.st.stm32cube.ide.mcu.externaltools.gnu-tools-for-stm32.12.3.rel1.win32_1.0.200.202406191623/tools/bin/../lib/gcc/arm-none-eabi/12.3.1/../../../../arm-none-eabi/bin/ld.exe: ./Core/Src/stm32f1xx_it.o:C:/myprojects/Stm32/UsbDeviceHacker/STM32F103HidDeviceEmulator/Debug/../Core/Inc/UsartController.h:32: multiple definition of `buffer'; ./Core/Src/UsartController.o:C:/myprojects/Stm32/UsbDeviceHacker/STM32F103HidDeviceEmulator/Debug/../Core/Inc/UsartController.h:32: first defined here
collect2.exe: error: ld returned 1 exit status
make: *** [makefile:67: STM32F103HidDeviceEmulator.elf] Error 1
"make -j16 all" terminated with exit code 2. Build might be incomplete.
14:42:02 **** Incremental Build of configuration Debug for project STM32F103HidDeviceEmulator ****
make -j16 all 
arm-none-eabi-gcc -o "STM32F103HidDeviceEmulator.elf" @"objects.list"   -mcpu=cortex-m3 -T"C:\myprojects\Stm32\UsbDeviceHacker\STM32F103HidDeviceEmulator\STM32F103C8TX_FLASH.ld" --specs=nosys.specs -Wl,-Map="STM32F103HidDeviceEmulator.map" -Wl,--gc-sections -static --specs=nano.specs -mfloat-abi=soft -mthumb -Wl,--start-group -lc -lm -Wl,--end-group
C:/ST/STM32CubeIDE_1.16.1/STM32CubeIDE/plugins/com.st.stm32cube.ide.mcu.externaltools.gnu-tools-for-stm32.12.3.rel1.win32_1.0.200.202406191623/tools/bin/../lib/gcc/arm-none-eabi/12.3.1/../../../../arm-none-eabi/bin/ld.exe: ./Core/Src/UsartRouter.o:C:/myprojects/Stm32/UsbDeviceHacker/STM32F103HidDeviceEmulator/Debug/../Core/Inc/UsartController.h:29: multiple definition of `flag'; ./Core/Src/UsartController.o:C:/myprojects/Stm32/UsbDeviceHacker/STM32F103HidDeviceEmulator/Debug/../Core/Inc/UsartController.h:29: first defined here
C:/ST/STM32CubeIDE_1.16.1/STM32CubeIDE/plugins/com.st.stm32cube.ide.mcu.externaltools.gnu-tools-for-stm32.12.3.rel1.win32_1.0.200.202406191623/tools/bin/../lib/gcc/arm-none-eabi/12.3.1/../../../../arm-none-eabi/bin/ld.exe: ./Core/Src/UsartRouter.o:C:/myprojects/Stm32/UsbDeviceHacker/STM32F103HidDeviceEmulator/Debug/../Core/Inc/UsartController.h:30: multiple definition of `length'; ./Core/Src/UsartController.o:C:/myprojects/Stm32/UsbDeviceHacker/STM32F103HidDeviceEmulator/Debug/../Core/Inc/UsartController.h:30: first defined here
C:/ST/STM32CubeIDE_1.16.1/STM32CubeIDE/plugins/com.st.stm32cube.ide.mcu.externaltools.gnu-tools-for-stm32.12.3.rel1.win32_1.0.200.202406191623/tools/bin/../lib/gcc/arm-none-eabi/12.3.1/../../../../arm-none-eabi/bin/ld.exe: ./Core/Src/UsartRouter.o:C:/myprojects/Stm32/UsbDeviceHacker/STM32F103HidDeviceEmulator/Debug/../Core/Inc/UsartController.h:31: multiple definition of `parsedData'; ./Core/Src/UsartController.o:C:/myprojects/Stm32/UsbDeviceHacker/STM32F103HidDeviceEmulator/Debug/../Core/Inc/UsartController.h:31: first defined here
C:/ST/STM32CubeIDE_1.16.1/STM32CubeIDE/plugins/com.st.stm32cube.ide.mcu.externaltools.gnu-tools-for-stm32.12.3.rel1.win32_1.0.200.202406191623/tools/bin/../lib/gcc/arm-none-eabi/12.3.1/../../../../arm-none-eabi/bin/ld.exe: ./Core/Src/UsartRouter.o:C:/myprojects/Stm32/UsbDeviceHacker/STM32F103HidDeviceEmulator/Debug/../Core/Inc/UsartController.h:32: multiple definition of `buffer'; ./Core/Src/UsartController.o:C:/myprojects/Stm32/UsbDeviceHacker/STM32F103HidDeviceEmulator/Debug/../Core/Inc/UsartController.h:32: first defined here
C:/ST/STM32CubeIDE_1.16.1/STM32CubeIDE/plugins/com.st.stm32cube.ide.mcu.externaltools.gnu-tools-for-stm32.12.3.rel1.win32_1.0.200.202406191623/tools/bin/../lib/gcc/arm-none-eabi/12.3.1/../../../../arm-none-eabi/bin/ld.exe: ./Core/Src/stm32f1xx_it.o:C:/myprojects/Stm32/UsbDeviceHacker/STM32F103HidDeviceEmulator/Debug/../Core/Inc/UsartController.h:29: multiple definition of `flag'; ./Core/Src/UsartController.o:C:/myprojects/Stm32/UsbDeviceHacker/STM32F103HidDeviceEmulator/Debug/../Core/Inc/UsartController.h:29: first defined here
C:/ST/STM32CubeIDE_1.16.1/STM32CubeIDE/plugins/com.st.stm32cube.ide.mcu.externaltools.gnu-tools-for-stm32.12.3.rel1.win32_1.0.200.202406191623/tools/bin/../lib/gcc/arm-none-eabi/12.3.1/../../../../arm-none-eabi/bin/ld.exe: ./Core/Src/stm32f1xx_it.o:C:/myprojects/Stm32/UsbDeviceHacker/STM32F103HidDeviceEmulator/Debug/../Core/Inc/UsartController.h:30: multiple definition of `length'; ./Core/Src/UsartController.o:C:/myprojects/Stm32/UsbDeviceHacker/STM32F103HidDeviceEmulator/Debug/../Core/Inc/UsartController.h:30: first defined here
C:/ST/STM32CubeIDE_1.16.1/STM32CubeIDE/plugins/com.st.stm32cube.ide.mcu.externaltools.gnu-tools-for-stm32.12.3.rel1.win32_1.0.200.202406191623/tools/bin/../lib/gcc/arm-none-eabi/12.3.1/../../../../arm-none-eabi/bin/ld.exe: ./Core/Src/stm32f1xx_it.o:C:/myprojects/Stm32/UsbDeviceHacker/STM32F103HidDeviceEmulator/Debug/../Core/Inc/UsartController.h:31: multiple definition of `parsedData'; ./Core/Src/UsartController.o:C:/myprojects/Stm32/UsbDeviceHacker/STM32F103HidDeviceEmulator/Debug/../Core/Inc/UsartController.h:31: first defined here
C:/ST/STM32CubeIDE_1.16.1/STM32CubeIDE/plugins/com.st.stm32cube.ide.mcu.externaltools.gnu-tools-for-stm32.12.3.rel1.win32_1.0.200.202406191623/tools/bin/../lib/gcc/arm-none-eabi/12.3.1/../../../../arm-none-eabi/bin/ld.exe: ./Core/Src/stm32f1xx_it.o:C:/myprojects/Stm32/UsbDeviceHacker/STM32F103HidDeviceEmulator/Debug/../Core/Inc/UsartController.h:32: multiple definition of `buffer'; ./Core/Src/UsartController.o:C:/myprojects/Stm32/UsbDeviceHacker/STM32F103HidDeviceEmulator/Debug/../Core/Inc/UsartController.h:32: first defined here
collect2.exe: error: ld returned 1 exit status
make: *** [makefile:67: STM32F103HidDeviceEmulator.elf] Error 1
"make -j16 all" terminated with exit code 2. Build might be incomplete.
14:42:24 **** Incremental Build of configuration Debug for project STM32F103HidDeviceEmulator ****
make -j16 all 
arm-none-eabi-gcc "../Core/Src/UsartController.c" -mcpu=cortex-m3 -std=gnu11 -g3 -DDEBUG -DUSE_HAL_DRIVER -DSTM32F103xB -DUSE_FULL_LL_DRIVER -c -I../Core/Inc -IC:/Users/arsen/STM32Cube/Repository/STM32Cube_FW_F1_V1.8.6/Drivers/STM32F1xx_HAL_Driver/Inc/Legacy -IC:/Users/arsen/STM32Cube/Repository/STM32Cube_FW_F1_V1.8.6/Drivers/STM32F1xx_HAL_Driver/Inc -IC:/Users/arsen/STM32Cube/Repository/STM32Cube_FW_F1_V1.8.6/Drivers/CMSIS/Device/ST/STM32F1xx/Include -IC:/Users/arsen/STM32Cube/Repository/STM32Cube_FW_F1_V1.8.6/Drivers/CMSIS/Include -I../USB_DEVICE/App -I../USB_DEVICE/Target -IC:/Users/arsen/STM32Cube/Repository/STM32Cube_FW_F1_V1.8.6/Middlewares/ST/STM32_USB_Device_Library/Core/Inc -IC:/Users/arsen/STM32Cube/Repository/STM32Cube_FW_F1_V1.8.6/Middlewares/ST/STM32_USB_Device_Library/Class/HID/Inc -O0 -ffunction-sections -fdata-sections -Wall -fstack-usage -fcyclomatic-complexity -MMD -MP -MF"Core/Src/UsartController.d" -MT"Core/Src/UsartController.o" --specs=nano.specs -mfloat-abi=soft -mthumb -o "Core/Src/UsartController.o"
../Core/Src/UsartController.c: In function 'UsartCallback':
../Core/Src/UsartController.c:17:42: warning: initialization of 'RxData *' from incompatible pointer type 'uint8_t (*)[32]' {aka 'unsigned char (*)[32]'} [-Wincompatible-pointer-types]
   17 |                         RxData *rxdata = &buffer;
      |                                          ^
arm-none-eabi-gcc -o "STM32F103HidDeviceEmulator.elf" @"objects.list"   -mcpu=cortex-m3 -T"C:\myprojects\Stm32\UsbDeviceHacker\STM32F103HidDeviceEmulator\STM32F103C8TX_FLASH.ld" --specs=nosys.specs -Wl,-Map="STM32F103HidDeviceEmulator.map" -Wl,--gc-sections -static --specs=nano.specs -mfloat-abi=soft -mthumb -Wl,--start-group -lc -lm -Wl,--end-group
C:/ST/STM32CubeIDE_1.16.1/STM32CubeIDE/plugins/com.st.stm32cube.ide.mcu.externaltools.gnu-tools-for-stm32.12.3.rel1.win32_1.0.200.202406191623/tools/bin/../lib/gcc/arm-none-eabi/12.3.1/../../../../arm-none-eabi/bin/ld.exe: ./Core/Src/UsartRouter.o:C:/myprojects/Stm32/UsbDeviceHacker/STM32F103HidDeviceEmulator/Debug/../Core/Inc/UsartController.h:29: multiple definition of `flag'; ./Core/Src/UsartController.o:C:/myprojects/Stm32/UsbDeviceHacker/STM32F103HidDeviceEmulator/Debug/../Core/Inc/UsartController.h:29: first defined here
C:/ST/STM32CubeIDE_1.16.1/STM32CubeIDE/plugins/com.st.stm32cube.ide.mcu.externaltools.gnu-tools-for-stm32.12.3.rel1.win32_1.0.200.202406191623/tools/bin/../lib/gcc/arm-none-eabi/12.3.1/../../../../arm-none-eabi/bin/ld.exe: ./Core/Src/UsartRouter.o:C:/myprojects/Stm32/UsbDeviceHacker/STM32F103HidDeviceEmulator/Debug/../Core/Inc/UsartController.h:30: multiple definition of `length'; ./Core/Src/UsartController.o:C:/myprojects/Stm32/UsbDeviceHacker/STM32F103HidDeviceEmulator/Debug/../Core/Inc/UsartController.h:30: first defined here
C:/ST/STM32CubeIDE_1.16.1/STM32CubeIDE/plugins/com.st.stm32cube.ide.mcu.externaltools.gnu-tools-for-stm32.12.3.rel1.win32_1.0.200.202406191623/tools/bin/../lib/gcc/arm-none-eabi/12.3.1/../../../../arm-none-eabi/bin/ld.exe: ./Core/Src/UsartRouter.o:C:/myprojects/Stm32/UsbDeviceHacker/STM32F103HidDeviceEmulator/Debug/../Core/Inc/UsartController.h:31: multiple definition of `parsedData'; ./Core/Src/UsartController.o:C:/myprojects/Stm32/UsbDeviceHacker/STM32F103HidDeviceEmulator/Debug/../Core/Inc/UsartController.h:31: first defined here
C:/ST/STM32CubeIDE_1.16.1/STM32CubeIDE/plugins/com.st.stm32cube.ide.mcu.externaltools.gnu-tools-for-stm32.12.3.rel1.win32_1.0.200.202406191623/tools/bin/../lib/gcc/arm-none-eabi/12.3.1/../../../../arm-none-eabi/bin/ld.exe: ./Core/Src/UsartRouter.o:C:/myprojects/Stm32/UsbDeviceHacker/STM32F103HidDeviceEmulator/Debug/../Core/Inc/UsartController.h:32: multiple definition of `buffer'; ./Core/Src/UsartController.o:C:/myprojects/Stm32/UsbDeviceHacker/STM32F103HidDeviceEmulator/Debug/../Core/Inc/UsartController.h:32: first defined here
C:/ST/STM32CubeIDE_1.16.1/STM32CubeIDE/plugins/com.st.stm32cube.ide.mcu.externaltools.gnu-tools-for-stm32.12.3.rel1.win32_1.0.200.202406191623/tools/bin/../lib/gcc/arm-none-eabi/12.3.1/../../../../arm-none-eabi/bin/ld.exe: ./Core/Src/stm32f1xx_it.o:C:/myprojects/Stm32/UsbDeviceHacker/STM32F103HidDeviceEmulator/Debug/../Core/Inc/UsartController.h:29: multiple definition of `flag'; ./Core/Src/UsartController.o:C:/myprojects/Stm32/UsbDeviceHacker/STM32F103HidDeviceEmulator/Debug/../Core/Inc/UsartController.h:29: first defined here
C:/ST/STM32CubeIDE_1.16.1/STM32CubeIDE/plugins/com.st.stm32cube.ide.mcu.externaltools.gnu-tools-for-stm32.12.3.rel1.win32_1.0.200.202406191623/tools/bin/../lib/gcc/arm-none-eabi/12.3.1/../../../../arm-none-eabi/bin/ld.exe: ./Core/Src/stm32f1xx_it.o:C:/myprojects/Stm32/UsbDeviceHacker/STM32F103HidDeviceEmulator/Debug/../Core/Inc/UsartController.h:30: multiple definition of `length'; ./Core/Src/UsartController.o:C:/myprojects/Stm32/UsbDeviceHacker/STM32F103HidDeviceEmulator/Debug/../Core/Inc/UsartController.h:30: first defined here
C:/ST/STM32CubeIDE_1.16.1/STM32CubeIDE/plugins/com.st.stm32cube.ide.mcu.externaltools.gnu-tools-for-stm32.12.3.rel1.win32_1.0.200.202406191623/tools/bin/../lib/gcc/arm-none-eabi/12.3.1/../../../../arm-none-eabi/bin/ld.exe: ./Core/Src/stm32f1xx_it.o:C:/myprojects/Stm32/UsbDeviceHacker/STM32F103HidDeviceEmulator/Debug/../Core/Inc/UsartController.h:31: multiple definition of `parsedData'; ./Core/Src/UsartController.o:C:/myprojects/Stm32/UsbDeviceHacker/STM32F103HidDeviceEmulator/Debug/../Core/Inc/UsartController.h:31: first defined here
C:/ST/STM32CubeIDE_1.16.1/STM32CubeIDE/plugins/com.st.stm32cube.ide.mcu.externaltools.gnu-tools-for-stm32.12.3.rel1.win32_1.0.200.202406191623/tools/bin/../lib/gcc/arm-none-eabi/12.3.1/../../../../arm-none-eabi/bin/ld.exe: ./Core/Src/stm32f1xx_it.o:C:/myprojects/Stm32/UsbDeviceHacker/STM32F103HidDeviceEmulator/Debug/../Core/Inc/UsartController.h:32: multiple definition of `buffer'; ./Core/Src/UsartController.o:C:/myprojects/Stm32/UsbDeviceHacker/STM32F103HidDeviceEmulator/Debug/../Core/Inc/UsartController.h:32: first defined here
collect2.exe: error: ld returned 1 exit status
make: *** [makefile:67: STM32F103HidDeviceEmulator.elf] Error 1
"make -j16 all" terminated with exit code 2. Build might be incomplete.
14:45:03 **** Incremental Build of configuration Debug for project STM32F103HidDeviceEmulator ****
make -j16 all 
arm-none-eabi-gcc "../Core/Src/UsartController.c" -mcpu=cortex-m3 -std=gnu11 -g3 -DDEBUG -DUSE_HAL_DRIVER -DSTM32F103xB -DUSE_FULL_LL_DRIVER -c -I../Core/Inc -IC:/Users/arsen/STM32Cube/Repository/STM32Cube_FW_F1_V1.8.6/Drivers/STM32F1xx_HAL_Driver/Inc/Legacy -IC:/Users/arsen/STM32Cube/Repository/STM32Cube_FW_F1_V1.8.6/Drivers/STM32F1xx_HAL_Driver/Inc -IC:/Users/arsen/STM32Cube/Repository/STM32Cube_FW_F1_V1.8.6/Drivers/CMSIS/Device/ST/STM32F1xx/Include -IC:/Users/arsen/STM32Cube/Repository/STM32Cube_FW_F1_V1.8.6/Drivers/CMSIS/Include -I../USB_DEVICE/App -I../USB_DEVICE/Target -IC:/Users/arsen/STM32Cube/Repository/STM32Cube_FW_F1_V1.8.6/Middlewares/ST/STM32_USB_Device_Library/Core/Inc -IC:/Users/arsen/STM32Cube/Repository/STM32Cube_FW_F1_V1.8.6/Middlewares/ST/STM32_USB_Device_Library/Class/HID/Inc -O0 -ffunction-sections -fdata-sections -Wall -fstack-usage -fcyclomatic-complexity -MMD -MP -MF"Core/Src/UsartController.d" -MT"Core/Src/UsartController.o" --specs=nano.specs -mfloat-abi=soft -mthumb -o "Core/Src/UsartController.o"
[...]
arm-none-eabi-gcc "C:/Users/arsen/STM32Cube/Repository/STM32Cube_FW_F1_V1.8.6/Drivers/STM32F1xx_HAL_Driver/Src/stm32f1xx_hal_flash.c" -mcpu=cortex-m3 -std=gnu11 -g3 -DDEBUG -DUSE_HAL_DRIVER -DSTM32F103xB -c -I../Core/Inc -IC:/Users/arsen/STM32Cube/Repository/STM32Cube_FW_F1_V1.8.6/Drivers/STM32F1xx_HAL_Driver/Inc/Legacy -IC:/Users/arsen/STM32Cube/Repository/STM32Cube_FW_F1_V1.8.6/Drivers/STM32F1xx_HAL_Driver/Inc -IC:/Users/arsen/STM32Cube/Repository/STM32Cube_FW_F1_V1.8.6/Drivers/CMSIS/Device/ST/STM32F1xx/Include -IC:/Users/arsen/STM32Cube/Repository/STM32Cube_FW_F1_V1.8.6/Drivers/CMSIS/Include -O0 -ffunction-sections -fdata-sections -Wall -fstack-usage -fcyclomatic-complexity -MMD -MP -MF"Drivers/STM32F1xx_HAL_Driver/stm32f1xx_hal_flash.d" -MT"Drivers/STM32F1xx_HAL_Driver/stm32f1xx_hal_flash.o" --specs=nano.specs -mfloat-abi=soft -mthumb -o "Drivers/STM32F1xx_HAL_Driver/stm32f1xx_hal_flash.o"
arm-none-eabi-gcc "C:/Users/arsen/STM32Cube/Repository/STM32Cube_FW_F1_V1.8.6/Drivers/STM32F1xx_HAL_Driver/Src/stm32f1xx_hal_flash_ex.c" -mcpu=cortex-m3 -std=gnu11 -g3 -DDEBUG -DUSE_HAL_DRIVER -DSTM32F103xB -c -I../Core/Inc -IC:/Users/arsen/STM32Cube/Repository/STM32Cube_FW_F1_V1.8.6/Drivers/STM32F1xx_HAL_Driver/Inc/Legacy -IC:/Users/arsen/STM32Cube/Repository/STM32Cube_FW_F1_V1.8.6/Drivers/STM32F1xx_HAL_Driver/Inc -IC:/Users/arsen/STM32Cube/Repository/STM32Cube_FW_F1_V1.8.6/Drivers/CMSIS/Device/ST/STM32F1xx/Include -IC:/Users/arsen/STM32Cube/Repository/STM32Cube_FW_F1_V1.8.6/Drivers/CMSIS/Include -O0 -ffunction-sections -fdata-sections -Wall -fstack-usage -fcyclomatic-complexity -MMD -MP -MF"Drivers/STM32F1xx_HAL_Driver/stm32f1xx_hal_flash_ex.d" -MT"Drivers/STM32F1xx_HAL_Driver/stm32f1xx_hal_flash_ex.o" --specs=nano.specs -mfloat-abi=soft -mthumb -o "Drivers/STM32F1xx_HAL_Driver/stm32f1xx_hal_flash_ex.o"
arm-none-eabi-gcc "C:/Users/arsen/STM32Cube/Repository/STM32Cube_FW_F1_V1.8.6/Drivers/STM32F1xx_HAL_Driver/Src/stm32f1xx_hal_gpio.c" -mcpu=cortex-m3 -std=gnu11 -g3 -DDEBUG -DUSE_HAL_DRIVER -DSTM32F103xB -c -I../Core/Inc -IC:/Users/arsen/STM32Cube/Repository/STM32Cube_FW_F1_V1.8.6/Drivers/STM32F1xx_HAL_Driver/Inc/Legacy -IC:/Users/arsen/STM32Cube/Repository/STM32Cube_FW_F1_V1.8.6/Drivers/STM32F1xx_HAL_Driver/Inc -IC:/Users/arsen/STM32Cube/Repository/STM32Cube_FW_F1_V1.8.6/Drivers/CMSIS/Device/ST/STM32F1xx/Include -IC:/Users/arsen/STM32Cube/Repository/STM32Cube_FW_F1_V1.8.6/Drivers/CMSIS/Include -O0 -ffunction-sections -fdata-sections -Wall -fstack-usage -fcyclomatic-complexity -MMD -MP -MF"Drivers/STM32F1xx_HAL_Driver/stm32f1xx_hal_gpio.d" -MT"Drivers/STM32F1xx_HAL_Driver/stm32f1xx_hal_gpio.o" --specs=nano.specs -mfloat-abi=soft -mthumb -o "Drivers/STM32F1xx_HAL_Driver/stm32f1xx_hal_gpio.o"
arm-none-eabi-gcc "C:/Users/arsen/STM32Cube/Repository/STM32Cube_FW_F1_V1.8.6/Drivers/STM32F1xx_HAL_Driver/Src/stm32f1xx_hal_gpio_ex.c" -mcpu=cortex-m3 -std=gnu11 -g3 -DDEBUG -DUSE_HAL_DRIVER -DSTM32F103xB -c -I../Core/Inc -IC:/Users/arsen/STM32Cube/Repository/STM32Cube_FW_F1_V1.8.6/Drivers/STM32F1xx_HAL_Driver/Inc/Legacy -IC:/Users/arsen/STM32Cube/Repository/STM32Cube_FW_F1_V1.8.6/Drivers/STM32F1xx_HAL_Driver/Inc -IC:/Users/arsen/STM32Cube/Repository/STM32Cube_FW_F1_V1.8.6/Drivers/CMSIS/Device/ST/STM32F1xx/Include -IC:/Users/arsen/STM32Cube/Repository/STM32Cube_FW_F1_V1.8.6/Drivers/CMSIS/Include -O0 -ffunction-sections -fdata-sections -Wall -fstack-usage -fcyclomatic-complexity -MMD -MP -MF"Drivers/STM32F1xx_HAL_Driver/stm32f1xx_hal_gpio_ex.d" -MT"Drivers/STM32F1xx_HAL_Driver/stm32f1xx_hal_gpio_ex.o" --specs=nano.specs -mfloat-abi=soft -mthumb -o "Drivers/STM32F1xx_HAL_Driver/stm32f1xx_hal_gpio_ex.o"
arm-none-eabi-gcc "C:/Users/arsen/STM32Cube/Repository/STM32Cube_FW_F1_V1.8.6/Drivers/STM32F1xx_HAL_Driver/Src/stm32f1xx_hal_pwr.c" -mcpu=cortex-m3 -std=gnu11 -g3 -DDEBUG -DUSE_HAL_DRIVER -DSTM32F103xB -c -I../Core/Inc -IC:/Users/arsen/STM32Cube/Repository/STM32Cube_FW_F1_V1.8.6/Drivers/STM32F1xx_HAL_Driver/Inc/Legacy -IC:/Users/arsen/STM32Cube/Repository/STM32Cube_FW_F1_V1.8.6/Drivers/STM32F1xx_HAL_Driver/Inc -IC:/Users/arsen/STM32Cube/Repository/STM32Cube_FW_F1_V1.8.6/Drivers/CMSIS/Device/ST/STM32F1xx/Include -IC:/Users/arsen/STM32Cube/Repository/STM32Cube_FW_F1_V1.8.6/Drivers/CMSIS/Include -O0 -ffunction-sections -fdata-sections -Wall -fstack-usage -fcyclomatic-complexity -MMD -MP -MF"Drivers/STM32F1xx_HAL_Driver/stm32f1xx_hal_pwr.d" -MT"Drivers/STM32F1xx_HAL_Driver/stm32f1xx_hal_pwr.o" --specs=nano.specs -mfloat-abi=soft -mthumb -o "Drivers/STM32F1xx_HAL_Driver/stm32f1xx_hal_pwr.o"
arm-none-eabi-gcc "C:/Users/arsen/STM32Cube/Repository/STM32Cube_FW_F1_V1.8.6/Drivers/STM32F1xx_HAL_Driver/Src/stm32f1xx_hal_rcc.c" -mcpu=cortex-m3 -std=gnu11 -g3 -DDEBUG -DUSE_HAL_DRIVER -DSTM32F103xB -c -I../Core/Inc -IC:/Users/arsen/STM32Cube/Repository/STM32Cube_FW_F1_V1.8.6/Drivers/STM32F1xx_HAL_Driver/Inc/Legacy -IC:/Users/arsen/STM32Cube/Repository/STM32Cube_FW_F1_V1.8.6/Drivers/STM32F1xx_HAL_Driver/Inc -IC:/Users/arsen/STM32Cube/Repository/STM32Cube_FW_F1_V1.8.6/Drivers/CMSIS/Device/ST/STM32F1xx/Include -IC:/Users/arsen/STM32Cube/Repository/STM32Cube_FW_F1_V1.8.6/Drivers/CMSIS/Include -O0 -ffunction-sections -fdata-sections -Wall -fstack-usage -fcyclomatic-complexity -MMD -MP -MF"Drivers/STM32F1xx_HAL_Driver/stm32f1xx_hal_rcc.d" -MT"Drivers/STM32F1xx_HAL_Driver/stm32f1xx_hal_rcc.o" --specs=nano.specs -mfloat-abi=soft -mthumb -o "Drivers/STM32F1xx_HAL_Driver/stm32f1xx_hal_rcc.o"
arm-none-eabi-gcc "C:/Users/arsen/STM32Cube/Repository/STM32Cube_FW_F1_V1.8.6/Drivers/STM32F1xx_HAL_Driver/Src/stm32f1xx_hal_rcc_ex.c" -mcpu=cortex-m3 -std=gnu11 -g3 -DDEBUG -DUSE_HAL_DRIVER -DSTM32F103xB -c -I../Core/Inc -IC:/Users/arsen/STM32Cube/Repository/STM32Cube_FW_F1_V1.8.6/Drivers/STM32F1xx_HAL_Driver/Inc/Legacy -IC:/Users/arsen/STM32Cube/Repository/STM32Cube_FW_F1_V1.8.6/Drivers/STM32F1xx_HAL_Driver/Inc -IC:/Users/arsen/STM32Cube/Repository/STM32Cube_FW_F1_V1.8.6/Drivers/CMSIS/Device/ST/STM32F1xx/Include -IC:/Users/arsen/STM32Cube/Repository/STM32Cube_FW_F1_V1.8.6/Drivers/CMSIS/Include -O0 -ffunction-sections -fdata-sections -Wall -fstack-usage -fcyclomatic-complexity -MMD -MP -MF"Drivers/STM32F1xx_HAL_Driver/stm32f1xx_hal_rcc_ex.d" -MT"Drivers/STM32F1xx_HAL_Driver/stm32f1xx_hal_rcc_ex.o" --specs=nano.specs -mfloat-abi=soft -mthumb -o "Drivers/STM32F1xx_HAL_Driver/stm32f1xx_hal_rcc_ex.o"
arm-none-eabi-gcc "C:/Users/arsen/STM32Cube/Repository/STM32Cube_FW_F1_V1.8.6/Drivers/STM32F1xx_HAL_Driver/Src/stm32f1xx_hal_tim.c" -mcpu=cortex-m3 -std=gnu11 -g3 -DDEBUG -DUSE_HAL_DRIVER -DSTM32F103xB -c -I../Core/Inc -IC:/Users/arsen/STM32Cube/Repository/STM32Cube_FW_F1_V1.8.6/Drivers/STM32F1xx_HAL_Driver/Inc/Legacy -IC:/Users/arsen/STM32Cube/Repository/STM32Cube_FW_F1_V1.8.6/Drivers/STM32F1xx_HAL_Driver/Inc -IC:/Users/arsen/STM32Cube/Repository/STM32Cube_FW_F1_V1.8.6/Drivers/CMSIS/Device/ST/STM32F1xx/Include -IC:/Users/arsen/STM32Cube/Repository/STM32Cube_FW_F1_V1.8.6/Drivers/CMSIS/Include -O0 -ffunction-sections -fdata-sections -Wall -fstack-usage -fcyclomatic-complexity -MMD -MP -MF"Drivers/STM32F1xx_HAL_Driver/stm32f1xx_hal_tim.d" -MT"Drivers/STM32F1xx_HAL_Driver/stm32f1xx_hal_tim.o" --specs=nano.specs -mfloat-abi=soft -mthumb -o "Drivers/STM32F1xx_HAL_Driver/stm32f1xx_hal_tim.o"
arm-none-eabi-gcc "C:/Users/arsen/STM32Cube/Repository/STM32Cube_FW_F1_V1.8.6/Drivers/STM32F1xx_HAL_Driver/Src/stm32f1xx_hal_tim_ex.c" -mcpu=cortex-m3 -std=gnu11 -g3 -DDEBUG -DUSE_HAL_DRIVER -DSTM32F103xB -c -I../Core/Inc -IC:/Users/arsen/STM32Cube/Repository/STM32Cube_FW_F1_V1.8.6/Drivers/STM32F1xx_HAL_Driver/Inc/Legacy -IC:/Users/arsen/STM32Cube/Repository/STM32Cube_FW_F1_V1.8.6/Drivers/STM32F1xx_HAL_Driver/Inc -IC:/Users/arsen/STM32Cube/Repository/STM32Cube_FW_F1_V1.8.6/Drivers/CMSIS/Device/ST/STM32F1xx/Include -IC:/Users/arsen/STM32Cube/Repository/STM32Cube_FW_F1_V1.8.6/Drivers/CMSIS/Include -O0 -ffunction-sections -fdata-sections -Wall -fstack-usage -fcyclomatic-complexity -MMD -MP -MF"Drivers/STM32F1xx_HAL_Driver/stm32f1xx_hal_tim_ex.d" -MT"Drivers/STM32F1xx_HAL_Driver/stm32f1xx_hal_tim_ex.o" --specs=nano.specs -mfloat-abi=soft -mthumb -o "Drivers/STM32F1xx_HAL_Driver/stm32f1xx_hal_tim_ex.o"
arm-none-eabi-gcc "C:/Users/arsen/STM32Cube/Repository/STM32Cube_FW_F1_V1.8.6/Drivers/STM32F1xx_HAL_Driver/Src/stm32f1xx_hal_uart.c" -mcpu=cortex-m3 -std=gnu11 -g3 -DDEBUG -DUSE_HAL_DRIVER -DSTM32F103xB -c -I../Core/Inc -IC:/Users/arsen/STM32Cube/Repository/STM32Cube_FW_F1_V1.8.6/Drivers/STM32F1xx_HAL_Driver/Inc/Legacy -IC:/Users/arsen/STM32Cube/Repository/STM32Cube_FW_F1_V1.8.6/Drivers/STM32F1xx_HAL_Driver/Inc -IC:/Users/arsen/STM32Cube/Repository/STM32Cube_FW_F1_V1.8.6/Drivers/CMSIS/Device/ST/STM32F1xx/Include -IC:/Users/arsen/STM32Cube/Repository/STM32Cube_FW_F1_V1.8.6/Drivers/CMSIS/Include -O0 -ffunction-sections -fdata-sections -Wall -fstack-usage -fcyclomatic-complexity -MMD -MP -MF"Drivers/STM32F1xx_HAL_Driver/stm32f1xx_hal_uart.d" -MT"Drivers/STM32F1xx_HAL_Driver/stm32f1xx_hal_uart.o" --specs=nano.specs -mfloat-abi=soft -mthumb -o "Drivers/STM32F1xx_HAL_Driver/stm32f1xx_hal_uart.o"
arm-none-eabi-gcc "../Core/Src/gpio.c" -mcpu=cortex-m3 -std=gnu11 -g3 -DDEBUG -DUSE_HAL_DRIVER -DSTM32F103xB -c -I../Core/Inc -IC:/Users/arsen/STM32Cube/Repository/STM32Cube_FW_F1_V1.8.6/Drivers/STM32F1xx_HAL_Driver/Inc/Legacy -IC:/Users/arsen/STM32Cube/Repository/STM32Cube_FW_F1_V1.8.6/Drivers/STM32F1xx_HAL_Driver/Inc -IC:/Users/arsen/STM32Cube/Repository/STM32Cube_FW_F1_V1.8.6/Drivers/CMSIS/Device/ST/STM32F1xx/Include -IC:/Users/arsen/STM32Cube/Repository/STM32Cube_FW_F1_V1.8.6/Drivers/CMSIS/Include -O0 -ffunction-sections -fdata-sections -Wall -fstack-usage -fcyclomatic-complexity -MMD -MP -MF"Core/Src/gpio.d" -MT"Core/Src/gpio.o" --specs=nano.specs -mfloat-abi=soft -mthumb -o "Core/Src/gpio.o"
arm-none-eabi-gcc "../Core/Src/main.c" -mcpu=cortex-m3 -std=gnu11 -g3 -DDEBUG -DUSE_HAL_DRIVER -DSTM32F103xB -c -I../Core/Inc -IC:/Users/arsen/STM32Cube/Repository/STM32Cube_FW_F1_V1.8.6/Drivers/STM32F1xx_HAL_Driver/Inc/Legacy -IC:/Users/arsen/STM32Cube/Repository/STM32Cube_FW_F1_V1.8.6/Drivers/STM32F1xx_HAL_Driver/Inc -IC:/Users/arsen/STM32Cube/Repository/STM32Cube_FW_F1_V1.8.6/Drivers/CMSIS/Device/ST/STM32F1xx/Include -IC:/Users/arsen/STM32Cube/Repository/STM32Cube_FW_F1_V1.8.6/Drivers/CMSIS/Include -O0 -ffunction-sections -fdata-sections -Wall -fstack-usage -fcyclomatic-complexity -MMD -MP -MF"Core/Src/main.d" -MT"Core/Src/main.o" --specs=nano.specs -mfloat-abi=soft -mthumb -o "Core/Src/main.o"
../Core/Src/main.c: In function 'main':
../Core/Src/main.c:103:24: error: 'huart2' undeclared (first use in this function); did you mean 'huart3'?
  103 |   HAL_UART_Receive_IT(&huart2,&recvd_data,1);
      |                        ^~~~~~
      |                        huart3
../Core/Src/main.c:103:24: note: each undeclared identifier is reported only once for each function it appears in
../Core/Src/main.c: In function 'HAL_UART_RxCpltCallback':
../Core/Src/main.c:117:30: error: 'huart2' undeclared (first use in this function); did you mean 'huart'?
  117 |         HAL_UART_Receive_IT(&huart2,&recvd_data,1); //start next data receive interrupt
      |                              ^~~~~~
      |                              huart
make: *** [Core/Src/subdir.mk:40: Core/Src/main.o] Error 1
make: *** Waiting for unfinished jobs....
"make -j16 all" terminated with exit code 2. Build might be incomplete.
20:14:48 **** Incremental Build of configuration Debug for project UsartTest ****
make -j16 all 
arm-none-eabi-gcc "../Core/Src/main.c" -mcpu=cortex-m3 -std=gnu11 -g3 -DDEBUG -DUSE_HAL_DRIVER -DSTM32F103xB -c -I../Core/Inc -IC:/Users/arsen/STM32Cube/Repository/STM32Cube_FW_F1_V1.8.6/Drivers/STM32F1xx_HAL_Driver/Inc/Legacy -IC:/Users/arsen/STM32Cube/Repository/STM32Cube_FW_F1_V1.8.6/Drivers/STM32F1xx_HAL_Driver/Inc -IC:/Users/arsen/STM32Cube/Repository/STM32Cube_FW_F1_V1.8.6/Drivers/CMSIS/Device/ST/STM32F1xx/Include -IC:/Users/arsen/STM32Cube/Repository/STM32Cube_FW_F1_V1.8.6/Drivers/CMSIS/Include -O0 -ffunction-sections -fdata-sections -Wall -fstack-usage -fcyclomatic-complexity -MMD -MP -MF"Core/Src/main.d" -MT"Core/Src/main.o" --specs=nano.specs -mfloat-abi=soft -mthumb -o "Core/Src/main.o"
arm-none-eabi-gcc "../Core/Src/stm32f1xx_hal_msp.c" -mcpu=cortex-m3 -std=gnu11 -g3 -DDEBUG -DUSE_HAL_DRIVER -DSTM32F103xB -c -I../Core/Inc -IC:/Users/arsen/STM32Cube/Repository/STM32Cube_FW_F1_V1.8.6/Drivers/STM32F1xx_HAL_Driver/Inc/Legacy -IC:/Users/arsen/STM32Cube/Repository/STM32Cube_FW_F1_V1.8.6/Drivers/STM32F1xx_HAL_Driver/Inc -IC:/Users/arsen/STM32Cube/Repository/STM32Cube_FW_F1_V1.8.6/Drivers/CMSIS/Device/ST/STM32F1xx/Include -IC:/Users/arsen/STM32Cube/Repository/STM32Cube_FW_F1_V1.8.6/Drivers/CMSIS/Include -O0 -ffunction-sections -fdata-sections -Wall -fstack-usage -fcyclomatic-complexity -MMD -MP -MF"Core/Src/stm32f1xx_hal_msp.d" -MT"Core/Src/stm32f1xx_hal_msp.o" --specs=nano.specs -mfloat-abi=soft -mthumb -o "Core/Src/stm32f1xx_hal_msp.o"
arm-none-eabi-gcc "../Core/Src/stm32f1xx_it.c" -mcpu=cortex-m3 -std=gnu11 -g3 -DDEBUG -DUSE_HAL_DRIVER -DSTM32F103xB -c -I../Core/Inc -IC:/Users/arsen/STM32Cube/Repository/STM32Cube_FW_F1_V1.8.6/Drivers/STM32F1xx_HAL_Driver/Inc/Legacy -IC:/Users/arsen/STM32Cube/Repository/STM32Cube_FW_F1_V1.8.6/Drivers/STM32F1xx_HAL_Driver/Inc -IC:/Users/arsen/STM32Cube/Repository/STM32Cube_FW_F1_V1.8.6/Drivers/CMSIS/Device/ST/STM32F1xx/Include -IC:/Users/arsen/STM32Cube/Repository/STM32Cube_FW_F1_V1.8.6/Drivers/CMSIS/Include -O0 -ffunction-sections -fdata-sections -Wall -fstack-usage -fcyclomatic-complexity -MMD -MP -MF"Core/Src/stm32f1xx_it.d" -MT"Core/Src/stm32f1xx_it.o" --specs=nano.specs -mfloat-abi=soft -mthumb -o "Core/Src/stm32f1xx_it.o"
arm-none-eabi-gcc "../Core/Src/syscalls.c" -mcpu=cortex-m3 -std=gnu11 -g3 -DDEBUG -DUSE_HAL_DRIVER -DSTM32F103xB -c -I../Core/Inc -IC:/Users/arsen/STM32Cube/Repository/STM32Cube_FW_F1_V1.8.6/Drivers/STM32F1xx_HAL_Driver/Inc/Legacy -IC:/Users/arsen/STM32Cube/Repository/STM32Cube_FW_F1_V1.8.6/Drivers/STM32F1xx_HAL_Driver/Inc -IC:/Users/arsen/STM32Cube/Repository/STM32Cube_FW_F1_V1.8.6/Drivers/CMSIS/Device/ST/STM32F1xx/Include -IC:/Users/arsen/STM32Cube/Repository/STM32Cube_FW_F1_V1.8.6/Drivers/CMSIS/Include -O0 -ffunction-sections -fdata-sections -Wall -fstack-usage -fcyclomatic-complexity -MMD -MP -MF"Core/Src/syscalls.d" -MT"Core/Src/syscalls.o" --specs=nano.specs -mfloat-abi=soft -mthumb -o "Core/Src/syscalls.o"
arm-none-eabi-gcc "../Core/Src/sysmem.c" -mcpu=cortex-m3 -std=gnu11 -g3 -DDEBUG -DUSE_HAL_DRIVER -DSTM32F103xB -c -I../Core/Inc -IC:/Users/arsen/STM32Cube/Repository/STM32Cube_FW_F1_V1.8.6/Drivers/STM32F1xx_HAL_Driver/Inc/Legacy -IC:/Users/arsen/STM32Cube/Repository/STM32Cube_FW_F1_V1.8.6/Drivers/STM32F1xx_HAL_Driver/Inc -IC:/Users/arsen/STM32Cube/Repository/STM32Cube_FW_F1_V1.8.6/Drivers/CMSIS/Device/ST/STM32F1xx/Include -IC:/Users/arsen/STM32Cube/Repository/STM32Cube_FW_F1_V1.8.6/Drivers/CMSIS/Include -O0 -ffunction-sections -fdata-sections -Wall -fstack-usage -fcyclomatic-complexity -MMD -MP -MF"Core/Src/sysmem.d" -MT"Core/Src/sysmem.o" --specs=nano.specs -mfloat-abi=soft -mthumb -o "Core/Src/sysmem.o"
arm-none-eabi-gcc "../Core/Src/system_stm32f1xx.c" -mcpu=cortex-m3 -std=gnu11 -g3 -DDEBUG -DUSE_HAL_DRIVER -DSTM32F103xB -c -I../Core/Inc -IC:/Users/arsen/STM32Cube/Repository/STM32Cube_FW_F1_V1.8.6/Drivers/STM32F1xx_HAL_Driver/Inc/Legacy -IC:/Users/arsen/STM32Cube/Repository/STM32Cube_FW_F1_V1.8.6/Drivers/STM32F1xx_HAL_Driver/Inc -IC:/Users/arsen/STM32Cube/Repository/STM32Cube_FW_F1_V1.8.6/Drivers/CMSIS/Device/ST/STM32F1xx/Include -IC:/Users/arsen/STM32Cube/Repository/STM32Cube_FW_F1_V1.8.6/Drivers/CMSIS/Include -O0 -ffunction-sections -fdata-sections -Wall -fstack-usage -fcyclomatic-complexity -MMD -MP -MF"Core/Src/system_stm32f1xx.d" -MT"Core/Src/system_stm32f1xx.o" --specs=nano.specs -mfloat-abi=soft -mthumb -o "Core/Src/system_stm32f1xx.o"
arm-none-eabi-gcc "../Core/Src/usart.c" -mcpu=cortex-m3 -std=gnu11 -g3 -DDEBUG -DUSE_HAL_DRIVER -DSTM32F103xB -c -I../Core/Inc -IC:/Users/arsen/STM32Cube/Repository/STM32Cube_FW_F1_V1.8.6/Drivers/STM32F1xx_HAL_Driver/Inc/Legacy -IC:/Users/arsen/STM32Cube/Repository/STM32Cube_FW_F1_V1.8.6/Drivers/STM32F1xx_HAL_Driver/Inc -IC:/Users/arsen/STM32Cube/Repository/STM32Cube_FW_F1_V1.8.6/Drivers/CMSIS/Device/ST/STM32F1xx/Include -IC:/Users/arsen/STM32Cube/Repository/STM32Cube_FW_F1_V1.8.6/Drivers/CMSIS/Include -O0 -ffunction-sections -fdata-sections -Wall -fstack-usage -fcyclomatic-complexity -MMD -MP -MF"Core/Src/usart.d" -MT"Core/Src/usart.o" --specs=nano.specs -mfloat-abi=soft -mthumb -o "Core/Src/usart.o"
arm-none-eabi-gcc -o "UsartTest.elf" @"objects.list"   -mcpu=cortex-m3 -T"C:\myprojects\Stm32\UsbDeviceHacker\UsartTest\STM32F103C8TX_FLASH.ld" --specs=nosys.specs -Wl,-Map="UsartTest.map" -Wl,--gc-sections -static --specs=nano.specs -mfloat-abi=soft -mthumb -Wl,--start-group -lc -lm -Wl,--end-group
C:/ST/STM32CubeIDE_1.16.1/STM32CubeIDE/plugins/com.st.stm32cube.ide.mcu.externaltools.gnu-tools-for-stm32.12.3.rel1.win32_1.0.200.202406191623/tools/bin/../lib/gcc/arm-none-eabi/12.3.1/../../../../arm-none-eabi/bin/ld.exe: ./Core/Src/usart.o:C:/myprojects/Stm32/UsbDeviceHacker/UsartTest/Debug/../Core/Src/usart.c:27: multiple definition of `huart3'; ./Core/Src/main.o:C:/myprojects/Stm32/UsbDeviceHacker/UsartTest/Debug/../Core/Src/main.c:25: first defined here
collect2.exe: error: ld returned 1 exit status
make: *** [makefile:64: UsartTest.elf] Error 1
"make -j16 all" terminated with exit code 2. Build might be incomplete.
20:16:09 **** Incremental Build of configuration Debug for project UsartTest ****
make -j16 all 
arm-none-eabi-gcc -o "UsartTest.elf" @"objects.list"   -mcpu=cortex-m3 -T"C:\myprojects\Stm32\UsbDeviceHacker\UsartTest\STM32F103C8TX_FLASH.ld" --specs=nosys.specs -Wl,-Map="UsartTest.map" -Wl,--gc-sections -static --specs=nano.specs -mfloat-abi=soft -mthumb -Wl,--start-group -lc -lm -Wl,--end-group
C:/ST/STM32CubeIDE_1.16.1/STM32CubeIDE/plugins/com.st.stm32cube.ide.mcu.externaltools.gnu-tools-for-stm32.12.3.rel1.win32_1.0.200.202406191623/tools/bin/../lib/gcc/arm-none-eabi/12.3.1/../../../../arm-none-eabi/bin/ld.exe: ./Core/Src/usart.o:C:/myprojects/Stm32/UsbDeviceHacker/UsartTest/Debug/../Core/Src/usart.c:27: multiple definition of `huart3'; ./Core/Src/main.o:C:/myprojects/Stm32/UsbDeviceHacker/UsartTest/Debug/../Core/Src/main.c:25: first defined here
collect2.exe: error: ld returned 1 exit status
make: *** [makefile:64: UsartTest.elf] Error 1
"make -j16 all" terminated with exit code 2. Build might be incomplete.
20:16:21 **** Incremental Build of configuration Debug for project UsartTest ****
make -j16 all 
arm-none-eabi-gcc "../Core/Src/main.c" -mcpu=cortex-m3 -std=gnu11 -g3 -DDEBUG -DUSE_HAL_DRIVER -DSTM32F103xB -c -I../Core/Inc -IC:/Users/arsen/STM32Cube/Repository/STM32Cube_FW_F1_V1.8.6/Drivers/STM32F1xx_HAL_Driver/Inc/Legacy -IC:/Users/arsen/STM32Cube/Repository/STM32Cube_FW_F1_V1.8.6/Drivers/STM32F1xx_HAL_Driver/Inc -IC:/Users/arsen/STM32Cube/Repository/STM32Cube_FW_F1_V1.8.6/Drivers/CMSIS/Device/ST/STM32F1xx/Include -IC:/Users/arsen/STM32Cube/Repository/STM32Cube_FW_F1_V1.8.6/Drivers/CMSIS/Include -O0 -ffunction-sections -fdata-sections -Wall -fstack-usage -fcyclomatic-complexity -MMD -MP -MF"Core/Src/main.d" -MT"Core/Src/main.o" --specs=nano.specs -mfloat-abi=soft -mthumb -o "Core/Src/main.o"
arm-none-eabi-gcc -o "UsartTest.elf" @"objects.list"   -mcpu=cortex-m3 -T"C:\myprojects\Stm32\UsbDeviceHacker\UsartTest\STM32F103C8TX_FLASH.ld" --specs=nosys.specs -Wl,-Map="UsartTest.map" -Wl,--gc-sections -static --specs=nano.specs -mfloat-abi=soft -mthumb -Wl,--start-group -lc -lm -Wl,--end-group
Finished building target: UsartTest.elf
 
arm-none-eabi-size  UsartTest.elf 
arm-none-eabi-objdump -h -S UsartTest.elf  > "UsartTest.list"
   text	   data	    bss	    dec	    hex	filename
   8440	     12	   1644	  10096	   2770	UsartTest.elf
Finished building: default.size.stdout
 
Finished building: UsartTest.list
 
