20:16:21 **** Incremental Build of configuration Debug for project UsartTest ****
make -j16 all 
arm-none-eabi-gcc "../Core/Src/main.c" -mcpu=cortex-m3 -std=gnu11 -g3 -DDEBUG -DUSE_HAL_DRIVER -DSTM32F103xB -c -I../Core/Inc -IC:/Users/arsen/STM32Cube/Repository/STM32Cube_FW_F1_V1.8.6/Drivers/STM32F1xx_HAL_Driver/Inc/Legacy -IC:/Users/arsen/STM32Cube/Repository/STM32Cube_FW_F1_V1.8.6/Drivers/STM32F1xx_HAL_Driver/Inc -IC:/Users/arsen/STM32Cube/Repository/STM32Cube_FW_F1_V1.8.6/Drivers/CMSIS/Device/ST/STM32F1xx/Include -IC:/Users/arsen/STM32Cube/Repository/STM32Cube_FW_F1_V1.8.6/Drivers/CMSIS/Include -O0 -ffunction-sections -fdata-sections -Wall -fstack-usage -fcyclomatic-complexity -MMD -MP -MF"Core/Src/main.d" -MT"Core/Src/main.o" --specs=nano.specs -mfloat-abi=soft -mthumb -o "Core/Src/main.o"
arm-none-eabi-gcc -o "UsartTest.elf" @"objects.list"   -mcpu=cortex-m3 -T"C:\myprojects\Stm32\UsbDeviceHacker\UsartTest\STM32F103C8TX_FLASH.ld" --specs=nosys.specs -Wl,-Map="UsartTest.map" -Wl,--gc-sections -static --specs=nano.specs -mfloat-abi=soft -mthumb -Wl,--start-group -lc -lm -Wl,--end-group
Finished building target: UsartTest.elf
 
arm-none-eabi-size  UsartTest.elf 
arm-none-eabi-objdump -h -S UsartTest.elf  > "UsartTest.list"
   text	   data	    bss	    dec	    hex	filename
   8440	     12	   1644	  10096	   2770	UsartTest.elf
Finished building: default.size.stdout
 
Finished building: UsartTest.list
 

20:16:22 Build Finished. 0 errors, 0 warnings. (took 989ms)

