Archive member included to satisfy reference by file (symbol)

C:/ST/STM32CubeIDE_1.16.1/STM32CubeIDE/plugins/com.st.stm32cube.ide.mcu.externaltools.gnu-tools-for-stm32.12.3.rel1.win32_1.0.200.202406191623/tools/bin/../lib/gcc/arm-none-eabi/12.3.1/../../../../arm-none-eabi/lib/thumb/v7-m/nofp\libc_nano.a(libc_a-exit.o)
                              C:/ST/STM32CubeIDE_1.16.1/STM32CubeIDE/plugins/com.st.stm32cube.ide.mcu.externaltools.gnu-tools-for-stm32.12.3.rel1.win32_1.0.200.202406191623/tools/bin/../lib/gcc/arm-none-eabi/12.3.1/../../../../arm-none-eabi/lib/thumb/v7-m/nofp/crt0.o (exit)
C:/ST/STM32CubeIDE_1.16.1/STM32CubeIDE/plugins/com.st.stm32cube.ide.mcu.externaltools.gnu-tools-for-stm32.12.3.rel1.win32_1.0.200.202406191623/tools/bin/../lib/gcc/arm-none-eabi/12.3.1/../../../../arm-none-eabi/lib/thumb/v7-m/nofp\libc_nano.a(libc_a-findfp.o)
                              C:/ST/STM32CubeIDE_1.16.1/STM32CubeIDE/plugins/com.st.stm32cube.ide.mcu.externaltools.gnu-tools-for-stm32.12.3.rel1.win32_1.0.200.202406191623/tools/bin/../lib/gcc/arm-none-eabi/12.3.1/../../../../arm-none-eabi/lib/thumb/v7-m/nofp\libc_nano.a(libc_a-exit.o) (__stdio_exit_handler)
C:/ST/STM32CubeIDE_1.16.1/STM32CubeIDE/plugins/com.st.stm32cube.ide.mcu.externaltools.gnu-tools-for-stm32.12.3.rel1.win32_1.0.200.202406191623/tools/bin/../lib/gcc/arm-none-eabi/12.3.1/../../../../arm-none-eabi/lib/thumb/v7-m/nofp\libc_nano.a(libc_a-fwalk.o)
                              C:/ST/STM32CubeIDE_1.16.1/STM32CubeIDE/plugins/com.st.stm32cube.ide.mcu.externaltools.gnu-tools-for-stm32.12.3.rel1.win32_1.0.200.202406191623/tools/bin/../lib/gcc/arm-none-eabi/12.3.1/../../../../arm-none-eabi/lib/thumb/v7-m/nofp\libc_nano.a(libc_a-findfp.o) (_fwalk_sglue)
C:/ST/STM32CubeIDE_1.16.1/STM32CubeIDE/plugins/com.st.stm32cube.ide.mcu.externaltools.gnu-tools-for-stm32.12.3.rel1.win32_1.0.200.202406191623/tools/bin/../lib/gcc/arm-none-eabi/12.3.1/../../../../arm-none-eabi/lib/thumb/v7-m/nofp\libc_nano.a(libc_a-stdio.o)
                              C:/ST/STM32CubeIDE_1.16.1/STM32CubeIDE/plugins/com.st.stm32cube.ide.mcu.externaltools.gnu-tools-for-stm32.12.3.rel1.win32_1.0.200.202406191623/tools/bin/../lib/gcc/arm-none-eabi/12.3.1/../../../../arm-none-eabi/lib/thumb/v7-m/nofp\libc_nano.a(libc_a-findfp.o) (__sread)
C:/ST/STM32CubeIDE_1.16.1/STM32CubeIDE/plugins/com.st.stm32cube.ide.mcu.externaltools.gnu-tools-for-stm32.12.3.rel1.win32_1.0.200.202406191623/tools/bin/../lib/gcc/arm-none-eabi/12.3.1/../../../../arm-none-eabi/lib/thumb/v7-m/nofp\libc_nano.a(libc_a-memset.o)
                              C:/ST/STM32CubeIDE_1.16.1/STM32CubeIDE/plugins/com.st.stm32cube.ide.mcu.externaltools.gnu-tools-for-stm32.12.3.rel1.win32_1.0.200.202406191623/tools/bin/../lib/gcc/arm-none-eabi/12.3.1/../../../../arm-none-eabi/lib/thumb/v7-m/nofp/crt0.o (memset)
C:/ST/STM32CubeIDE_1.16.1/STM32CubeIDE/plugins/com.st.stm32cube.ide.mcu.externaltools.gnu-tools-for-stm32.12.3.rel1.win32_1.0.200.202406191623/tools/bin/../lib/gcc/arm-none-eabi/12.3.1/../../../../arm-none-eabi/lib/thumb/v7-m/nofp\libc_nano.a(libc_a-closer.o)
                              C:/ST/STM32CubeIDE_1.16.1/STM32CubeIDE/plugins/com.st.stm32cube.ide.mcu.externaltools.gnu-tools-for-stm32.12.3.rel1.win32_1.0.200.202406191623/tools/bin/../lib/gcc/arm-none-eabi/12.3.1/../../../../arm-none-eabi/lib/thumb/v7-m/nofp\libc_nano.a(libc_a-stdio.o) (_close_r)
C:/ST/STM32CubeIDE_1.16.1/STM32CubeIDE/plugins/com.st.stm32cube.ide.mcu.externaltools.gnu-tools-for-stm32.12.3.rel1.win32_1.0.200.202406191623/tools/bin/../lib/gcc/arm-none-eabi/12.3.1/../../../../arm-none-eabi/lib/thumb/v7-m/nofp\libc_nano.a(libc_a-reent.o)
                              C:/ST/STM32CubeIDE_1.16.1/STM32CubeIDE/plugins/com.st.stm32cube.ide.mcu.externaltools.gnu-tools-for-stm32.12.3.rel1.win32_1.0.200.202406191623/tools/bin/../lib/gcc/arm-none-eabi/12.3.1/../../../../arm-none-eabi/lib/thumb/v7-m/nofp\libc_nano.a(libc_a-closer.o) (errno)
C:/ST/STM32CubeIDE_1.16.1/STM32CubeIDE/plugins/com.st.stm32cube.ide.mcu.externaltools.gnu-tools-for-stm32.12.3.rel1.win32_1.0.200.202406191623/tools/bin/../lib/gcc/arm-none-eabi/12.3.1/../../../../arm-none-eabi/lib/thumb/v7-m/nofp\libc_nano.a(libc_a-impure.o)
                              C:/ST/STM32CubeIDE_1.16.1/STM32CubeIDE/plugins/com.st.stm32cube.ide.mcu.externaltools.gnu-tools-for-stm32.12.3.rel1.win32_1.0.200.202406191623/tools/bin/../lib/gcc/arm-none-eabi/12.3.1/../../../../arm-none-eabi/lib/thumb/v7-m/nofp\libc_nano.a(libc_a-reent.o) (_impure_ptr)
C:/ST/STM32CubeIDE_1.16.1/STM32CubeIDE/plugins/com.st.stm32cube.ide.mcu.externaltools.gnu-tools-for-stm32.12.3.rel1.win32_1.0.200.202406191623/tools/bin/../lib/gcc/arm-none-eabi/12.3.1/../../../../arm-none-eabi/lib/thumb/v7-m/nofp\libc_nano.a(libc_a-lseekr.o)
[...]
Memory Configuration

Name             Origin             Length             Attributes
RAM              0x20000000         0x00005000         xrw
FLASH            0x08000000         0x00010000         xr
*default*        0x00000000         0xffffffff

Linker script and memory map

LOAD C:/ST/STM32CubeIDE_1.16.1/STM32CubeIDE/plugins/com.st.stm32cube.ide.mcu.externaltools.gnu-tools-for-stm32.12.3.rel1.win32_1.0.200.202406191623/tools/bin/../lib/gcc/arm-none-eabi/12.3.1/thumb/v7-m/nofp/crti.o
LOAD C:/ST/STM32CubeIDE_1.16.1/STM32CubeIDE/plugins/com.st.stm32cube.ide.mcu.externaltools.gnu-tools-for-stm32.12.3.rel1.win32_1.0.200.202406191623/tools/bin/../lib/gcc/arm-none-eabi/12.3.1/thumb/v7-m/nofp/crtbegin.o
LOAD C:/ST/STM32CubeIDE_1.16.1/STM32CubeIDE/plugins/com.st.stm32cube.ide.mcu.externaltools.gnu-tools-for-stm32.12.3.rel1.win32_1.0.200.202406191623/tools/bin/../lib/gcc/arm-none-eabi/12.3.1/../../../../arm-none-eabi/lib/thumb/v7-m/nofp/crt0.o
LOAD ./Core/Src/controllers/UsartController.o
LOAD ./Core/Src/inits/gpio.o
LOAD ./Core/Src/inits/usart.o
LOAD ./Core/Src/main.o
LOAD ./Core/Src/stm32f1xx_hal_msp.o
LOAD ./Core/Src/stm32f1xx_it.o
LOAD ./Core/Src/syscalls.o
LOAD ./Core/Src/sysmem.o
LOAD ./Core/Src/system_stm32f1xx.o
LOAD ./Core/Src/modules/AnimationModule.o
LOAD ./Core/Src/modules/KeyboardModule.o
LOAD ./Core/Src/modules/MouseModule.o
LOAD ./Core/Src/modules/UsartParserModule.o
LOAD ./Core/Startup/startup_stm32f103c8tx.o
LOAD ./Drivers/STM32F1xx_HAL_Driver/stm32f1xx_hal.o
LOAD ./Drivers/STM32F1xx_HAL_Driver/stm32f1xx_hal_cortex.o
LOAD ./Drivers/STM32F1xx_HAL_Driver/stm32f1xx_hal_dma.o
LOAD ./Drivers/STM32F1xx_HAL_Driver/stm32f1xx_hal_exti.o
LOAD ./Drivers/STM32F1xx_HAL_Driver/stm32f1xx_hal_flash.o
LOAD ./Drivers/STM32F1xx_HAL_Driver/stm32f1xx_hal_flash_ex.o
LOAD ./Drivers/STM32F1xx_HAL_Driver/stm32f1xx_hal_gpio.o
LOAD ./Drivers/STM32F1xx_HAL_Driver/stm32f1xx_hal_gpio_ex.o
LOAD ./Drivers/STM32F1xx_HAL_Driver/stm32f1xx_hal_pcd.o
LOAD ./Drivers/STM32F1xx_HAL_Driver/stm32f1xx_hal_pcd_ex.o
LOAD ./Drivers/STM32F1xx_HAL_Driver/stm32f1xx_hal_pwr.o
LOAD ./Drivers/STM32F1xx_HAL_Driver/stm32f1xx_hal_rcc.o
LOAD ./Drivers/STM32F1xx_HAL_Driver/stm32f1xx_hal_rcc_ex.o
LOAD ./Drivers/STM32F1xx_HAL_Driver/stm32f1xx_hal_tim.o
LOAD ./Drivers/STM32F1xx_HAL_Driver/stm32f1xx_hal_tim_ex.o
LOAD ./Drivers/STM32F1xx_HAL_Driver/stm32f1xx_hal_uart.o
LOAD ./Drivers/STM32F1xx_HAL_Driver/stm32f1xx_ll_usb.o
LOAD ./Middlewares/USB_Device_Library/usbd_core.o
LOAD ./Middlewares/USB_Device_Library/usbd_ctlreq.o
LOAD ./Middlewares/USB_Device_Library/usbd_hid.o
LOAD ./Middlewares/USB_Device_Library/usbd_ioreq.o
LOAD ./USB_DEVICE/App/usb_device.o
LOAD ./USB_DEVICE/App/usbd_desc.o
LOAD ./USB_DEVICE/Target/usbd_conf.o
START GROUP
LOAD C:/ST/STM32CubeIDE_1.16.1/STM32CubeIDE/plugins/com.st.stm32cube.ide.mcu.externaltools.gnu-tools-for-stm32.12.3.rel1.win32_1.0.200.202406191623/tools/bin/../lib/gcc/arm-none-eabi/12.3.1/../../../../arm-none-eabi/lib/thumb/v7-m/nofp\libc_nano.a
LOAD C:/ST/STM32CubeIDE_1.16.1/STM32CubeIDE/plugins/com.st.stm32cube.ide.mcu.externaltools.gnu-tools-for-stm32.12.3.rel1.win32_1.0.200.202406191623/tools/bin/../lib/gcc/arm-none-eabi/12.3.1/../../../../arm-none-eabi/lib/thumb/v7-m/nofp\libm.a
END GROUP
START GROUP
LOAD C:/ST/STM32CubeIDE_1.16.1/STM32CubeIDE/plugins/com.st.stm32cube.ide.mcu.externaltools.gnu-tools-for-stm32.12.3.rel1.win32_1.0.200.202406191623/tools/bin/../lib/gcc/arm-none-eabi/12.3.1/thumb/v7-m/nofp\libgcc.a
LOAD C:/ST/STM32CubeIDE_1.16.1/STM32CubeIDE/plugins/com.st.stm32cube.ide.mcu.externaltools.gnu-tools-for-stm32.12.3.rel1.win32_1.0.200.202406191623/tools/bin/../lib/gcc/arm-none-eabi/12.3.1/../../../../arm-none-eabi/lib/thumb/v7-m/nofp\libc_nano.a
END GROUP
START GROUP
LOAD C:/ST/STM32CubeIDE_1.16.1/STM32CubeIDE/plugins/com.st.stm32cube.ide.mcu.externaltools.gnu-tools-for-stm32.12.3.rel1.win32_1.0.200.202406191623/tools/bin/../lib/gcc/arm-none-eabi/12.3.1/thumb/v7-m/nofp\libgcc.a
LOAD C:/ST/STM32CubeIDE_1.16.1/STM32CubeIDE/plugins/com.st.stm32cube.ide.mcu.externaltools.gnu-tools-for-stm32.12.3.rel1.win32_1.0.200.202406191623/tools/bin/../lib/gcc/arm-none-eabi/12.3.1/../../../../arm-none-eabi/lib/thumb/v7-m/nofp\libc_nano.a
LOAD C:/ST/STM32CubeIDE_1.16.1/STM32CubeIDE/plugins/com.st.stm32cube.ide.mcu.externaltools.gnu-tools-for-stm32.12.3.rel1.win32_1.0.200.202406191623/tools/bin/../lib/gcc/arm-none-eabi/12.3.1/../../../../arm-none-eabi/lib/thumb/v7-m/nofp\libnosys.a
END GROUP
START GROUP
LOAD C:/ST/STM32CubeIDE_1.16.1/STM32CubeIDE/plugins/com.st.stm32cube.ide.mcu.externaltools.gnu-tools-for-stm32.12.3.rel1.win32_1.0.200.202406191623/tools/bin/../lib/gcc/arm-none-eabi/12.3.1/thumb/v7-m/nofp\libgcc.a
LOAD C:/ST/STM32CubeIDE_1.16.1/STM32CubeIDE/plugins/com.st.stm32cube.ide.mcu.externaltools.gnu-tools-for-stm32.12.3.rel1.win32_1.0.200.202406191623/tools/bin/../lib/gcc/arm-none-eabi/12.3.1/../../../../arm-none-eabi/lib/thumb/v7-m/nofp\libc_nano.a
LOAD C:/ST/STM32CubeIDE_1.16.1/STM32CubeIDE/plugins/com.st.stm32cube.ide.mcu.externaltools.gnu-tools-for-stm32.12.3.rel1.win32_1.0.200.202406191623/tools/bin/../lib/gcc/arm-none-eabi/12.3.1/../../../../arm-none-eabi/lib/thumb/v7-m/nofp\libnosys.a
END GROUP
LOAD C:/ST/STM32CubeIDE_1.16.1/STM32CubeIDE/plugins/com.st.stm32cube.ide.mcu.externaltools.gnu-tools-for-stm32.12.3.rel1.win32_1.0.200.202406191623/tools/bin/../lib/gcc/arm-none-eabi/12.3.1/thumb/v7-m/nofp/crtend.o
LOAD C:/ST/STM32CubeIDE_1.16.1/STM32CubeIDE/plugins/com.st.stm32cube.ide.mcu.externaltools.gnu-tools-for-stm32.12.3.rel1.win32_1.0.200.202406191623/tools/bin/../lib/gcc/arm-none-eabi/12.3.1/thumb/v7-m/nofp/crtn.o
                0x20005000                        _estack = (ORIGIN (RAM) + LENGTH (RAM))
                0x00000200                        _Min_Heap_Size = 0x200
                0x00000400                        _Min_Stack_Size = 0x400

.isr_vector     0x08000000      0x10c
                0x08000000                        . = ALIGN (0x4)
 *(.isr_vector)
 .isr_vector    0x08000000      0x10c ./Core/Startup/startup_stm32f103c8tx.o
                0x08000000                g_pfnVectors
                0x0800010c                        . = ALIGN (0x4)

.text           0x0800010c     0x9570
                0x0800010c                        . = ALIGN (0x4)
 *(.text)
 .text          0x0800010c       0x40 C:/ST/STM32CubeIDE_1.16.1/STM32CubeIDE/plugins/com.st.stm32cube.ide.mcu.externaltools.gnu-tools-for-stm32.12.3.rel1.win32_1.0.200.202406191623/tools/bin/../lib/gcc/arm-none-eabi/12.3.1/thumb/v7-m/nofp/crtbegin.o
 .text          0x0800014c      0x378 C:/ST/STM32CubeIDE_1.16.1/STM32CubeIDE/plugins/com.st.stm32cube.ide.mcu.externaltools.gnu-tools-for-stm32.12.3.rel1.win32_1.0.200.202406191623/tools/bin/../lib/gcc/arm-none-eabi/12.3.1/thumb/v7-m/nofp\libgcc.a(_arm_addsubdf3.o)
                0x0800014c                __aeabi_drsub
                0x08000154                __aeabi_dsub
                0x08000154                __subdf3
                0x08000158                __aeabi_dadd
                0x08000158                __adddf3
                0x080003d0                __floatunsidf
                0x080003d0                __aeabi_ui2d
                0x080003f0                __floatsidf
                0x080003f0                __aeabi_i2d
                0x08000414                __aeabi_f2d
                0x08000414                __extendsfdf2
                0x08000458                __floatundidf
                0x08000458                __aeabi_ul2d
                0x08000468                __floatdidf
                0x08000468                __aeabi_l2d
 .text          0x080004c4      0x424 C:/ST/STM32CubeIDE_1.16.1/STM32CubeIDE/plugins/com.st.stm32cube.ide.mcu.externaltools.gnu-tools-for-stm32.12.3.rel1.win32_1.0.200.202406191623/tools/bin/../lib/gcc/arm-none-eabi/12.3.1/thumb/v7-m/nofp\libgcc.a(_arm_muldivdf3.o)
                0x080004c4                __aeabi_dmul
                0x080004c4                __muldf3
                0x08000718                __divdf3
                0x08000718                __aeabi_ddiv
 .text          0x080008e8      0x110 C:/ST/STM32CubeIDE_1.16.1/STM32CubeIDE/plugins/com.st.stm32cube.ide.mcu.externaltools.gnu-tools-for-stm32.12.3.rel1.win32_1.0.200.202406191623/tools/bin/../lib/gcc/arm-none-eabi/12.3.1/thumb/v7-m/nofp\libgcc.a(_arm_cmpdf2.o)
                0x080008e8                __gtdf2
                0x080008e8                __gedf2
                0x080008f0                __ltdf2
                0x080008f0                __ledf2
                0x080008f8                __nedf2
                0x080008f8                __eqdf2
                0x080008f8                __cmpdf2
                0x08000974                __aeabi_cdrcmple
                0x08000984                __aeabi_cdcmpeq
                0x08000984                __aeabi_cdcmple
                0x08000994                __aeabi_dcmpeq
                0x080009a8                __aeabi_dcmplt
                0x080009bc                __aeabi_dcmple
                0x080009d0                __aeabi_dcmpge
                0x080009e4                __aeabi_dcmpgt
 .text          0x080009f8       0x2c C:/ST/STM32CubeIDE_1.16.1/STM32CubeIDE/plugins/com.st.stm32cube.ide.mcu.externaltools.gnu-tools-for-stm32.12.3.rel1.win32_1.0.200.202406191623/tools/bin/../lib/gcc/arm-none-eabi/12.3.1/thumb/v7-m/nofp\libgcc.a(_arm_unorddf2.o)
                0x080009f8                __unorddf2
                0x080009f8                __aeabi_dcmpun
 .text          0x08000a24       0x40 C:/ST/STM32CubeIDE_1.16.1/STM32CubeIDE/plugins/com.st.stm32cube.ide.mcu.externaltools.gnu-tools-for-stm32.12.3.rel1.win32_1.0.200.202406191623/tools/bin/../lib/gcc/arm-none-eabi/12.3.1/thumb/v7-m/nofp\libgcc.a(_arm_fixunsdfsi.o)
                0x08000a24                __aeabi_d2uiz
                0x08000a24                __fixunsdfsi
 *(.text*)
 .text.HAL_UART_RxCpltCallback
                0x08000a64       0xd0 ./Core/Src/controllers/UsartController.o
                0x08000a64                HAL_UART_RxCpltCallback
 .text.MX_GPIO_Init
                0x08000b34       0xb0 ./Core/Src/inits/gpio.o
                0x08000b34                MX_GPIO_Init
 .text.MX_USART3_UART_Init
                0x08000be4       0x54 ./Core/Src/inits/usart.o
                0x08000be4                MX_USART3_UART_Init
 .text.HAL_UART_MspInit
                0x08000c38       0xa8 ./Core/Src/inits/usart.o
                0x08000c38                HAL_UART_MspInit
 .text.SystemClock_Config
                0x08000ce0       0xb6 ./Core/Src/main.o
                0x08000ce0                SystemClock_Config
 .text.Error_Handler
                0x08000d96        0xc ./Core/Src/main.o
                0x08000d96                Error_Handler
 *fill*         0x08000da2        0x2 
 .text.main     0x08000da4       0x74 ./Core/Src/main.o
                0x08000da4                main
 .text.HAL_MspInit
                0x08000e18       0x64 ./Core/Src/stm32f1xx_hal_msp.o
                0x08000e18                HAL_MspInit
 .text.NMI_Handler
                0x08000e7c        0x8 ./Core/Src/stm32f1xx_it.o
                0x08000e7c                NMI_Handler
 .text.HardFault_Handler
                0x08000e84        0x8 ./Core/Src/stm32f1xx_it.o
                0x08000e84                HardFault_Handler
 .text.MemManage_Handler
                0x08000e8c        0x8 ./Core/Src/stm32f1xx_it.o
                0x08000e8c                MemManage_Handler
 .text.BusFault_Handler
                0x08000e94        0x8 ./Core/Src/stm32f1xx_it.o
                0x08000e94                BusFault_Handler
 .text.UsageFault_Handler
                0x08000e9c        0x8 ./Core/Src/stm32f1xx_it.o
                0x08000e9c                UsageFault_Handler
 .text.SVC_Handler
                0x08000ea4        0xc ./Core/Src/stm32f1xx_it.o
                0x08000ea4                SVC_Handler
 .text.DebugMon_Handler
                0x08000eb0        0xc ./Core/Src/stm32f1xx_it.o
                0x08000eb0                DebugMon_Handler
 .text.PendSV_Handler
                0x08000ebc        0xc ./Core/Src/stm32f1xx_it.o
                0x08000ebc                PendSV_Handler
 .text.SysTick_Handler
                0x08000ec8        0xc ./Core/Src/stm32f1xx_it.o
                0x08000ec8                SysTick_Handler
 .text.USB_LP_CAN1_RX0_IRQHandler
                0x08000ed4       0x14 ./Core/Src/stm32f1xx_it.o
                0x08000ed4                USB_LP_CAN1_RX0_IRQHandler
 .text.USART3_IRQHandler
                0x08000ee8       0x14 ./Core/Src/stm32f1xx_it.o
                0x08000ee8                USART3_IRQHandler
 .text.SystemInit
                0x08000efc        0xc ./Core/Src/system_stm32f1xx.o
                0x08000efc                SystemInit
 .text.AnimationSetup
                0x08000f08       0x36 ./Core/Src/modules/AnimationModule.o
                0x08000f08                AnimationSetup
 *fill*         0x08000f3e        0x2 
 .text.AnimationSet
                0x08000f40       0x64 ./Core/Src/modules/AnimationModule.o
                0x08000f40                AnimationSet
 .text.AnimationRemove
                0x08000fa4       0x18 ./Core/Src/modules/AnimationModule.o
                0x08000fa4                AnimationRemove
 .text.Animate  0x08000fbc       0x34 ./Core/Src/modules/AnimationModule.o
                0x08000fbc                Animate
 .text.MouseMoveAnimation
                0x08000ff0       0xf8 ./Core/Src/modules/AnimationModule.o
                0x08000ff0                MouseMoveAnimation
 .text.KeyboardTextAnimation
                0x080010e8      0x214 ./Core/Src/modules/AnimationModule.o
                0x080010e8                KeyboardTextAnimation
 .text.MouseRoundAnimation
                0x080012fc      0x114 ./Core/Src/modules/AnimationModule.o
                0x080012fc                MouseRoundAnimation
 .text.KeyboardSetup
                0x08001410       0x44 ./Core/Src/modules/KeyboardModule.o
                0x08001410                KeyboardSetup
 .text.KeyboardSet
                0x08001454       0x5c ./Core/Src/modules/KeyboardModule.o
                0x08001454                KeyboardSet
 .text.KeyboardClick
                0x080014b0       0x64 ./Core/Src/modules/KeyboardModule.o
                0x080014b0                KeyboardClick
 .text.KeyboardRemove
                0x08001514       0x2c ./Core/Src/modules/KeyboardModule.o
                0x08001514                KeyboardRemove
 .text.MouseCommandSetup
                0x08001540       0x44 ./Core/Src/modules/MouseModule.o
                0x08001540                MouseCommandSetup
 .text.MouseSet
                0x08001584       0x5c ./Core/Src/modules/MouseModule.o
                0x08001584                MouseSet
 .text.MouseClick
                0x080015e0       0x44 ./Core/Src/modules/MouseModule.o
                0x080015e0                MouseClick
 .text.MouseRemove
                0x08001624       0x30 ./Core/Src/modules/MouseModule.o
                0x08001624                MouseRemove
 .text.crc8     0x08001654       0x7a ./Core/Src/modules/UsartParserModule.o
                0x08001654                crc8
 *fill*         0x080016ce        0x2 
 .text.answer   0x080016d0       0x40 ./Core/Src/modules/UsartParserModule.o
                0x080016d0                answer
 .text.ParsingData
                0x08001710       0xc8 ./Core/Src/modules/UsartParserModule.o
                0x08001710                ParsingData
 .text.Reset_Handler
                0x080017d8       0x48 ./Core/Startup/startup_stm32f103c8tx.o
                0x080017d8                Reset_Handler
 .text.Default_Handler
                0x08001820        0x2 ./Core/Startup/startup_stm32f103c8tx.o
                0x08001820                RTC_Alarm_IRQHandler
                0x08001820                EXTI2_IRQHandler
                0x08001820                TIM1_CC_IRQHandler
                0x08001820                PVD_IRQHandler
                0x08001820                EXTI3_IRQHandler
                0x08001820                EXTI0_IRQHandler
                0x08001820                I2C2_EV_IRQHandler
                0x08001820                ADC1_2_IRQHandler
                0x08001820                SPI1_IRQHandler
                0x08001820                TAMPER_IRQHandler
                0x08001820                DMA1_Channel4_IRQHandler
                0x08001820                RTC_IRQHandler
                0x08001820                DMA1_Channel7_IRQHandler
                0x08001820                CAN1_RX1_IRQHandler
                0x08001820                TIM4_IRQHandler
                0x08001820                I2C1_EV_IRQHandler
                0x08001820                DMA1_Channel6_IRQHandler
                0x08001820                TIM3_IRQHandler
                0x08001820                RCC_IRQHandler
                0x08001820                TIM1_TRG_COM_IRQHandler
                0x08001820                DMA1_Channel1_IRQHandler
                0x08001820                Default_Handler
                0x08001820                EXTI15_10_IRQHandler
                0x08001820                EXTI9_5_IRQHandler
                0x08001820                SPI2_IRQHandler
                0x08001820                DMA1_Channel5_IRQHandler
                0x08001820                EXTI4_IRQHandler
                0x08001820                USB_HP_CAN1_TX_IRQHandler
                0x08001820                DMA1_Channel3_IRQHandler
                0x08001820                TIM1_UP_IRQHandler
                0x08001820                WWDG_IRQHandler
                0x08001820                TIM2_IRQHandler
                0x08001820                TIM1_BRK_IRQHandler
                0x08001820                EXTI1_IRQHandler
                0x08001820                USART2_IRQHandler
                0x08001820                I2C2_ER_IRQHandler
                0x08001820                DMA1_Channel2_IRQHandler
                0x08001820                CAN1_SCE_IRQHandler
                0x08001820                FLASH_IRQHandler
                0x08001820                USART1_IRQHandler
                0x08001820                I2C1_ER_IRQHandler
                0x08001820                USBWakeUp_IRQHandler
 *fill*         0x08001822        0x2 
 .text.HAL_Init
                0x08001824       0x2c ./Drivers/STM32F1xx_HAL_Driver/stm32f1xx_hal.o
                0x08001824                HAL_Init
 .text.HAL_InitTick
                0x08001850       0x60 ./Drivers/STM32F1xx_HAL_Driver/stm32f1xx_hal.o
                0x08001850                HAL_InitTick
 .text.HAL_IncTick
                0x080018b0       0x24 ./Drivers/STM32F1xx_HAL_Driver/stm32f1xx_hal.o
                0x080018b0                HAL_IncTick
 .text.HAL_GetTick
                0x080018d4       0x14 ./Drivers/STM32F1xx_HAL_Driver/stm32f1xx_hal.o
                0x080018d4                HAL_GetTick
 .text.HAL_Delay
                0x080018e8       0x48 ./Drivers/STM32F1xx_HAL_Driver/stm32f1xx_hal.o
                0x080018e8                HAL_Delay
 .text.__NVIC_SetPriorityGrouping
                0x08001930       0x48 ./Drivers/STM32F1xx_HAL_Driver/stm32f1xx_hal_cortex.o
 .text.__NVIC_GetPriorityGrouping
                0x08001978       0x1c ./Drivers/STM32F1xx_HAL_Driver/stm32f1xx_hal_cortex.o
 .text.__NVIC_EnableIRQ
                0x08001994       0x38 ./Drivers/STM32F1xx_HAL_Driver/stm32f1xx_hal_cortex.o
 .text.__NVIC_SetPriority
                0x080019cc       0x54 ./Drivers/STM32F1xx_HAL_Driver/stm32f1xx_hal_cortex.o
 .text.NVIC_EncodePriority
                0x08001a20       0x64 ./Drivers/STM32F1xx_HAL_Driver/stm32f1xx_hal_cortex.o
 .text.SysTick_Config
                0x08001a84       0x44 ./Drivers/STM32F1xx_HAL_Driver/stm32f1xx_hal_cortex.o
 .text.HAL_NVIC_SetPriorityGrouping
                0x08001ac8       0x16 ./Drivers/STM32F1xx_HAL_Driver/stm32f1xx_hal_cortex.o
                0x08001ac8                HAL_NVIC_SetPriorityGrouping
 .text.HAL_NVIC_SetPriority
                0x08001ade       0x38 ./Drivers/STM32F1xx_HAL_Driver/stm32f1xx_hal_cortex.o
                0x08001ade                HAL_NVIC_SetPriority
 .text.HAL_NVIC_EnableIRQ
                0x08001b16       0x1c ./Drivers/STM32F1xx_HAL_Driver/stm32f1xx_hal_cortex.o
                0x08001b16                HAL_NVIC_EnableIRQ
 .text.HAL_SYSTICK_Config
                0x08001b32       0x18 ./Drivers/STM32F1xx_HAL_Driver/stm32f1xx_hal_cortex.o
                0x08001b32                HAL_SYSTICK_Config
 .text.HAL_DMA_Abort
                0x08001b4a       0x76 ./Drivers/STM32F1xx_HAL_Driver/stm32f1xx_hal_dma.o
                0x08001b4a                HAL_DMA_Abort
 .text.HAL_DMA_Abort_IT
                0x08001bc0       0xf0 ./Drivers/STM32F1xx_HAL_Driver/stm32f1xx_hal_dma.o
                0x08001bc0                HAL_DMA_Abort_IT
 .text.HAL_GPIO_Init
                0x08001cb0      0x308 ./Drivers/STM32F1xx_HAL_Driver/stm32f1xx_hal_gpio.o
                0x08001cb0                HAL_GPIO_Init
 .text.HAL_GPIO_WritePin
                0x08001fb8       0x30 ./Drivers/STM32F1xx_HAL_Driver/stm32f1xx_hal_gpio.o
                0x08001fb8                HAL_GPIO_WritePin
 .text.HAL_GPIO_TogglePin
                0x08001fe8       0x32 ./Drivers/STM32F1xx_HAL_Driver/stm32f1xx_hal_gpio.o
                0x08001fe8                HAL_GPIO_TogglePin
 .text.HAL_PCD_Init
                0x0800201a      0x1ec ./Drivers/STM32F1xx_HAL_Driver/stm32f1xx_hal_pcd.o
                0x0800201a                HAL_PCD_Init
 .text.HAL_PCD_Start
                0x08002206       0x4c ./Drivers/STM32F1xx_HAL_Driver/stm32f1xx_hal_pcd.o
                0x08002206                HAL_PCD_Start
 .text.HAL_PCD_IRQHandler
                0x08002252      0x260 ./Drivers/STM32F1xx_HAL_Driver/stm32f1xx_hal_pcd.o
                0x08002252                HAL_PCD_IRQHandler
 .text.HAL_PCD_SetAddress
                0x080024b2       0x48 ./Drivers/STM32F1xx_HAL_Driver/stm32f1xx_hal_pcd.o
                0x080024b2                HAL_PCD_SetAddress
 .text.HAL_PCD_EP_Open
                0x080024fa       0xba ./Drivers/STM32F1xx_HAL_Driver/stm32f1xx_hal_pcd.o
                0x080024fa                HAL_PCD_EP_Open
 .text.HAL_PCD_EP_Close
                0x080025b4       0x90 ./Drivers/STM32F1xx_HAL_Driver/stm32f1xx_hal_pcd.o
                0x080025b4                HAL_PCD_EP_Close
 .text.HAL_PCD_EP_Receive
                0x08002644       0x62 ./Drivers/STM32F1xx_HAL_Driver/stm32f1xx_hal_pcd.o
                0x08002644                HAL_PCD_EP_Receive
 .text.HAL_PCD_EP_Transmit
                0x080026a6       0x6e ./Drivers/STM32F1xx_HAL_Driver/stm32f1xx_hal_pcd.o
                0x080026a6                HAL_PCD_EP_Transmit
 .text.HAL_PCD_EP_SetStall
                0x08002714       0xc0 ./Drivers/STM32F1xx_HAL_Driver/stm32f1xx_hal_pcd.o
                0x08002714                HAL_PCD_EP_SetStall
 .text.HAL_PCD_EP_ClrStall
                0x080027d4       0xa8 ./Drivers/STM32F1xx_HAL_Driver/stm32f1xx_hal_pcd.o
                0x080027d4                HAL_PCD_EP_ClrStall
 .text.PCD_EP_ISR_Handler
                0x0800287c      0x79e ./Drivers/STM32F1xx_HAL_Driver/stm32f1xx_hal_pcd.o
 .text.HAL_PCD_EP_DB_Receive
                0x0800301a      0x21a ./Drivers/STM32F1xx_HAL_Driver/stm32f1xx_hal_pcd.o
 .text.HAL_PCD_EP_DB_Transmit
                0x08003234      0x7f4 ./Drivers/STM32F1xx_HAL_Driver/stm32f1xx_hal_pcd.o
 .text.HAL_PCDEx_PMAConfig
                0x08003a28       0x84 ./Drivers/STM32F1xx_HAL_Driver/stm32f1xx_hal_pcd_ex.o
                0x08003a28                HAL_PCDEx_PMAConfig
 .text.HAL_RCC_OscConfig
                0x08003aac      0x504 ./Drivers/STM32F1xx_HAL_Driver/stm32f1xx_hal_rcc.o
                0x08003aac                HAL_RCC_OscConfig
 .text.HAL_RCC_ClockConfig
                0x08003fb0      0x1d4 ./Drivers/STM32F1xx_HAL_Driver/stm32f1xx_hal_rcc.o
                0x08003fb0                HAL_RCC_ClockConfig
 .text.HAL_RCC_GetSysClockFreq
                0x08004184       0xa8 ./Drivers/STM32F1xx_HAL_Driver/stm32f1xx_hal_rcc.o
                0x08004184                HAL_RCC_GetSysClockFreq
 .text.HAL_RCC_GetHCLKFreq
                0x0800422c       0x14 ./Drivers/STM32F1xx_HAL_Driver/stm32f1xx_hal_rcc.o
                0x0800422c                HAL_RCC_GetHCLKFreq
 .text.HAL_RCC_GetPCLK1Freq
                0x08004240       0x28 ./Drivers/STM32F1xx_HAL_Driver/stm32f1xx_hal_rcc.o
                0x08004240                HAL_RCC_GetPCLK1Freq
 .text.HAL_RCC_GetPCLK2Freq
                0x08004268       0x28 ./Drivers/STM32F1xx_HAL_Driver/stm32f1xx_hal_rcc.o
                0x08004268                HAL_RCC_GetPCLK2Freq
 .text.RCC_Delay
                0x08004290       0x3c ./Drivers/STM32F1xx_HAL_Driver/stm32f1xx_hal_rcc.o
 .text.HAL_RCCEx_PeriphCLKConfig
                0x080042cc      0x16c ./Drivers/STM32F1xx_HAL_Driver/stm32f1xx_hal_rcc_ex.o
                0x080042cc                HAL_RCCEx_PeriphCLKConfig
 .text.HAL_UART_Init
                0x08004438       0xa0 ./Drivers/STM32F1xx_HAL_Driver/stm32f1xx_hal_uart.o
                0x08004438                HAL_UART_Init
 .text.HAL_UART_Transmit
                0x080044d8      0x116 ./Drivers/STM32F1xx_HAL_Driver/stm32f1xx_hal_uart.o
                0x080044d8                HAL_UART_Transmit
 .text.HAL_UART_Receive_IT
                0x080045ee       0x4a ./Drivers/STM32F1xx_HAL_Driver/stm32f1xx_hal_uart.o
                0x080045ee                HAL_UART_Receive_IT
 .text.HAL_UART_IRQHandler
                0x08004638      0x524 ./Drivers/STM32F1xx_HAL_Driver/stm32f1xx_hal_uart.o
                0x08004638                HAL_UART_IRQHandler
 .text.HAL_UART_TxCpltCallback
                0x08004b5c       0x12 ./Drivers/STM32F1xx_HAL_Driver/stm32f1xx_hal_uart.o
                0x08004b5c                HAL_UART_TxCpltCallback
 .text.HAL_UART_ErrorCallback
                0x08004b6e       0x12 ./Drivers/STM32F1xx_HAL_Driver/stm32f1xx_hal_uart.o
                0x08004b6e                HAL_UART_ErrorCallback
 .text.HAL_UARTEx_RxEventCallback
                0x08004b80       0x16 ./Drivers/STM32F1xx_HAL_Driver/stm32f1xx_hal_uart.o
                0x08004b80                HAL_UARTEx_RxEventCallback
 .text.UART_WaitOnFlagUntilTimeout
                0x08004b96       0xb2 ./Drivers/STM32F1xx_HAL_Driver/stm32f1xx_hal_uart.o
 .text.UART_Start_Receive_IT
                0x08004c48       0x72 ./Drivers/STM32F1xx_HAL_Driver/stm32f1xx_hal_uart.o
                0x08004c48                UART_Start_Receive_IT
 .text.UART_EndRxTransfer
                0x08004cba       0xc4 ./Drivers/STM32F1xx_HAL_Driver/stm32f1xx_hal_uart.o
 .text.UART_DMAAbortOnError
                0x08004d7e       0x28 ./Drivers/STM32F1xx_HAL_Driver/stm32f1xx_hal_uart.o
 .text.UART_Transmit_IT
                0x08004da6       0x9e ./Drivers/STM32F1xx_HAL_Driver/stm32f1xx_hal_uart.o
 .text.UART_EndTransmit_IT
                0x08004e44       0x30 ./Drivers/STM32F1xx_HAL_Driver/stm32f1xx_hal_uart.o
 .text.UART_Receive_IT
                0x08004e74      0x17c ./Drivers/STM32F1xx_HAL_Driver/stm32f1xx_hal_uart.o
 .text.UART_SetConfig
                0x08004ff0      0x11c ./Drivers/STM32F1xx_HAL_Driver/stm32f1xx_hal_uart.o
 .text.USB_CoreInit
                0x0800510c       0x1a ./Drivers/STM32F1xx_HAL_Driver/stm32f1xx_ll_usb.o
                0x0800510c                USB_CoreInit
 .text.USB_EnableGlobalInt
                0x08005126       0x2c ./Drivers/STM32F1xx_HAL_Driver/stm32f1xx_ll_usb.o
                0x08005126                USB_EnableGlobalInt
 .text.USB_DisableGlobalInt
                0x08005152       0x34 ./Drivers/STM32F1xx_HAL_Driver/stm32f1xx_ll_usb.o
                0x08005152                USB_DisableGlobalInt
 .text.USB_SetCurrentMode
                0x08005186       0x18 ./Drivers/STM32F1xx_HAL_Driver/stm32f1xx_ll_usb.o
                0x08005186                USB_SetCurrentMode
 .text.USB_DevInit
                0x0800519e       0x3a ./Drivers/STM32F1xx_HAL_Driver/stm32f1xx_ll_usb.o
                0x0800519e                USB_DevInit
 .text.USB_ActivateEndpoint
                0x080051d8      0x780 ./Drivers/STM32F1xx_HAL_Driver/stm32f1xx_ll_usb.o
                0x080051d8                USB_ActivateEndpoint
 .text.USB_DeactivateEndpoint
                0x08005958      0x3d8 ./Drivers/STM32F1xx_HAL_Driver/stm32f1xx_ll_usb.o
                0x08005958                USB_DeactivateEndpoint
 .text.USB_EPStartXfer
                0x08005d30     0x1762 ./Drivers/STM32F1xx_HAL_Driver/stm32f1xx_ll_usb.o
                0x08005d30                USB_EPStartXfer
 .text.USB_EPSetStall
                0x08007492       0xa0 ./Drivers/STM32F1xx_HAL_Driver/stm32f1xx_ll_usb.o
                0x08007492                USB_EPSetStall
 .text.USB_EPClearStall
                0x08007532      0x15a ./Drivers/STM32F1xx_HAL_Driver/stm32f1xx_ll_usb.o
                0x08007532                USB_EPClearStall
 .text.USB_SetDevAddress
                0x0800768c       0x26 ./Drivers/STM32F1xx_HAL_Driver/stm32f1xx_ll_usb.o
                0x0800768c                USB_SetDevAddress
 .text.USB_DevConnect
                0x080076b2       0x14 ./Drivers/STM32F1xx_HAL_Driver/stm32f1xx_ll_usb.o
                0x080076b2                USB_DevConnect
 .text.USB_DevDisconnect
                0x080076c6       0x14 ./Drivers/STM32F1xx_HAL_Driver/stm32f1xx_ll_usb.o
                0x080076c6                USB_DevDisconnect
 .text.USB_ReadInterrupts
                0x080076da       0x1e ./Drivers/STM32F1xx_HAL_Driver/stm32f1xx_ll_usb.o
                0x080076da                USB_ReadInterrupts
 .text.USB_EP0_OutStart
                0x080076f8       0x16 ./Drivers/STM32F1xx_HAL_Driver/stm32f1xx_ll_usb.o
                0x080076f8                USB_EP0_OutStart
 .text.USB_WritePMA
                0x0800770e       0x8a ./Drivers/STM32F1xx_HAL_Driver/stm32f1xx_ll_usb.o
                0x0800770e                USB_WritePMA
 .text.USB_ReadPMA
                0x08007798       0x9e ./Drivers/STM32F1xx_HAL_Driver/stm32f1xx_ll_usb.o
                0x08007798                USB_ReadPMA
 .text.USBD_Init
                0x08007836       0x56 ./Middlewares/USB_Device_Library/usbd_core.o
                0x08007836                USBD_Init
 .text.USBD_RegisterClass
                0x0800788c       0x32 ./Middlewares/USB_Device_Library/usbd_core.o
                0x0800788c                USBD_RegisterClass
 .text.USBD_Start
                0x080078be       0x18 ./Middlewares/USB_Device_Library/usbd_core.o
                0x080078be                USBD_Start
 .text.USBD_RunTestMode
                0x080078d6       0x14 ./Middlewares/USB_Device_Library/usbd_core.o
                0x080078d6                USBD_RunTestMode
 .text.USBD_SetClassConfig
                0x080078ea       0x3e ./Middlewares/USB_Device_Library/usbd_core.o
                0x080078ea                USBD_SetClassConfig
 .text.USBD_ClrClassConfig
                0x08007928       0x26 ./Middlewares/USB_Device_Library/usbd_core.o
                0x08007928                USBD_ClrClassConfig
 .text.USBD_LL_SetupStage
                0x0800794e       0x9a ./Middlewares/USB_Device_Library/usbd_core.o
                0x0800794e                USBD_LL_SetupStage
 .text.USBD_LL_DataOutStage
                0x080079e8       0xe2 ./Middlewares/USB_Device_Library/usbd_core.o
                0x080079e8                USBD_LL_DataOutStage
 .text.USBD_LL_DataInStage
                0x08007aca      0x14a ./Middlewares/USB_Device_Library/usbd_core.o
                0x08007aca                USBD_LL_DataInStage
 .text.USBD_LL_Reset
                0x08007c14       0x82 ./Middlewares/USB_Device_Library/usbd_core.o
                0x08007c14                USBD_LL_Reset
 .text.USBD_LL_SetSpeed
                0x08007c96       0x1e ./Middlewares/USB_Device_Library/usbd_core.o
                0x08007c96                USBD_LL_SetSpeed
 .text.USBD_LL_Suspend
                0x08007cb4       0x28 ./Middlewares/USB_Device_Library/usbd_core.o
                0x08007cb4                USBD_LL_Suspend
 .text.USBD_LL_Resume
                0x08007cdc       0x2a ./Middlewares/USB_Device_Library/usbd_core.o
                0x08007cdc                USBD_LL_Resume
 .text.USBD_LL_SOF
                0x08007d06       0x34 ./Middlewares/USB_Device_Library/usbd_core.o
                0x08007d06                USBD_LL_SOF
 *fill*         0x08007d3a        0x2 
 .text.USBD_StdDevReq
                0x08007d3c       0xd4 ./Middlewares/USB_Device_Library/usbd_ctlreq.o
                0x08007d3c                USBD_StdDevReq
 .text.USBD_StdItfReq
                0x08007e10       0x90 ./Middlewares/USB_Device_Library/usbd_ctlreq.o
                0x08007e10                USBD_StdItfReq
 .text.USBD_StdEPReq
                0x08007ea0      0x2c6 ./Middlewares/USB_Device_Library/usbd_ctlreq.o
                0x08007ea0                USBD_StdEPReq
 *fill*         0x08008166        0x2 
 .text.USBD_GetDescriptor
                0x08008168      0x2d0 ./Middlewares/USB_Device_Library/usbd_ctlreq.o
 .text.USBD_SetAddress
                0x08008438       0x86 ./Middlewares/USB_Device_Library/usbd_ctlreq.o
 *fill*         0x080084be        0x2 
 .text.USBD_SetConfig
                0x080084c0      0x11c ./Middlewares/USB_Device_Library/usbd_ctlreq.o
 .text.USBD_GetConfig
                0x080085dc       0x6a ./Middlewares/USB_Device_Library/usbd_ctlreq.o
 .text.USBD_GetStatus
                0x08008646       0x66 ./Middlewares/USB_Device_Library/usbd_ctlreq.o
 .text.USBD_SetFeature
                0x080086ac       0x28 ./Middlewares/USB_Device_Library/usbd_ctlreq.o
 .text.USBD_ClrFeature
                0x080086d4       0x42 ./Middlewares/USB_Device_Library/usbd_ctlreq.o
 .text.USBD_ParseSetupRequest
                0x08008716       0x72 ./Middlewares/USB_Device_Library/usbd_ctlreq.o
                0x08008716                USBD_ParseSetupRequest
 .text.USBD_CtlError
                0x08008788       0x22 ./Middlewares/USB_Device_Library/usbd_ctlreq.o
                0x08008788                USBD_CtlError
 .text.USBD_GetString
                0x080087aa       0x84 ./Middlewares/USB_Device_Library/usbd_ctlreq.o
                0x080087aa                USBD_GetString
 .text.USBD_GetLen
                0x0800882e       0x2e ./Middlewares/USB_Device_Library/usbd_ctlreq.o
 .text.USBD_HID_Init
                0x0800885c       0x4e ./Middlewares/USB_Device_Library/usbd_hid.o
 .text.USBD_HID_DeInit
                0x080088aa       0x42 ./Middlewares/USB_Device_Library/usbd_hid.o
 .text.USBD_HID_Setup
                0x080088ec      0x1fc ./Middlewares/USB_Device_Library/usbd_hid.o
 .text.USBD_HID_SendReport
                0x08008ae8       0x44 ./Middlewares/USB_Device_Library/usbd_hid.o
                0x08008ae8                USBD_HID_SendReport
 .text.USBD_HID_GetFSCfgDesc
                0x08008b2c       0x20 ./Middlewares/USB_Device_Library/usbd_hid.o
 .text.USBD_HID_GetHSCfgDesc
                0x08008b4c       0x20 ./Middlewares/USB_Device_Library/usbd_hid.o
 .text.USBD_HID_GetOtherSpeedCfgDesc
                0x08008b6c       0x20 ./Middlewares/USB_Device_Library/usbd_hid.o
 .text.USBD_HID_DataIn
                0x08008b8c       0x22 ./Middlewares/USB_Device_Library/usbd_hid.o
 *fill*         0x08008bae        0x2 
 .text.USBD_HID_GetDeviceQualifierDesc
                0x08008bb0       0x20 ./Middlewares/USB_Device_Library/usbd_hid.o
 .text.USBD_CtlSendData
                0x08008bd0       0x38 ./Middlewares/USB_Device_Library/usbd_ioreq.o
                0x08008bd0                USBD_CtlSendData
 .text.USBD_CtlContinueSendData
                0x08008c08       0x24 ./Middlewares/USB_Device_Library/usbd_ioreq.o
                0x08008c08                USBD_CtlContinueSendData
 .text.USBD_CtlContinueRx
                0x08008c2c       0x24 ./Middlewares/USB_Device_Library/usbd_ioreq.o
                0x08008c2c                USBD_CtlContinueRx
 .text.USBD_CtlSendStatus
                0x08008c50       0x26 ./Middlewares/USB_Device_Library/usbd_ioreq.o
                0x08008c50                USBD_CtlSendStatus
 .text.USBD_CtlReceiveStatus
                0x08008c76       0x26 ./Middlewares/USB_Device_Library/usbd_ioreq.o
                0x08008c76                USBD_CtlReceiveStatus
 .text.MX_USB_DEVICE_Init
                0x08008c9c       0x4c ./USB_DEVICE/App/usb_device.o
                0x08008c9c                MX_USB_DEVICE_Init
 .text.USBD_FS_DeviceDescriptor
                0x08008ce8       0x24 ./USB_DEVICE/App/usbd_desc.o
                0x08008ce8                USBD_FS_DeviceDescriptor
 .text.USBD_FS_LangIDStrDescriptor
                0x08008d0c       0x24 ./USB_DEVICE/App/usbd_desc.o
                0x08008d0c                USBD_FS_LangIDStrDescriptor
 .text.USBD_FS_ProductStrDescriptor
                0x08008d30       0x3c ./USB_DEVICE/App/usbd_desc.o
                0x08008d30                USBD_FS_ProductStrDescriptor
 .text.USBD_FS_ManufacturerStrDescriptor
                0x08008d6c       0x28 ./USB_DEVICE/App/usbd_desc.o
                0x08008d6c                USBD_FS_ManufacturerStrDescriptor
 .text.USBD_FS_SerialStrDescriptor
                0x08008d94       0x24 ./USB_DEVICE/App/usbd_desc.o
                0x08008d94                USBD_FS_SerialStrDescriptor
 .text.USBD_FS_ConfigStrDescriptor
                0x08008db8       0x3c ./USB_DEVICE/App/usbd_desc.o
                0x08008db8                USBD_FS_ConfigStrDescriptor
 .text.USBD_FS_InterfaceStrDescriptor
                0x08008df4       0x3c ./USB_DEVICE/App/usbd_desc.o
                0x08008df4                USBD_FS_InterfaceStrDescriptor
 .text.Get_SerialNum
                0x08008e30       0x58 ./USB_DEVICE/App/usbd_desc.o
 .text.IntToUnicode
                0x08008e88       0x7c ./USB_DEVICE/App/usbd_desc.o
 .text.HAL_PCD_MspInit
                0x08008f04       0x4c ./USB_DEVICE/Target/usbd_conf.o
                0x08008f04                HAL_PCD_MspInit
 .text.HAL_PCD_SetupStageCallback
                0x08008f50       0x24 ./USB_DEVICE/Target/usbd_conf.o
                0x08008f50                HAL_PCD_SetupStageCallback
 .text.HAL_PCD_DataOutStageCallback
                0x08008f74       0x36 ./USB_DEVICE/Target/usbd_conf.o
                0x08008f74                HAL_PCD_DataOutStageCallback
 .text.HAL_PCD_DataInStageCallback
                0x08008faa       0x34 ./USB_DEVICE/Target/usbd_conf.o
                0x08008faa                HAL_PCD_DataInStageCallback
 .text.HAL_PCD_SOFCallback
                0x08008fde       0x1c ./USB_DEVICE/Target/usbd_conf.o
                0x08008fde                HAL_PCD_SOFCallback
 .text.HAL_PCD_ResetCallback
                0x08008ffa       0x3c ./USB_DEVICE/Target/usbd_conf.o
                0x08008ffa                HAL_PCD_ResetCallback
 *fill*         0x08009036        0x2 
 .text.HAL_PCD_SuspendCallback
                0x08009038       0x34 ./USB_DEVICE/Target/usbd_conf.o
                0x08009038                HAL_PCD_SuspendCallback
 .text.HAL_PCD_ResumeCallback
                0x0800906c       0x1c ./USB_DEVICE/Target/usbd_conf.o
                0x0800906c                HAL_PCD_ResumeCallback
 .text.USBD_LL_Init
                0x08009088       0x90 ./USB_DEVICE/Target/usbd_conf.o
                0x08009088                USBD_LL_Init
 .text.USBD_LL_Start
                0x08009118       0x36 ./USB_DEVICE/Target/usbd_conf.o
                0x08009118                USBD_LL_Start
 .text.USBD_LL_OpenEP
                0x0800914e       0x4c ./USB_DEVICE/Target/usbd_conf.o
                0x0800914e                USBD_LL_OpenEP
 .text.USBD_LL_CloseEP
                0x0800919a       0x3e ./USB_DEVICE/Target/usbd_conf.o
                0x0800919a                USBD_LL_CloseEP
 .text.USBD_LL_StallEP
                0x080091d8       0x3e ./USB_DEVICE/Target/usbd_conf.o
                0x080091d8                USBD_LL_StallEP
 .text.USBD_LL_ClearStallEP
                0x08009216       0x3e ./USB_DEVICE/Target/usbd_conf.o
                0x08009216                USBD_LL_ClearStallEP
 .text.USBD_LL_IsStallEP
                0x08009254       0x56 ./USB_DEVICE/Target/usbd_conf.o
                0x08009254                USBD_LL_IsStallEP
 .text.USBD_LL_SetUSBAddress
                0x080092aa       0x3e ./USB_DEVICE/Target/usbd_conf.o
                0x080092aa                USBD_LL_SetUSBAddress
 .text.USBD_LL_Transmit
                0x080092e8       0x46 ./USB_DEVICE/Target/usbd_conf.o
                0x080092e8                USBD_LL_Transmit
 .text.USBD_LL_PrepareReceive
                0x0800932e       0x46 ./USB_DEVICE/Target/usbd_conf.o
                0x0800932e                USBD_LL_PrepareReceive
 .text.USBD_static_malloc
                0x08009374       0x18 ./USB_DEVICE/Target/usbd_conf.o
                0x08009374                USBD_static_malloc
 .text.USBD_static_free
                0x0800938c       0x12 ./USB_DEVICE/Target/usbd_conf.o
                0x0800938c                USBD_static_free
 .text.HAL_PCDEx_SetConnectionState
                0x0800939e       0x16 ./USB_DEVICE/Target/usbd_conf.o
                0x0800939e                HAL_PCDEx_SetConnectionState
 .text.USBD_Get_USB_Status
                0x080093b4       0x58 ./USB_DEVICE/Target/usbd_conf.o
 .text.memset   0x0800940c       0x10 C:/ST/STM32CubeIDE_1.16.1/STM32CubeIDE/plugins/com.st.stm32cube.ide.mcu.externaltools.gnu-tools-for-stm32.12.3.rel1.win32_1.0.200.202406191623/tools/bin/../lib/gcc/arm-none-eabi/12.3.1/../../../../arm-none-eabi/lib/thumb/v7-m/nofp\libc_nano.a(libc_a-memset.o)
                0x0800940c                memset
 .text.__errno  0x0800941c        0xc C:/ST/STM32CubeIDE_1.16.1/STM32CubeIDE/plugins/com.st.stm32cube.ide.mcu.externaltools.gnu-tools-for-stm32.12.3.rel1.win32_1.0.200.202406191623/tools/bin/../lib/gcc/arm-none-eabi/12.3.1/../../../../arm-none-eabi/lib/thumb/v7-m/nofp\libc_nano.a(libc_a-errno.o)
                0x0800941c                __errno
 .text.__libc_init_array
                0x08009428       0x48 C:/ST/STM32CubeIDE_1.16.1/STM32CubeIDE/plugins/com.st.stm32cube.ide.mcu.externaltools.gnu-tools-for-stm32.12.3.rel1.win32_1.0.200.202406191623/tools/bin/../lib/gcc/arm-none-eabi/12.3.1/../../../../arm-none-eabi/lib/thumb/v7-m/nofp\libc_nano.a(libc_a-init.o)
                0x08009428                __libc_init_array
 .text.sqrt     0x08009470       0x48 C:/ST/STM32CubeIDE_1.16.1/STM32CubeIDE/plugins/com.st.stm32cube.ide.mcu.externaltools.gnu-tools-for-stm32.12.3.rel1.win32_1.0.200.202406191623/tools/bin/../lib/gcc/arm-none-eabi/12.3.1/../../../../arm-none-eabi/lib/thumb/v7-m/nofp\libm.a(libm_a-w_sqrt.o)
                0x08009470                sqrt
 .text.__ieee754_sqrt
                0x080094b8      0x1ac C:/ST/STM32CubeIDE_1.16.1/STM32CubeIDE/plugins/com.st.stm32cube.ide.mcu.externaltools.gnu-tools-for-stm32.12.3.rel1.win32_1.0.200.202406191623/tools/bin/../lib/gcc/arm-none-eabi/12.3.1/../../../../arm-none-eabi/lib/thumb/v7-m/nofp\libm.a(libm_a-e_sqrt.o)
                0x080094b8                __ieee754_sqrt
 *(.glue_7)
 .glue_7        0x08009664        0x0 linker stubs
 *(.glue_7t)
 .glue_7t       0x08009664        0x0 linker stubs
 *(.eh_frame)
 .eh_frame      0x08009664        0x0 C:/ST/STM32CubeIDE_1.16.1/STM32CubeIDE/plugins/com.st.stm32cube.ide.mcu.externaltools.gnu-tools-for-stm32.12.3.rel1.win32_1.0.200.202406191623/tools/bin/../lib/gcc/arm-none-eabi/12.3.1/thumb/v7-m/nofp/crtbegin.o
 *(.init)
 .init          0x08009664        0x4 C:/ST/STM32CubeIDE_1.16.1/STM32CubeIDE/plugins/com.st.stm32cube.ide.mcu.externaltools.gnu-tools-for-stm32.12.3.rel1.win32_1.0.200.202406191623/tools/bin/../lib/gcc/arm-none-eabi/12.3.1/thumb/v7-m/nofp/crti.o
                0x08009664                _init
 .init          0x08009668        0x8 C:/ST/STM32CubeIDE_1.16.1/STM32CubeIDE/plugins/com.st.stm32cube.ide.mcu.externaltools.gnu-tools-for-stm32.12.3.rel1.win32_1.0.200.202406191623/tools/bin/../lib/gcc/arm-none-eabi/12.3.1/thumb/v7-m/nofp/crtn.o
 *(.fini)
 .fini          0x08009670        0x4 C:/ST/STM32CubeIDE_1.16.1/STM32CubeIDE/plugins/com.st.stm32cube.ide.mcu.externaltools.gnu-tools-for-stm32.12.3.rel1.win32_1.0.200.202406191623/tools/bin/../lib/gcc/arm-none-eabi/12.3.1/thumb/v7-m/nofp/crti.o
                0x08009670                _fini
 .fini          0x08009674        0x8 C:/ST/STM32CubeIDE_1.16.1/STM32CubeIDE/plugins/com.st.stm32cube.ide.mcu.externaltools.gnu-tools-for-stm32.12.3.rel1.win32_1.0.200.202406191623/tools/bin/../lib/gcc/arm-none-eabi/12.3.1/thumb/v7-m/nofp/crtn.o
                0x0800967c                        . = ALIGN (0x4)
                0x0800967c                        _etext = .

.vfp11_veneer   0x0800967c        0x0
 .vfp11_veneer  0x0800967c        0x0 linker stubs

.v4_bx          0x0800967c        0x0
 .v4_bx         0x0800967c        0x0 linker stubs

.iplt           0x0800967c        0x0
 .iplt          0x0800967c        0x0 C:/ST/STM32CubeIDE_1.16.1/STM32CubeIDE/plugins/com.st.stm32cube.ide.mcu.externaltools.gnu-tools-for-stm32.12.3.rel1.win32_1.0.200.202406191623/tools/bin/../lib/gcc/arm-none-eabi/12.3.1/thumb/v7-m/nofp/crtbegin.o

.rodata         0x0800967c       0x80
                0x0800967c                        . = ALIGN (0x4)
 *(.rodata)
 .rodata        0x0800967c        0x9 ./Core/Src/modules/AnimationModule.o
 *fill*         0x08009685        0x3 
 .rodata        0x08009688        0x9 ./Core/Src/modules/KeyboardModule.o
 *fill*         0x08009691        0x3 
 .rodata        0x08009694        0x5 ./Core/Src/modules/MouseModule.o
 *fill*         0x08009699        0x3 
 .rodata        0x0800969c       0x32 ./USB_DEVICE/App/usbd_desc.o
 *(.rodata*)
 *fill*         0x080096ce        0x2 
 .rodata.AHBPrescTable
                0x080096d0       0x10 ./Core/Src/system_stm32f1xx.o
                0x080096d0                AHBPrescTable
 .rodata.APBPrescTable
                0x080096e0        0x8 ./Core/Src/system_stm32f1xx.o
                0x080096e0                APBPrescTable
 .rodata.aPLLMULFactorTable.1
                0x080096e8       0x10 ./Drivers/STM32F1xx_HAL_Driver/stm32f1xx_hal_rcc.o
 .rodata.aPredivFactorTable.0
                0x080096f8        0x2 ./Drivers/STM32F1xx_HAL_Driver/stm32f1xx_hal_rcc.o
                0x080096fc                        . = ALIGN (0x4)
 *fill*         0x080096fa        0x2 

.ARM.extab      0x080096fc        0x0
                0x080096fc                        . = ALIGN (0x4)
 *(.ARM.extab* .gnu.linkonce.armextab.*)
                0x080096fc                        . = ALIGN (0x4)

.ARM            0x080096fc        0x0
                0x080096fc                        . = ALIGN (0x4)
                0x080096fc                        __exidx_start = .
 *(.ARM.exidx*)
                0x080096fc                        __exidx_end = .
                0x080096fc                        . = ALIGN (0x4)

.preinit_array  0x080096fc        0x0
                0x080096fc                        . = ALIGN (0x4)
                0x080096fc                        PROVIDE (__preinit_array_start = .)
 *(.preinit_array*)
                0x080096fc                        PROVIDE (__preinit_array_end = .)
                0x080096fc                        . = ALIGN (0x4)

.init_array     0x080096fc        0x4
                0x080096fc                        . = ALIGN (0x4)
                0x080096fc                        PROVIDE (__init_array_start = .)
 *(SORT_BY_NAME(.init_array.*))
 *(.init_array*)
 .init_array    0x080096fc        0x4 C:/ST/STM32CubeIDE_1.16.1/STM32CubeIDE/plugins/com.st.stm32cube.ide.mcu.externaltools.gnu-tools-for-stm32.12.3.rel1.win32_1.0.200.202406191623/tools/bin/../lib/gcc/arm-none-eabi/12.3.1/thumb/v7-m/nofp/crtbegin.o
                0x08009700                        PROVIDE (__init_array_end = .)
                0x08009700                        . = ALIGN (0x4)

.fini_array     0x08009700        0x4
                0x08009700                        . = ALIGN (0x4)
                [!provide]                        PROVIDE (__fini_array_start = .)
 *(SORT_BY_NAME(.fini_array.*))
 *(.fini_array*)
 .fini_array    0x08009700        0x4 C:/ST/STM32CubeIDE_1.16.1/STM32CubeIDE/plugins/com.st.stm32cube.ide.mcu.externaltools.gnu-tools-for-stm32.12.3.rel1.win32_1.0.200.202406191623/tools/bin/../lib/gcc/arm-none-eabi/12.3.1/thumb/v7-m/nofp/crtbegin.o
                [!provide]                        PROVIDE (__fini_array_end = .)
                0x08009704                        . = ALIGN (0x4)
                0x08009704                        _sidata = LOADADDR (.data)

.rel.dyn        0x08009704        0x0
 .rel.iplt      0x08009704        0x0 C:/ST/STM32CubeIDE_1.16.1/STM32CubeIDE/plugins/com.st.stm32cube.ide.mcu.externaltools.gnu-tools-for-stm32.12.3.rel1.win32_1.0.200.202406191623/tools/bin/../lib/gcc/arm-none-eabi/12.3.1/thumb/v7-m/nofp/crtbegin.o

.data           0x20000000      0x1f0 load address 0x08009704
                0x20000000                        . = ALIGN (0x4)
                0x20000000                        _sdata = .
 *(.data)
 *(.data*)
 .data.SystemCoreClock
                0x20000000        0x4 ./Core/Src/system_stm32f1xx.o
                0x20000000                SystemCoreClock
 .data.flag     0x20000004        0x1 ./Core/Src/modules/AnimationModule.o
                0x20000004                flag
 *fill*         0x20000005        0x3 
 .data.uwTickPrio
                0x20000008        0x4 ./Drivers/STM32F1xx_HAL_Driver/stm32f1xx_hal.o
                0x20000008                uwTickPrio
 .data.uwTickFreq
                0x2000000c        0x1 ./Drivers/STM32F1xx_HAL_Driver/stm32f1xx_hal.o
                0x2000000c                uwTickFreq
 *fill*         0x2000000d        0x3 
 .data.USBD_HID
                0x20000010       0x38 ./Middlewares/USB_Device_Library/usbd_hid.o
                0x20000010                USBD_HID
 .data.USBD_HID_CfgFSDesc
                0x20000048       0x22 ./Middlewares/USB_Device_Library/usbd_hid.o
 *fill*         0x2000006a        0x2 
 .data.USBD_HID_CfgHSDesc
                0x2000006c       0x22 ./Middlewares/USB_Device_Library/usbd_hid.o
 *fill*         0x2000008e        0x2 
 .data.USBD_HID_OtherSpeedCfgDesc
                0x20000090       0x22 ./Middlewares/USB_Device_Library/usbd_hid.o
 *fill*         0x200000b2        0x2 
 .data.USBD_HID_Desc
                0x200000b4        0x9 ./Middlewares/USB_Device_Library/usbd_hid.o
 *fill*         0x200000bd        0x3 
 .data.USBD_HID_DeviceQualifierDesc
                0x200000c0        0xa ./Middlewares/USB_Device_Library/usbd_hid.o
 *fill*         0x200000ca        0x2 
 .data.HID_MOUSE_ReportDesc
                0x200000cc       0x73 ./Middlewares/USB_Device_Library/usbd_hid.o
 *fill*         0x2000013f        0x1 
 .data.FS_Desc  0x20000140       0x1c ./USB_DEVICE/App/usbd_desc.o
                0x20000140                FS_Desc
 .data.USBD_FS_DeviceDesc
                0x2000015c       0x12 ./USB_DEVICE/App/usbd_desc.o
                0x2000015c                USBD_FS_DeviceDesc
 *fill*         0x2000016e        0x2 
 .data.USBD_LangIDDesc
                0x20000170        0x4 ./USB_DEVICE/App/usbd_desc.o
                0x20000170                USBD_LangIDDesc
 .data.USBD_StringSerial
                0x20000174       0x1a ./USB_DEVICE/App/usbd_desc.o
                0x20000174                USBD_StringSerial
 *fill*         0x2000018e        0x2 
 .data._impure_ptr
                0x20000190        0x4 C:/ST/STM32CubeIDE_1.16.1/STM32CubeIDE/plugins/com.st.stm32cube.ide.mcu.externaltools.gnu-tools-for-stm32.12.3.rel1.win32_1.0.200.202406191623/tools/bin/../lib/gcc/arm-none-eabi/12.3.1/../../../../arm-none-eabi/lib/thumb/v7-m/nofp\libc_nano.a(libc_a-impure.o)
                0x20000190                _impure_ptr
 .data._impure_data
                0x20000194       0x4c C:/ST/STM32CubeIDE_1.16.1/STM32CubeIDE/plugins/com.st.stm32cube.ide.mcu.externaltools.gnu-tools-for-stm32.12.3.rel1.win32_1.0.200.202406191623/tools/bin/../lib/gcc/arm-none-eabi/12.3.1/../../../../arm-none-eabi/lib/thumb/v7-m/nofp\libc_nano.a(libc_a-impure.o)
                0x20000194                _impure_data
 .data.tiny     0x200001e0        0x8 C:/ST/STM32CubeIDE_1.16.1/STM32CubeIDE/plugins/com.st.stm32cube.ide.mcu.externaltools.gnu-tools-for-stm32.12.3.rel1.win32_1.0.200.202406191623/tools/bin/../lib/gcc/arm-none-eabi/12.3.1/../../../../arm-none-eabi/lib/thumb/v7-m/nofp\libm.a(libm_a-e_sqrt.o)
 .data.one      0x200001e8        0x8 C:/ST/STM32CubeIDE_1.16.1/STM32CubeIDE/plugins/com.st.stm32cube.ide.mcu.externaltools.gnu-tools-for-stm32.12.3.rel1.win32_1.0.200.202406191623/tools/bin/../lib/gcc/arm-none-eabi/12.3.1/../../../../arm-none-eabi/lib/thumb/v7-m/nofp\libm.a(libm_a-e_sqrt.o)
 *(.RamFunc)
 *(.RamFunc*)
                0x200001f0                        . = ALIGN (0x4)
                0x200001f0                        _edata = .

.igot.plt       0x200001f0        0x0 load address 0x080098f4
 .igot.plt      0x200001f0        0x0 C:/ST/STM32CubeIDE_1.16.1/STM32CubeIDE/plugins/com.st.stm32cube.ide.mcu.externaltools.gnu-tools-for-stm32.12.3.rel1.win32_1.0.200.202406191623/tools/bin/../lib/gcc/arm-none-eabi/12.3.1/thumb/v7-m/nofp/crtbegin.o
                0x200001f0                        . = ALIGN (0x4)

.bss            0x200001f0     0x1578 load address 0x080098f4
                0x200001f0                        _sbss = .
                0x200001f0                        __bss_start__ = _sbss
 *(.bss)
 .bss           0x200001f0       0x1c C:/ST/STM32CubeIDE_1.16.1/STM32CubeIDE/plugins/com.st.stm32cube.ide.mcu.externaltools.gnu-tools-for-stm32.12.3.rel1.win32_1.0.200.202406191623/tools/bin/../lib/gcc/arm-none-eabi/12.3.1/thumb/v7-m/nofp/crtbegin.o
 *(.bss*)
 .bss.length    0x2000020c        0x1 ./Core/Src/controllers/UsartController.o
                0x2000020c                length
 .bss.parsedData
                0x2000020d        0x1 ./Core/Src/controllers/UsartController.o
                0x2000020d                parsedData
 *fill*         0x2000020e        0x2 
 .bss.buffer    0x20000210      0x400 ./Core/Src/controllers/UsartController.o
                0x20000210                buffer
 .bss.timer     0x20000610        0x4 ./Core/Src/controllers/UsartController.o
                0x20000610                timer
 .bss.huart3    0x20000614       0x48 ./Core/Src/inits/usart.o
                0x20000614                huart3
 .bss.rxcall    0x2000065c        0x1 ./Core/Src/main.o
                0x2000065c                rxcall
 *fill*         0x2000065d        0x3 
 .bss.action    0x20000660      0x404 ./Core/Src/main.o
                0x20000660                action
 .bss.animation
                0x20000a64      0x404 ./Core/Src/main.o
                0x20000a64                animation
 .bss.time      0x20000e68        0x4 ./Core/Src/modules/AnimationModule.o
                0x20000e68                time
 .bss.data_set  0x20000e6c        0x2 ./Core/Src/modules/AnimationModule.o
                0x20000e6c                data_set
 .bss.x         0x20000e6e        0x2 ./Core/Src/modules/AnimationModule.o
                0x20000e6e                x
 .bss.y_pos     0x20000e70        0x2 ./Core/Src/modules/AnimationModule.o
                0x20000e70                y_pos
 .bss.y         0x20000e72        0x2 ./Core/Src/modules/AnimationModule.o
                0x20000e72                y
 .bss.repeat_timer.0
                0x20000e74        0x4 ./Core/Src/modules/AnimationModule.o
 .bss.uwTick    0x20000e78        0x4 ./Drivers/STM32F1xx_HAL_Driver/stm32f1xx_hal.o
                0x20000e78                uwTick
 .bss.cfgidx.0  0x20000e7c        0x1 ./Middlewares/USB_Device_Library/usbd_ctlreq.o
 *fill*         0x20000e7d        0x3 
 .bss.hUsbDeviceFS
                0x20000e80      0x2c4 ./USB_DEVICE/App/usb_device.o
                0x20000e80                hUsbDeviceFS
 .bss.USBD_StrDesc
                0x20001144      0x200 ./USB_DEVICE/App/usbd_desc.o
                0x20001144                USBD_StrDesc
 .bss.hpcd_USB_FS
                0x20001344      0x2d8 ./USB_DEVICE/Target/usbd_conf.o
                0x20001344                hpcd_USB_FS
 .bss.mem.0     0x2000161c       0x14 ./USB_DEVICE/Target/usbd_conf.o
 .bss.__sf      0x20001630      0x138 C:/ST/STM32CubeIDE_1.16.1/STM32CubeIDE/plugins/com.st.stm32cube.ide.mcu.externaltools.gnu-tools-for-stm32.12.3.rel1.win32_1.0.200.202406191623/tools/bin/../lib/gcc/arm-none-eabi/12.3.1/../../../../arm-none-eabi/lib/thumb/v7-m/nofp\libc_nano.a(libc_a-findfp.o)
                0x20001630                __sf
 *(COMMON)
                0x20001768                        . = ALIGN (0x4)
                0x20001768                        _ebss = .
                0x20001768                        __bss_end__ = _ebss

._user_heap_stack
                0x20001768      0x600 load address 0x080098f4
                0x20001768                        . = ALIGN (0x8)
                [!provide]                        PROVIDE (end = .)
                0x20001768                        PROVIDE (_end = .)
                0x20001968                        . = (. + _Min_Heap_Size)
 *fill*         0x20001768      0x200 
                0x20001d68                        . = (. + _Min_Stack_Size)
 *fill*         0x20001968      0x400 
                0x20001d68                        . = ALIGN (0x8)

/DISCARD/
 libc.a(*)
 libm.a(*)
 libgcc.a(*)

.ARM.attributes
                0x00000000       0x29
 *(.ARM.attributes)
 .ARM.attributes
                0x00000000       0x1d C:/ST/STM32CubeIDE_1.16.1/STM32CubeIDE/plugins/com.st.stm32cube.ide.mcu.externaltools.gnu-tools-for-stm32.12.3.rel1.win32_1.0.200.202406191623/tools/bin/../lib/gcc/arm-none-eabi/12.3.1/thumb/v7-m/nofp/crti.o
 .ARM.attributes
                0x0000001d       0x2d C:/ST/STM32CubeIDE_1.16.1/STM32CubeIDE/plugins/com.st.stm32cube.ide.mcu.externaltools.gnu-tools-for-stm32.12.3.rel1.win32_1.0.200.202406191623/tools/bin/../lib/gcc/arm-none-eabi/12.3.1/thumb/v7-m/nofp/crtbegin.o
 .ARM.attributes
                0x0000004a       0x2d ./Core/Src/controllers/UsartController.o
 .ARM.attributes
                0x00000077       0x2d ./Core/Src/inits/gpio.o
 .ARM.attributes
                0x000000a4       0x2d ./Core/Src/inits/usart.o
 .ARM.attributes
                0x000000d1       0x2d ./Core/Src/main.o
 .ARM.attributes
                0x000000fe       0x2d ./Core/Src/stm32f1xx_hal_msp.o
 .ARM.attributes
                0x0000012b       0x2d ./Core/Src/stm32f1xx_it.o
 .ARM.attributes
                0x00000158       0x2d ./Core/Src/system_stm32f1xx.o
 .ARM.attributes
                0x00000185       0x2d ./Core/Src/modules/AnimationModule.o
 .ARM.attributes
                0x000001b2       0x2d ./Core/Src/modules/KeyboardModule.o
 .ARM.attributes
                0x000001df       0x2d ./Core/Src/modules/MouseModule.o
 .ARM.attributes
                0x0000020c       0x2d ./Core/Src/modules/UsartParserModule.o
 .ARM.attributes
                0x00000239       0x21 ./Core/Startup/startup_stm32f103c8tx.o
 .ARM.attributes
                0x0000025a       0x2d ./Drivers/STM32F1xx_HAL_Driver/stm32f1xx_hal.o
 .ARM.attributes
                0x00000287       0x2d ./Drivers/STM32F1xx_HAL_Driver/stm32f1xx_hal_cortex.o
 .ARM.attributes
                0x000002b4       0x2d ./Drivers/STM32F1xx_HAL_Driver/stm32f1xx_hal_dma.o
 .ARM.attributes
                0x000002e1       0x2d ./Drivers/STM32F1xx_HAL_Driver/stm32f1xx_hal_gpio.o
 .ARM.attributes
                0x0000030e       0x2d ./Drivers/STM32F1xx_HAL_Driver/stm32f1xx_hal_pcd.o
 .ARM.attributes
                0x0000033b       0x2d ./Drivers/STM32F1xx_HAL_Driver/stm32f1xx_hal_pcd_ex.o
 .ARM.attributes
                0x00000368       0x2d ./Drivers/STM32F1xx_HAL_Driver/stm32f1xx_hal_rcc.o
 .ARM.attributes
                0x00000395       0x2d ./Drivers/STM32F1xx_HAL_Driver/stm32f1xx_hal_rcc_ex.o
 .ARM.attributes
                0x000003c2       0x2d ./Drivers/STM32F1xx_HAL_Driver/stm32f1xx_hal_uart.o
 .ARM.attributes
                0x000003ef       0x2d ./Drivers/STM32F1xx_HAL_Driver/stm32f1xx_ll_usb.o
 .ARM.attributes
                0x0000041c       0x2d ./Middlewares/USB_Device_Library/usbd_core.o
 .ARM.attributes
                0x00000449       0x2d ./Middlewares/USB_Device_Library/usbd_ctlreq.o
 .ARM.attributes
                0x00000476       0x2d ./Middlewares/USB_Device_Library/usbd_hid.o
 .ARM.attributes
                0x000004a3       0x2d ./Middlewares/USB_Device_Library/usbd_ioreq.o
 .ARM.attributes
                0x000004d0       0x2d ./USB_DEVICE/App/usb_device.o
 .ARM.attributes
                0x000004fd       0x2d ./USB_DEVICE/App/usbd_desc.o
 .ARM.attributes
                0x0000052a       0x2d ./USB_DEVICE/Target/usbd_conf.o
 .ARM.attributes
                0x00000557       0x2d C:/ST/STM32CubeIDE_1.16.1/STM32CubeIDE/plugins/com.st.stm32cube.ide.mcu.externaltools.gnu-tools-for-stm32.12.3.rel1.win32_1.0.200.202406191623/tools/bin/../lib/gcc/arm-none-eabi/12.3.1/../../../../arm-none-eabi/lib/thumb/v7-m/nofp\libc_nano.a(libc_a-findfp.o)
 .ARM.attributes
                0x00000584       0x2d C:/ST/STM32CubeIDE_1.16.1/STM32CubeIDE/plugins/com.st.stm32cube.ide.mcu.externaltools.gnu-tools-for-stm32.12.3.rel1.win32_1.0.200.202406191623/tools/bin/../lib/gcc/arm-none-eabi/12.3.1/../../../../arm-none-eabi/lib/thumb/v7-m/nofp\libc_nano.a(libc_a-memset.o)
 .ARM.attributes
                0x000005b1       0x2d C:/ST/STM32CubeIDE_1.16.1/STM32CubeIDE/plugins/com.st.stm32cube.ide.mcu.externaltools.gnu-tools-for-stm32.12.3.rel1.win32_1.0.200.202406191623/tools/bin/../lib/gcc/arm-none-eabi/12.3.1/../../../../arm-none-eabi/lib/thumb/v7-m/nofp\libc_nano.a(libc_a-impure.o)
 .ARM.attributes
                0x000005de       0x2d C:/ST/STM32CubeIDE_1.16.1/STM32CubeIDE/plugins/com.st.stm32cube.ide.mcu.externaltools.gnu-tools-for-stm32.12.3.rel1.win32_1.0.200.202406191623/tools/bin/../lib/gcc/arm-none-eabi/12.3.1/../../../../arm-none-eabi/lib/thumb/v7-m/nofp\libc_nano.a(libc_a-errno.o)
 .ARM.attributes
                0x0000060b       0x2d C:/ST/STM32CubeIDE_1.16.1/STM32CubeIDE/plugins/com.st.stm32cube.ide.mcu.externaltools.gnu-tools-for-stm32.12.3.rel1.win32_1.0.200.202406191623/tools/bin/../lib/gcc/arm-none-eabi/12.3.1/../../../../arm-none-eabi/lib/thumb/v7-m/nofp\libc_nano.a(libc_a-init.o)
 .ARM.attributes
                0x00000638       0x2d C:/ST/STM32CubeIDE_1.16.1/STM32CubeIDE/plugins/com.st.stm32cube.ide.mcu.externaltools.gnu-tools-for-stm32.12.3.rel1.win32_1.0.200.202406191623/tools/bin/../lib/gcc/arm-none-eabi/12.3.1/../../../../arm-none-eabi/lib/thumb/v7-m/nofp\libm.a(libm_a-w_sqrt.o)
 .ARM.attributes
                0x00000665       0x2d C:/ST/STM32CubeIDE_1.16.1/STM32CubeIDE/plugins/com.st.stm32cube.ide.mcu.externaltools.gnu-tools-for-stm32.12.3.rel1.win32_1.0.200.202406191623/tools/bin/../lib/gcc/arm-none-eabi/12.3.1/../../../../arm-none-eabi/lib/thumb/v7-m/nofp\libm.a(libm_a-e_sqrt.o)
 .ARM.attributes
                0x00000692       0x1d C:/ST/STM32CubeIDE_1.16.1/STM32CubeIDE/plugins/com.st.stm32cube.ide.mcu.externaltools.gnu-tools-for-stm32.12.3.rel1.win32_1.0.200.202406191623/tools/bin/../lib/gcc/arm-none-eabi/12.3.1/thumb/v7-m/nofp\libgcc.a(_arm_addsubdf3.o)
 .ARM.attributes
                0x000006af       0x1d C:/ST/STM32CubeIDE_1.16.1/STM32CubeIDE/plugins/com.st.stm32cube.ide.mcu.externaltools.gnu-tools-for-stm32.12.3.rel1.win32_1.0.200.202406191623/tools/bin/../lib/gcc/arm-none-eabi/12.3.1/thumb/v7-m/nofp\libgcc.a(_arm_muldivdf3.o)
 .ARM.attributes
                0x000006cc       0x1d C:/ST/STM32CubeIDE_1.16.1/STM32CubeIDE/plugins/com.st.stm32cube.ide.mcu.externaltools.gnu-tools-for-stm32.12.3.rel1.win32_1.0.200.202406191623/tools/bin/../lib/gcc/arm-none-eabi/12.3.1/thumb/v7-m/nofp\libgcc.a(_arm_cmpdf2.o)
 .ARM.attributes
                0x000006e9       0x1d C:/ST/STM32CubeIDE_1.16.1/STM32CubeIDE/plugins/com.st.stm32cube.ide.mcu.externaltools.gnu-tools-for-stm32.12.3.rel1.win32_1.0.200.202406191623/tools/bin/../lib/gcc/arm-none-eabi/12.3.1/thumb/v7-m/nofp\libgcc.a(_arm_unorddf2.o)
 .ARM.attributes
                0x00000706       0x1d C:/ST/STM32CubeIDE_1.16.1/STM32CubeIDE/plugins/com.st.stm32cube.ide.mcu.externaltools.gnu-tools-for-stm32.12.3.rel1.win32_1.0.200.202406191623/tools/bin/../lib/gcc/arm-none-eabi/12.3.1/thumb/v7-m/nofp\libgcc.a(_arm_fixunsdfsi.o)
 .ARM.attributes
                0x00000723       0x1d C:/ST/STM32CubeIDE_1.16.1/STM32CubeIDE/plugins/com.st.stm32cube.ide.mcu.externaltools.gnu-tools-for-stm32.12.3.rel1.win32_1.0.200.202406191623/tools/bin/../lib/gcc/arm-none-eabi/12.3.1/thumb/v7-m/nofp/crtn.o
OUTPUT(STM32F103HidDeviceEmulator.elf elf32-littlearm)
LOAD linker stubs
LOAD C:/ST/STM32CubeIDE_1.16.1/STM32CubeIDE/plugins/com.st.stm32cube.ide.mcu.externaltools.gnu-tools-for-stm32.12.3.rel1.win32_1.0.200.202406191623/tools/bin/../lib/gcc/arm-none-eabi/12.3.1/../../../../arm-none-eabi/lib/thumb/v7-m/nofp\libc.a
LOAD C:/ST/STM32CubeIDE_1.16.1/STM32CubeIDE/plugins/com.st.stm32cube.ide.mcu.externaltools.gnu-tools-for-stm32.12.3.rel1.win32_1.0.200.202406191623/tools/bin/../lib/gcc/arm-none-eabi/12.3.1/../../../../arm-none-eabi/lib/thumb/v7-m/nofp\libm.a
LOAD C:/ST/STM32CubeIDE_1.16.1/STM32CubeIDE/plugins/com.st.stm32cube.ide.mcu.externaltools.gnu-tools-for-stm32.12.3.rel1.win32_1.0.200.202406191623/tools/bin/../lib/gcc/arm-none-eabi/12.3.1/thumb/v7-m/nofp\libgcc.a

.debug_info     0x00000000    0x1185b
 .debug_info    0x00000000      0x6ac ./Core/Src/controllers/UsartController.o
 .debug_info    0x000006ac      0x2d3 ./Core/Src/inits/gpio.o
 .debug_info    0x0000097f      0x92a ./Core/Src/inits/usart.o
 .debug_info    0x000012a9      0x918 ./Core/Src/main.o
 .debug_info    0x00001bc1      0x1f1 ./Core/Src/stm32f1xx_hal_msp.o
 .debug_info    0x00001db2      0xa59 ./Core/Src/stm32f1xx_it.o
 .debug_info    0x0000280b      0x222 ./Core/Src/system_stm32f1xx.o
 .debug_info    0x00002a2d      0x7bb ./Core/Src/modules/AnimationModule.o
 .debug_info    0x000031e8      0x62b ./Core/Src/modules/KeyboardModule.o
 .debug_info    0x00003813      0x618 ./Core/Src/modules/MouseModule.o
 .debug_info    0x00003e2b      0x71c ./Core/Src/modules/UsartParserModule.o
 .debug_info    0x00004547       0x30 ./Core/Startup/startup_stm32f103c8tx.o
 .debug_info    0x00004577      0x704 ./Drivers/STM32F1xx_HAL_Driver/stm32f1xx_hal.o
 .debug_info    0x00004c7b      0xa87 ./Drivers/STM32F1xx_HAL_Driver/stm32f1xx_hal_cortex.o
 .debug_info    0x00005702      0x6d2 ./Drivers/STM32F1xx_HAL_Driver/stm32f1xx_hal_dma.o
 .debug_info    0x00005dd4      0x5ab ./Drivers/STM32F1xx_HAL_Driver/stm32f1xx_hal_gpio.o
 .debug_info    0x0000637f     0x16dc ./Drivers/STM32F1xx_HAL_Driver/stm32f1xx_hal_pcd.o
 .debug_info    0x00007a5b      0x6c3 ./Drivers/STM32F1xx_HAL_Driver/stm32f1xx_hal_pcd_ex.o
 .debug_info    0x0000811e      0x7d5 ./Drivers/STM32F1xx_HAL_Driver/stm32f1xx_hal_rcc.o
 .debug_info    0x000088f3      0x3c0 ./Drivers/STM32F1xx_HAL_Driver/stm32f1xx_hal_rcc_ex.o
 .debug_info    0x00008cb3     0x2eed ./Drivers/STM32F1xx_HAL_Driver/stm32f1xx_hal_uart.o
 .debug_info    0x0000bba0     0x17ae ./Drivers/STM32F1xx_HAL_Driver/stm32f1xx_ll_usb.o
 .debug_info    0x0000d34e      0xa52 ./Middlewares/USB_Device_Library/usbd_core.o
 .debug_info    0x0000dda0      0x91c ./Middlewares/USB_Device_Library/usbd_ctlreq.o
 .debug_info    0x0000e6bc      0x927 ./Middlewares/USB_Device_Library/usbd_hid.o
 .debug_info    0x0000efe3      0x6a0 ./Middlewares/USB_Device_Library/usbd_ioreq.o
 .debug_info    0x0000f683      0x53a ./USB_DEVICE/App/usb_device.o
 .debug_info    0x0000fbbd      0x44a ./USB_DEVICE/App/usbd_desc.o
 .debug_info    0x00010007     0x1854 ./USB_DEVICE/Target/usbd_conf.o

.debug_abbrev   0x00000000     0x3921
 .debug_abbrev  0x00000000      0x1bb ./Core/Src/controllers/UsartController.o
 .debug_abbrev  0x000001bb      0x13f ./Core/Src/inits/gpio.o
 .debug_abbrev  0x000002fa      0x205 ./Core/Src/inits/usart.o
 .debug_abbrev  0x000004ff      0x24d ./Core/Src/main.o
 .debug_abbrev  0x0000074c       0xdb ./Core/Src/stm32f1xx_hal_msp.o
 .debug_abbrev  0x00000827      0x1bb ./Core/Src/stm32f1xx_it.o
 .debug_abbrev  0x000009e2      0x13f ./Core/Src/system_stm32f1xx.o
 .debug_abbrev  0x00000b21      0x27f ./Core/Src/modules/AnimationModule.o
 .debug_abbrev  0x00000da0      0x1f7 ./Core/Src/modules/KeyboardModule.o
 .debug_abbrev  0x00000f97      0x1f5 ./Core/Src/modules/MouseModule.o
 .debug_abbrev  0x0000118c      0x1e4 ./Core/Src/modules/UsartParserModule.o
 .debug_abbrev  0x00001370       0x24 ./Core/Startup/startup_stm32f103c8tx.o
 .debug_abbrev  0x00001394      0x201 ./Drivers/STM32F1xx_HAL_Driver/stm32f1xx_hal.o
 .debug_abbrev  0x00001595      0x2f8 ./Drivers/STM32F1xx_HAL_Driver/stm32f1xx_hal_cortex.o
 .debug_abbrev  0x0000188d      0x20b ./Drivers/STM32F1xx_HAL_Driver/stm32f1xx_hal_dma.o
 .debug_abbrev  0x00001a98      0x1ca ./Drivers/STM32F1xx_HAL_Driver/stm32f1xx_hal_gpio.o
 .debug_abbrev  0x00001c62      0x2d6 ./Drivers/STM32F1xx_HAL_Driver/stm32f1xx_hal_pcd.o
 .debug_abbrev  0x00001f38      0x189 ./Drivers/STM32F1xx_HAL_Driver/stm32f1xx_hal_pcd_ex.o
 .debug_abbrev  0x000020c1      0x2b3 ./Drivers/STM32F1xx_HAL_Driver/stm32f1xx_hal_rcc.o
 .debug_abbrev  0x00002374      0x188 ./Drivers/STM32F1xx_HAL_Driver/stm32f1xx_hal_rcc_ex.o
 .debug_abbrev  0x000024fc      0x2f8 ./Drivers/STM32F1xx_HAL_Driver/stm32f1xx_hal_uart.o
 .debug_abbrev  0x000027f4      0x1de ./Drivers/STM32F1xx_HAL_Driver/stm32f1xx_ll_usb.o
 .debug_abbrev  0x000029d2      0x24a ./Middlewares/USB_Device_Library/usbd_core.o
 .debug_abbrev  0x00002c1c      0x26b ./Middlewares/USB_Device_Library/usbd_ctlreq.o
 .debug_abbrev  0x00002e87      0x26b ./Middlewares/USB_Device_Library/usbd_hid.o
 .debug_abbrev  0x000030f2      0x192 ./Middlewares/USB_Device_Library/usbd_ioreq.o
 .debug_abbrev  0x00003284      0x188 ./USB_DEVICE/App/usb_device.o
 .debug_abbrev  0x0000340c      0x1ff ./USB_DEVICE/App/usbd_desc.o
 .debug_abbrev  0x0000360b      0x316 ./USB_DEVICE/Target/usbd_conf.o

.debug_aranges  0x00000000      0xdf0
 .debug_aranges
                0x00000000       0x20 ./Core/Src/controllers/UsartController.o
 .debug_aranges
                0x00000020       0x20 ./Core/Src/inits/gpio.o
 .debug_aranges
                0x00000040       0x30 ./Core/Src/inits/usart.o
 .debug_aranges
                0x00000070       0x30 ./Core/Src/main.o
 .debug_aranges
                0x000000a0       0x20 ./Core/Src/stm32f1xx_hal_msp.o
 .debug_aranges
                0x000000c0       0x70 ./Core/Src/stm32f1xx_it.o
 .debug_aranges
                0x00000130       0x28 ./Core/Src/system_stm32f1xx.o
 .debug_aranges
                0x00000158       0x50 ./Core/Src/modules/AnimationModule.o
 .debug_aranges
                0x000001a8       0x38 ./Core/Src/modules/KeyboardModule.o
 .debug_aranges
                0x000001e0       0x38 ./Core/Src/modules/MouseModule.o
 .debug_aranges
                0x00000218       0x30 ./Core/Src/modules/UsartParserModule.o
 .debug_aranges
                0x00000248       0x28 ./Core/Startup/startup_stm32f103c8tx.o
 .debug_aranges
                0x00000270       0xe0 ./Drivers/STM32F1xx_HAL_Driver/stm32f1xx_hal.o
 .debug_aranges
                0x00000350      0x100 ./Drivers/STM32F1xx_HAL_Driver/stm32f1xx_hal_cortex.o
 .debug_aranges
                0x00000450       0x80 ./Drivers/STM32F1xx_HAL_Driver/stm32f1xx_hal_dma.o
 .debug_aranges
                0x000004d0       0x58 ./Drivers/STM32F1xx_HAL_Driver/stm32f1xx_hal_gpio.o
 .debug_aranges
                0x00000528      0x140 ./Drivers/STM32F1xx_HAL_Driver/stm32f1xx_hal_pcd.o
 .debug_aranges
                0x00000668       0x38 ./Drivers/STM32F1xx_HAL_Driver/stm32f1xx_hal_pcd_ex.o
 .debug_aranges
                0x000006a0       0x90 ./Drivers/STM32F1xx_HAL_Driver/stm32f1xx_hal_rcc.o
 .debug_aranges
                0x00000730       0x30 ./Drivers/STM32F1xx_HAL_Driver/stm32f1xx_hal_rcc_ex.o
 .debug_aranges
                0x00000760      0x208 ./Drivers/STM32F1xx_HAL_Driver/stm32f1xx_hal_uart.o
 .debug_aranges
                0x00000968       0xf8 ./Drivers/STM32F1xx_HAL_Driver/stm32f1xx_ll_usb.o
 .debug_aranges
                0x00000a60       0xb8 ./Middlewares/USB_Device_Library/usbd_core.o
 .debug_aranges
                0x00000b18       0x88 ./Middlewares/USB_Device_Library/usbd_ctlreq.o
 .debug_aranges
                0x00000ba0       0x68 ./Middlewares/USB_Device_Library/usbd_hid.o
 .debug_aranges
                0x00000c08       0x50 ./Middlewares/USB_Device_Library/usbd_ioreq.o
 .debug_aranges
                0x00000c58       0x20 ./USB_DEVICE/App/usb_device.o
 .debug_aranges
                0x00000c78       0x60 ./USB_DEVICE/App/usbd_desc.o
 .debug_aranges
                0x00000cd8      0x118 ./USB_DEVICE/Target/usbd_conf.o

.debug_rnglists
                0x00000000      0xa67
 .debug_rnglists
                0x00000000       0x14 ./Core/Src/controllers/UsartController.o
 .debug_rnglists
                0x00000014       0x14 ./Core/Src/inits/gpio.o
 .debug_rnglists
                0x00000028       0x20 ./Core/Src/inits/usart.o
 .debug_rnglists
                0x00000048       0x20 ./Core/Src/main.o
 .debug_rnglists
                0x00000068       0x13 ./Core/Src/stm32f1xx_hal_msp.o
 .debug_rnglists
                0x0000007b       0x4f ./Core/Src/stm32f1xx_it.o
 .debug_rnglists
                0x000000ca       0x1a ./Core/Src/system_stm32f1xx.o
 .debug_rnglists
                0x000000e4       0x3a ./Core/Src/modules/AnimationModule.o
 .debug_rnglists
                0x0000011e       0x25 ./Core/Src/modules/KeyboardModule.o
 .debug_rnglists
                0x00000143       0x25 ./Core/Src/modules/MouseModule.o
 .debug_rnglists
                0x00000168       0x2f ./Core/Src/modules/UsartParserModule.o
 .debug_rnglists
                0x00000197       0x19 ./Core/Startup/startup_stm32f103c8tx.o
 .debug_rnglists
                0x000001b0       0xa3 ./Drivers/STM32F1xx_HAL_Driver/stm32f1xx_hal.o
 .debug_rnglists
                0x00000253       0xbb ./Drivers/STM32F1xx_HAL_Driver/stm32f1xx_hal_cortex.o
 .debug_rnglists
                0x0000030e       0x64 ./Drivers/STM32F1xx_HAL_Driver/stm32f1xx_hal_dma.o
 .debug_rnglists
                0x00000372       0x3f ./Drivers/STM32F1xx_HAL_Driver/stm32f1xx_hal_gpio.o
 .debug_rnglists
                0x000003b1       0xf4 ./Drivers/STM32F1xx_HAL_Driver/stm32f1xx_hal_pcd.o
 .debug_rnglists
                0x000004a5       0x26 ./Drivers/STM32F1xx_HAL_Driver/stm32f1xx_hal_pcd_ex.o
 .debug_rnglists
                0x000004cb       0x6c ./Drivers/STM32F1xx_HAL_Driver/stm32f1xx_hal_rcc.o
 .debug_rnglists
                0x00000537       0x21 ./Drivers/STM32F1xx_HAL_Driver/stm32f1xx_hal_rcc_ex.o
 .debug_rnglists
                0x00000558      0x1bc ./Drivers/STM32F1xx_HAL_Driver/stm32f1xx_hal_uart.o
 .debug_rnglists
                0x00000714       0xbd ./Drivers/STM32F1xx_HAL_Driver/stm32f1xx_ll_usb.o
 .debug_rnglists
                0x000007d1       0x89 ./Middlewares/USB_Device_Library/usbd_core.o
 .debug_rnglists
                0x0000085a       0x68 ./Middlewares/USB_Device_Library/usbd_ctlreq.o
 .debug_rnglists
                0x000008c2       0x4a ./Middlewares/USB_Device_Library/usbd_hid.o
 .debug_rnglists
                0x0000090c       0x37 ./Middlewares/USB_Device_Library/usbd_ioreq.o
 .debug_rnglists
                0x00000943       0x13 ./USB_DEVICE/App/usb_device.o
 .debug_rnglists
                0x00000956       0x43 ./USB_DEVICE/App/usbd_desc.o
 .debug_rnglists
                0x00000999       0xce ./USB_DEVICE/Target/usbd_conf.o

.debug_macro    0x00000000    0x1a78f
 .debug_macro   0x00000000      0x1d9 ./Core/Src/controllers/UsartController.o
 .debug_macro   0x000001d9      0xaa8 ./Core/Src/controllers/UsartController.o
 .debug_macro   0x00000c81      0x21b ./Core/Src/controllers/UsartController.o
 .debug_macro   0x00000e9c       0x2e ./Core/Src/controllers/UsartController.o
 .debug_macro   0x00000eca       0x22 ./Core/Src/controllers/UsartController.o
 .debug_macro   0x00000eec       0x22 ./Core/Src/controllers/UsartController.o
 .debug_macro   0x00000f0e       0x8e ./Core/Src/controllers/UsartController.o
 .debug_macro   0x00000f9c       0x51 ./Core/Src/controllers/UsartController.o
 .debug_macro   0x00000fed      0x103 ./Core/Src/controllers/UsartController.o
 .debug_macro   0x000010f0       0x6a ./Core/Src/controllers/UsartController.o
 .debug_macro   0x0000115a      0x1df ./Core/Src/controllers/UsartController.o
 .debug_macro   0x00001339       0x1c ./Core/Src/controllers/UsartController.o
 .debug_macro   0x00001355       0x22 ./Core/Src/controllers/UsartController.o
 .debug_macro   0x00001377       0xbd ./Core/Src/controllers/UsartController.o
 .debug_macro   0x00001434      0xd23 ./Core/Src/controllers/UsartController.o
 .debug_macro   0x00002157     0xe09e ./Core/Src/controllers/UsartController.o
 .debug_macro   0x000101f5       0x6d ./Core/Src/controllers/UsartController.o
 .debug_macro   0x00010262     0x34a2 ./Core/Src/controllers/UsartController.o
 .debug_macro   0x00013704      0x189 ./Core/Src/controllers/UsartController.o
 .debug_macro   0x0001388d       0x5c ./Core/Src/controllers/UsartController.o
 .debug_macro   0x000138e9      0x5bc ./Core/Src/controllers/UsartController.o
 .debug_macro   0x00013ea5      0x289 ./Core/Src/controllers/UsartController.o
 .debug_macro   0x0001412e      0x1cb ./Core/Src/controllers/UsartController.o
 .debug_macro   0x000142f9      0x114 ./Core/Src/controllers/UsartController.o
 .debug_macro   0x0001440d      0x1b2 ./Core/Src/controllers/UsartController.o
 .debug_macro   0x000145bf       0x27 ./Core/Src/controllers/UsartController.o
 .debug_macro   0x000145e6      0x136 ./Core/Src/controllers/UsartController.o
 .debug_macro   0x0001471c      0x1bc ./Core/Src/controllers/UsartController.o
 .debug_macro   0x000148d8       0x34 ./Core/Src/controllers/UsartController.o
 .debug_macro   0x0001490c       0x3c ./Core/Src/controllers/UsartController.o
 .debug_macro   0x00014948       0x57 ./Core/Src/controllers/UsartController.o
 .debug_macro   0x0001499f       0x87 ./Core/Src/controllers/UsartController.o
 .debug_macro   0x00014a26      0x240 ./Core/Src/controllers/UsartController.o
 .debug_macro   0x00014c66      0x140 ./Core/Src/controllers/UsartController.o
 .debug_macro   0x00014da6      0x28e ./Core/Src/controllers/UsartController.o
 .debug_macro   0x00015034       0xb7 ./Core/Src/controllers/UsartController.o
 .debug_macro   0x000150eb      0x242 ./Core/Src/controllers/UsartController.o
 .debug_macro   0x0001532d       0x83 ./Core/Src/controllers/UsartController.o
 .debug_macro   0x000153b0       0x46 ./Core/Src/controllers/UsartController.o
 .debug_macro   0x000153f6      0x1c6 ./Core/Src/inits/gpio.o
 .debug_macro   0x000155bc      0x1c6 ./Core/Src/inits/usart.o
 .debug_macro   0x00015782      0x3af ./Core/Src/main.o
 .debug_macro   0x00015b31       0x61 ./Core/Src/main.o
 .debug_macro   0x00015b92       0x24 ./Core/Src/main.o
 .debug_macro   0x00015bb6       0x43 ./Core/Src/main.o
 .debug_macro   0x00015bf9       0x34 ./Core/Src/main.o
 .debug_macro   0x00015c2d       0x16 ./Core/Src/main.o
 .debug_macro   0x00015c43       0x35 ./Core/Src/main.o
 .debug_macro   0x00015c78      0x369 ./Core/Src/main.o
 .debug_macro   0x00015fe1       0x10 ./Core/Src/main.o
 .debug_macro   0x00015ff1       0x16 ./Core/Src/main.o
 .debug_macro   0x00016007       0x43 ./Core/Src/main.o
 .debug_macro   0x0001604a       0x34 ./Core/Src/main.o
 .debug_macro   0x0001607e       0x10 ./Core/Src/main.o
 .debug_macro   0x0001608e       0x58 ./Core/Src/main.o
 .debug_macro   0x000160e6       0x8e ./Core/Src/main.o
 .debug_macro   0x00016174       0x1c ./Core/Src/main.o
 .debug_macro   0x00016190      0x177 ./Core/Src/main.o
 .debug_macro   0x00016307       0x16 ./Core/Src/main.o
 .debug_macro   0x0001631d       0x16 ./Core/Src/main.o
 .debug_macro   0x00016333      0x146 ./Core/Src/main.o
 .debug_macro   0x00016479       0x16 ./Core/Src/main.o
 .debug_macro   0x0001648f       0x16 ./Core/Src/main.o
 .debug_macro   0x000164a5       0x29 ./Core/Src/main.o
 .debug_macro   0x000164ce       0x16 ./Core/Src/main.o
 .debug_macro   0x000164e4       0x20 ./Core/Src/main.o
 .debug_macro   0x00016504       0x5f ./Core/Src/main.o
 .debug_macro   0x00016563      0x1c8 ./Core/Src/main.o
 .debug_macro   0x0001672b       0x64 ./Core/Src/main.o
 .debug_macro   0x0001678f       0x16 ./Core/Src/main.o
 .debug_macro   0x000167a5      0x1bc ./Core/Src/stm32f1xx_hal_msp.o
 .debug_macro   0x00016961      0x1c6 ./Core/Src/stm32f1xx_it.o
 .debug_macro   0x00016b27      0x1b2 ./Core/Src/system_stm32f1xx.o
 .debug_macro   0x00016cd9      0x38c ./Core/Src/modules/AnimationModule.o
 .debug_macro   0x00017065      0x19b ./Core/Src/modules/AnimationModule.o
 .debug_macro   0x00017200      0x36a ./Core/Src/modules/KeyboardModule.o
 .debug_macro   0x0001756a      0x36a ./Core/Src/modules/MouseModule.o
 .debug_macro   0x000178d4      0x1f1 ./Core/Src/modules/UsartParserModule.o
 .debug_macro   0x00017ac5      0x1d6 ./Drivers/STM32F1xx_HAL_Driver/stm32f1xx_hal.o
 .debug_macro   0x00017c9b      0x1b2 ./Drivers/STM32F1xx_HAL_Driver/stm32f1xx_hal_cortex.o
 .debug_macro   0x00017e4d      0x1b2 ./Drivers/STM32F1xx_HAL_Driver/stm32f1xx_hal_dma.o
 .debug_macro   0x00017fff      0x21d ./Drivers/STM32F1xx_HAL_Driver/stm32f1xx_hal_gpio.o
 .debug_macro   0x0001821c      0x1be ./Drivers/STM32F1xx_HAL_Driver/stm32f1xx_hal_pcd.o
 .debug_macro   0x000183da      0x1b2 ./Drivers/STM32F1xx_HAL_Driver/stm32f1xx_hal_pcd_ex.o
 .debug_macro   0x0001858c      0x1c4 ./Drivers/STM32F1xx_HAL_Driver/stm32f1xx_hal_rcc.o
 .debug_macro   0x00018750      0x1b2 ./Drivers/STM32F1xx_HAL_Driver/stm32f1xx_hal_rcc_ex.o
 .debug_macro   0x00018902      0x1b3 ./Drivers/STM32F1xx_HAL_Driver/stm32f1xx_hal_uart.o
 .debug_macro   0x00018ab5      0x1b2 ./Drivers/STM32F1xx_HAL_Driver/stm32f1xx_ll_usb.o
 .debug_macro   0x00018c67      0x332 ./Middlewares/USB_Device_Library/usbd_core.o
 .debug_macro   0x00018f99       0x9e ./Middlewares/USB_Device_Library/usbd_core.o
 .debug_macro   0x00019037      0x10b ./Middlewares/USB_Device_Library/usbd_core.o
 .debug_macro   0x00019142       0x56 ./Middlewares/USB_Device_Library/usbd_core.o
 .debug_macro   0x00019198      0x1ce ./Middlewares/USB_Device_Library/usbd_core.o
 .debug_macro   0x00019366      0x33c ./Middlewares/USB_Device_Library/usbd_ctlreq.o
 .debug_macro   0x000196a2      0x34b ./Middlewares/USB_Device_Library/usbd_hid.o
 .debug_macro   0x000199ed      0x338 ./Middlewares/USB_Device_Library/usbd_ioreq.o
 .debug_macro   0x00019d25      0x368 ./USB_DEVICE/App/usb_device.o
 .debug_macro   0x0001a08d       0x22 ./USB_DEVICE/App/usb_device.o
 .debug_macro   0x0001a0af      0x36f ./USB_DEVICE/App/usbd_desc.o
 .debug_macro   0x0001a41e       0x1c ./USB_DEVICE/App/usbd_desc.o
 .debug_macro   0x0001a43a      0x355 ./USB_DEVICE/Target/usbd_conf.o

.debug_line     0x00000000    0x17316
 .debug_line    0x00000000      0x8c1 ./Core/Src/controllers/UsartController.o
 .debug_line    0x000008c1      0x822 ./Core/Src/inits/gpio.o
 .debug_line    0x000010e3      0x885 ./Core/Src/inits/usart.o
 .debug_line    0x00001968      0xc73 ./Core/Src/main.o
 .debug_line    0x000025db      0x7fc ./Core/Src/stm32f1xx_hal_msp.o
 .debug_line    0x00002dd7      0x8ed ./Core/Src/stm32f1xx_it.o
 .debug_line    0x000036c4      0x879 ./Core/Src/system_stm32f1xx.o
 .debug_line    0x00003f3d      0xdff ./Core/Src/modules/AnimationModule.o
 .debug_line    0x00004d3c      0xc2a ./Core/Src/modules/KeyboardModule.o
 .debug_line    0x00005966      0xbed ./Core/Src/modules/MouseModule.o
 .debug_line    0x00006553      0x996 ./Core/Src/modules/UsartParserModule.o
 .debug_line    0x00006ee9       0x78 ./Core/Startup/startup_stm32f103c8tx.o
 .debug_line    0x00006f61      0xade ./Drivers/STM32F1xx_HAL_Driver/stm32f1xx_hal.o
 .debug_line    0x00007a3f      0xcca ./Drivers/STM32F1xx_HAL_Driver/stm32f1xx_hal_cortex.o
 .debug_line    0x00008709      0xf37 ./Drivers/STM32F1xx_HAL_Driver/stm32f1xx_hal_dma.o
 .debug_line    0x00009640      0xb77 ./Drivers/STM32F1xx_HAL_Driver/stm32f1xx_hal_gpio.o
 .debug_line    0x0000a1b7     0x1533 ./Drivers/STM32F1xx_HAL_Driver/stm32f1xx_hal_pcd.o
 .debug_line    0x0000b6ea      0x8ac ./Drivers/STM32F1xx_HAL_Driver/stm32f1xx_hal_pcd_ex.o
 .debug_line    0x0000bf96      0xee7 ./Drivers/STM32F1xx_HAL_Driver/stm32f1xx_hal_rcc.o
 .debug_line    0x0000ce7d      0xa28 ./Drivers/STM32F1xx_HAL_Driver/stm32f1xx_hal_rcc_ex.o
 .debug_line    0x0000d8a5     0x29bd ./Drivers/STM32F1xx_HAL_Driver/stm32f1xx_hal_uart.o
 .debug_line    0x00010262     0x11af ./Drivers/STM32F1xx_HAL_Driver/stm32f1xx_ll_usb.o
 .debug_line    0x00011411      0xeea ./Middlewares/USB_Device_Library/usbd_core.o
 .debug_line    0x000122fb     0x112a ./Middlewares/USB_Device_Library/usbd_ctlreq.o
 .debug_line    0x00013425      0xd5f ./Middlewares/USB_Device_Library/usbd_hid.o
 .debug_line    0x00014184      0xb80 ./Middlewares/USB_Device_Library/usbd_ioreq.o
 .debug_line    0x00014d04      0xb25 ./USB_DEVICE/App/usb_device.o
 .debug_line    0x00015829      0xbd1 ./USB_DEVICE/App/usbd_desc.o
 .debug_line    0x000163fa      0xf1c ./USB_DEVICE/Target/usbd_conf.o

.debug_str      0x00000000    0x87b0c
 .debug_str     0x00000000    0x7f523 ./Core/Src/controllers/UsartController.o
                              0x7f8d5 (size before relaxing)
 .debug_str     0x0007f523       0xe8 ./Core/Src/inits/gpio.o
                              0x7f412 (size before relaxing)
 .debug_str     0x0007f60b      0x347 ./Core/Src/inits/usart.o
                              0x7fb75 (size before relaxing)
 .debug_str     0x0007f952     0x4686 ./Core/Src/main.o
                              0x83f50 (size before relaxing)
 .debug_str     0x00083fd8       0x5a ./Core/Src/stm32f1xx_hal_msp.o
                              0x7f394 (size before relaxing)
 .debug_str     0x00084032      0x3fe ./Core/Src/stm32f1xx_it.o
                              0x7fb29 (size before relaxing)
 .debug_str     0x00084430       0x7e ./Core/Src/system_stm32f1xx.o
                              0x7f3bf (size before relaxing)
 .debug_str     0x000844ae      0xc0d ./Core/Src/modules/AnimationModule.o
                              0x84505 (size before relaxing)
 .debug_str     0x000850bb       0x4e ./Core/Src/modules/KeyboardModule.o
                              0x83be4 (size before relaxing)
 .debug_str     0x00085109       0x42 ./Core/Src/modules/MouseModule.o
                              0x83be1 (size before relaxing)
 .debug_str     0x0008514b       0x7d ./Core/Src/modules/UsartParserModule.o
                              0x7f8d5 (size before relaxing)
 .debug_str     0x000851c8       0x44 ./Core/Startup/startup_stm32f103c8tx.o
                                 0x89 (size before relaxing)
 .debug_str     0x0008520c      0x3b0 ./Drivers/STM32F1xx_HAL_Driver/stm32f1xx_hal.o
                              0x7fb2a (size before relaxing)
 .debug_str     0x000855bc      0x2a4 ./Drivers/STM32F1xx_HAL_Driver/stm32f1xx_hal_cortex.o
                              0x7fa76 (size before relaxing)
 .debug_str     0x00085860      0x272 ./Drivers/STM32F1xx_HAL_Driver/stm32f1xx_hal_dma.o
                              0x7f7a0 (size before relaxing)
 .debug_str     0x00085ad2      0x306 ./Drivers/STM32F1xx_HAL_Driver/stm32f1xx_hal_gpio.o
                              0x7f77d (size before relaxing)
 .debug_str     0x00085dd8      0x5f5 ./Drivers/STM32F1xx_HAL_Driver/stm32f1xx_hal_pcd.o
                              0x7fd14 (size before relaxing)
 .debug_str     0x000863cd      0x1a8 ./Drivers/STM32F1xx_HAL_Driver/stm32f1xx_hal_pcd_ex.o
                              0x7f876 (size before relaxing)
 .debug_str     0x00086575      0x261 ./Drivers/STM32F1xx_HAL_Driver/stm32f1xx_hal_rcc.o
                              0x7f826 (size before relaxing)
 .debug_str     0x000867d6       0xd7 ./Drivers/STM32F1xx_HAL_Driver/stm32f1xx_hal_rcc_ex.o
                              0x7f576 (size before relaxing)
 .debug_str     0x000868ad      0x5fe ./Drivers/STM32F1xx_HAL_Driver/stm32f1xx_hal_uart.o
                              0x7fe97 (size before relaxing)
 .debug_str     0x00086eab      0x161 ./Drivers/STM32F1xx_HAL_Driver/stm32f1xx_ll_usb.o
                              0x7f8c8 (size before relaxing)
 .debug_str     0x0008700c      0x31a ./Middlewares/USB_Device_Library/usbd_core.o
                              0x83beb (size before relaxing)
 .debug_str     0x00087326      0x177 ./Middlewares/USB_Device_Library/usbd_ctlreq.o
                              0x83b05 (size before relaxing)
 .debug_str     0x0008749d      0x262 ./Middlewares/USB_Device_Library/usbd_hid.o
                              0x83d73 (size before relaxing)
 .debug_str     0x000876ff       0xb1 ./Middlewares/USB_Device_Library/usbd_ioreq.o
                              0x83a32 (size before relaxing)
 .debug_str     0x000877b0       0xa2 ./USB_DEVICE/App/usb_device.o
                              0x83b92 (size before relaxing)
 .debug_str     0x00087852      0x247 ./USB_DEVICE/App/usbd_desc.o
                              0x83925 (size before relaxing)
 .debug_str     0x00087a99       0x73 ./USB_DEVICE/Target/usbd_conf.o
                              0x846d0 (size before relaxing)

.comment        0x00000000       0x43
 .comment       0x00000000       0x43 ./Core/Src/controllers/UsartController.o
                                 0x44 (size before relaxing)
 .comment       0x00000043       0x44 ./Core/Src/inits/gpio.o
 .comment       0x00000043       0x44 ./Core/Src/inits/usart.o
 .comment       0x00000043       0x44 ./Core/Src/main.o
 .comment       0x00000043       0x44 ./Core/Src/stm32f1xx_hal_msp.o
 .comment       0x00000043       0x44 ./Core/Src/stm32f1xx_it.o
 .comment       0x00000043       0x44 ./Core/Src/system_stm32f1xx.o
 .comment       0x00000043       0x44 ./Core/Src/modules/AnimationModule.o
 .comment       0x00000043       0x44 ./Core/Src/modules/KeyboardModule.o
 .comment       0x00000043       0x44 ./Core/Src/modules/MouseModule.o
 .comment       0x00000043       0x44 ./Core/Src/modules/UsartParserModule.o
 .comment       0x00000043       0x44 ./Drivers/STM32F1xx_HAL_Driver/stm32f1xx_hal.o
 .comment       0x00000043       0x44 ./Drivers/STM32F1xx_HAL_Driver/stm32f1xx_hal_cortex.o
 .comment       0x00000043       0x44 ./Drivers/STM32F1xx_HAL_Driver/stm32f1xx_hal_dma.o
 .comment       0x00000043       0x44 ./Drivers/STM32F1xx_HAL_Driver/stm32f1xx_hal_gpio.o
 .comment       0x00000043       0x44 ./Drivers/STM32F1xx_HAL_Driver/stm32f1xx_hal_pcd.o
 .comment       0x00000043       0x44 ./Drivers/STM32F1xx_HAL_Driver/stm32f1xx_hal_pcd_ex.o
 .comment       0x00000043       0x44 ./Drivers/STM32F1xx_HAL_Driver/stm32f1xx_hal_rcc.o
 .comment       0x00000043       0x44 ./Drivers/STM32F1xx_HAL_Driver/stm32f1xx_hal_rcc_ex.o
 .comment       0x00000043       0x44 ./Drivers/STM32F1xx_HAL_Driver/stm32f1xx_hal_uart.o
 .comment       0x00000043       0x44 ./Drivers/STM32F1xx_HAL_Driver/stm32f1xx_ll_usb.o
 .comment       0x00000043       0x44 ./Middlewares/USB_Device_Library/usbd_core.o
 .comment       0x00000043       0x44 ./Middlewares/USB_Device_Library/usbd_ctlreq.o
 .comment       0x00000043       0x44 ./Middlewares/USB_Device_Library/usbd_hid.o
 .comment       0x00000043       0x44 ./Middlewares/USB_Device_Library/usbd_ioreq.o
 .comment       0x00000043       0x44 ./USB_DEVICE/App/usb_device.o
 .comment       0x00000043       0x44 ./USB_DEVICE/App/usbd_desc.o
 .comment       0x00000043       0x44 ./USB_DEVICE/Target/usbd_conf.o

.debug_frame    0x00000000     0x3918
 .debug_frame   0x00000000       0x34 ./Core/Src/controllers/UsartController.o
 .debug_frame   0x00000034       0x34 ./Core/Src/inits/gpio.o
 .debug_frame   0x00000068       0x74 ./Core/Src/inits/usart.o
 .debug_frame   0x000000dc       0x68 ./Core/Src/main.o
 .debug_frame   0x00000144       0x38 ./Core/Src/stm32f1xx_hal_msp.o
 .debug_frame   0x0000017c      0x13c ./Core/Src/stm32f1xx_it.o
 .debug_frame   0x000002b8       0x58 ./Core/Src/system_stm32f1xx.o
 .debug_frame   0x00000310      0x108 ./Core/Src/modules/AnimationModule.o
 .debug_frame   0x00000418       0xa0 ./Core/Src/modules/KeyboardModule.o
 .debug_frame   0x000004b8       0xa0 ./Core/Src/modules/MouseModule.o
 .debug_frame   0x00000558       0x80 ./Core/Src/modules/UsartParserModule.o
 .debug_frame   0x000005d8      0x334 ./Drivers/STM32F1xx_HAL_Driver/stm32f1xx_hal.o
 .debug_frame   0x0000090c      0x428 ./Drivers/STM32F1xx_HAL_Driver/stm32f1xx_hal_cortex.o
 .debug_frame   0x00000d34      0x208 ./Drivers/STM32F1xx_HAL_Driver/stm32f1xx_hal_dma.o
 .debug_frame   0x00000f3c      0x14c ./Drivers/STM32F1xx_HAL_Driver/stm32f1xx_hal_gpio.o
 .debug_frame   0x00001088      0x594 ./Drivers/STM32F1xx_HAL_Driver/stm32f1xx_hal_pcd.o
 .debug_frame   0x0000161c       0xb0 ./Drivers/STM32F1xx_HAL_Driver/stm32f1xx_hal_pcd_ex.o
 .debug_frame   0x000016cc      0x218 ./Drivers/STM32F1xx_HAL_Driver/stm32f1xx_hal_rcc.o
 .debug_frame   0x000018e4       0x80 ./Drivers/STM32F1xx_HAL_Driver/stm32f1xx_hal_rcc_ex.o
 .debug_frame   0x00001964      0x944 ./Drivers/STM32F1xx_HAL_Driver/stm32f1xx_hal_uart.o
 .debug_frame   0x000022a8      0x470 ./Drivers/STM32F1xx_HAL_Driver/stm32f1xx_ll_usb.o
 .debug_frame   0x00002718      0x300 ./Middlewares/USB_Device_Library/usbd_core.o
 .debug_frame   0x00002a18      0x218 ./Middlewares/USB_Device_Library/usbd_ctlreq.o
 .debug_frame   0x00002c30      0x190 ./Middlewares/USB_Device_Library/usbd_hid.o
 .debug_frame   0x00002dc0      0x10c ./Middlewares/USB_Device_Library/usbd_ioreq.o
 .debug_frame   0x00002ecc       0x2c ./USB_DEVICE/App/usb_device.o
 .debug_frame   0x00002ef8      0x160 ./USB_DEVICE/App/usbd_desc.o
 .debug_frame   0x00003058      0x4a4 ./USB_DEVICE/Target/usbd_conf.o
 .debug_frame   0x000034fc      0x144 C:/ST/STM32CubeIDE_1.16.1/STM32CubeIDE/plugins/com.st.stm32cube.ide.mcu.externaltools.gnu-tools-for-stm32.12.3.rel1.win32_1.0.200.202406191623/tools/bin/../lib/gcc/arm-none-eabi/12.3.1/../../../../arm-none-eabi/lib/thumb/v7-m/nofp\libc_nano.a(libc_a-findfp.o)
 .debug_frame   0x00003640       0x20 C:/ST/STM32CubeIDE_1.16.1/STM32CubeIDE/plugins/com.st.stm32cube.ide.mcu.externaltools.gnu-tools-for-stm32.12.3.rel1.win32_1.0.200.202406191623/tools/bin/../lib/gcc/arm-none-eabi/12.3.1/../../../../arm-none-eabi/lib/thumb/v7-m/nofp\libc_nano.a(libc_a-memset.o)