Archive member included to satisfy reference by file (symbol)

C:/ST/STM32CubeIDE_1.16.1/STM32CubeIDE/plugins/com.st.stm32cube.ide.mcu.externaltools.gnu-tools-for-stm32.12.3.rel1.win32_1.0.200.202406191623/tools/bin/../lib/gcc/arm-none-eabi/12.3.1/../../../../arm-none-eabi/lib/thumb/v7-m/nofp\libc_nano.a(libc_a-exit.o)
                              C:/ST/STM32CubeIDE_1.16.1/STM32CubeIDE/plugins/com.st.stm32cube.ide.mcu.externaltools.gnu-tools-for-stm32.12.3.rel1.win32_1.0.200.202406191623/tools/bin/../lib/gcc/arm-none-eabi/12.3.1/../../../../arm-none-eabi/lib/thumb/v7-m/nofp/crt0.o (exit)
C:/ST/STM32CubeIDE_1.16.1/STM32CubeIDE/plugins/com.st.stm32cube.ide.mcu.externaltools.gnu-tools-for-stm32.12.3.rel1.win32_1.0.200.202406191623/tools/bin/../lib/gcc/arm-none-eabi/12.3.1/../../../../arm-none-eabi/lib/thumb/v7-m/nofp\libc_nano.a(libc_a-findfp.o)
                              C:/ST/STM32CubeIDE_1.16.1/STM32CubeIDE/plugins/com.st.stm32cube.ide.mcu.externaltools.gnu-tools-for-stm32.12.3.rel1.win32_1.0.200.202406191623/tools/bin/../lib/gcc/arm-none-eabi/12.3.1/../../../../arm-none-eabi/lib/thumb/v7-m/nofp\libc_nano.a(libc_a-exit.o) (__stdio_exit_handler)
C:/ST/STM32CubeIDE_1.16.1/STM32CubeIDE/plugins/com.st.stm32cube.ide.mcu.externaltools.gnu-tools-for-stm32.12.3.rel1.win32_1.0.200.202406191623/tools/bin/../lib/gcc/arm-none-eabi/12.3.1/../../../../arm-none-eabi/lib/thumb/v7-m/nofp\libc_nano.a(libc_a-fwalk.o)
                              C:/ST/STM32CubeIDE_1.16.1/STM32CubeIDE/plugins/com.st.stm32cube.ide.mcu.externaltools.gnu-tools-for-stm32.12.3.rel1.win32_1.0.200.202406191623/tools/bin/../lib/gcc/arm-none-eabi/12.3.1/../../../../arm-none-eabi/lib/thumb/v7-m/nofp\libc_nano.a(libc_a-findfp.o) (_fwalk_sglue)
C:/ST/STM32CubeIDE_1.16.1/STM32CubeIDE/plugins/com.st.stm32cube.ide.mcu.externaltools.gnu-tools-for-stm32.12.3.rel1.win32_1.0.200.202406191623/tools/bin/../lib/gcc/arm-none-eabi/12.3.1/../../../../arm-none-eabi/lib/thumb/v7-m/nofp\libc_nano.a(libc_a-stdio.o)
                              C:/ST/STM32CubeIDE_1.16.1/STM32CubeIDE/plugins/com.st.stm32cube.ide.mcu.externaltools.gnu-tools-for-stm32.12.3.rel1.win32_1.0.200.202406191623/tools/bin/../lib/gcc/arm-none-eabi/12.3.1/../../../../arm-none-eabi/lib/thumb/v7-m/nofp\libc_nano.a(libc_a-findfp.o) (__sread)
C:/ST/STM32CubeIDE_1.16.1/STM32CubeIDE/plugins/com.st.stm32cube.ide.mcu.externaltools.gnu-tools-for-stm32.12.3.rel1.win32_1.0.200.202406191623/tools/bin/../lib/gcc/arm-none-eabi/12.3.1/../../../../arm-none-eabi/lib/thumb/v7-m/nofp\libc_nano.a(libc_a-memset.o)
                              C:/ST/STM32CubeIDE_1.16.1/STM32CubeIDE/plugins/com.st.stm32cube.ide.mcu.externaltools.gnu-tools-for-stm32.12.3.rel1.win32_1.0.200.202406191623/tools/bin/../lib/gcc/arm-none-eabi/12.3.1/../../../../arm-none-eabi/lib/thumb/v7-m/nofp/crt0.o (memset)
C:/ST/STM32CubeIDE_1.16.1/STM32CubeIDE/plugins/com.st.stm32cube.ide.mcu.externaltools.gnu-tools-for-stm32.12.3.rel1.win32_1.0.200.202406191623/tools/bin/../lib/gcc/arm-none-eabi/12.3.1/../../../../arm-none-eabi/lib/thumb/v7-m/nofp\libc_nano.a(libc_a-closer.o)
                              C:/ST/STM32CubeIDE_1.16.1/STM32CubeIDE/plugins/com.st.stm32cube.ide.mcu.externaltools.gnu-tools-for-stm32.12.3.rel1.win32_1.0.200.202406191623/tools/bin/../lib/gcc/arm-none-eabi/12.3.1/../../../../arm-none-eabi/lib/thumb/v7-m/nofp\libc_nano.a(libc_a-stdio.o) (_close_r)
C:/ST/STM32CubeIDE_1.16.1/STM32CubeIDE/plugins/com.st.stm32cube.ide.mcu.externaltools.gnu-tools-for-stm32.12.3.rel1.win32_1.0.200.202406191623/tools/bin/../lib/gcc/arm-none-eabi/12.3.1/../../../../arm-none-eabi/lib/thumb/v7-m/nofp\libc_nano.a(libc_a-reent.o)
                              C:/ST/STM32CubeIDE_1.16.1/STM32CubeIDE/plugins/com.st.stm32cube.ide.mcu.externaltools.gnu-tools-for-stm32.12.3.rel1.win32_1.0.200.202406191623/tools/bin/../lib/gcc/arm-none-eabi/12.3.1/../../../../arm-none-eabi/lib/thumb/v7-m/nofp\libc_nano.a(libc_a-closer.o) (errno)
C:/ST/STM32CubeIDE_1.16.1/STM32CubeIDE/plugins/com.st.stm32cube.ide.mcu.externaltools.gnu-tools-for-stm32.12.3.rel1.win32_1.0.200.202406191623/tools/bin/../lib/gcc/arm-none-eabi/12.3.1/../../../../arm-none-eabi/lib/thumb/v7-m/nofp\libc_nano.a(libc_a-impure.o)
                              C:/ST/STM32CubeIDE_1.16.1/STM32CubeIDE/plugins/com.st.stm32cube.ide.mcu.externaltools.gnu-tools-for-stm32.12.3.rel1.win32_1.0.200.202406191623/tools/bin/../lib/gcc/arm-none-eabi/12.3.1/../../../../arm-none-eabi/lib/thumb/v7-m/nofp\libc_nano.a(libc_a-reent.o) (_impure_ptr)
C:/ST/STM32CubeIDE_1.16.1/STM32CubeIDE/plugins/com.st.stm32cube.ide.mcu.externaltools.gnu-tools-for-stm32.12.3.rel1.win32_1.0.200.202406191623/tools/bin/../lib/gcc/arm-none-eabi/12.3.1/../../../../arm-none-eabi/lib/thumb/v7-m/nofp\libc_nano.a(libc_a-lseekr.o)
[...]
Memory Configuration

Name             Origin             Length             Attributes
RAM              0x20000000         0x00005000         xrw
FLASH            0x08000000         0x00010000         xr
*default*        0x00000000         0xffffffff

Linker script and memory map

LOAD C:/ST/STM32CubeIDE_1.16.1/STM32CubeIDE/plugins/com.st.stm32cube.ide.mcu.externaltools.gnu-tools-for-stm32.12.3.rel1.win32_1.0.200.202406191623/tools/bin/../lib/gcc/arm-none-eabi/12.3.1/thumb/v7-m/nofp/crti.o
LOAD C:/ST/STM32CubeIDE_1.16.1/STM32CubeIDE/plugins/com.st.stm32cube.ide.mcu.externaltools.gnu-tools-for-stm32.12.3.rel1.win32_1.0.200.202406191623/tools/bin/../lib/gcc/arm-none-eabi/12.3.1/thumb/v7-m/nofp/crtbegin.o
LOAD C:/ST/STM32CubeIDE_1.16.1/STM32CubeIDE/plugins/com.st.stm32cube.ide.mcu.externaltools.gnu-tools-for-stm32.12.3.rel1.win32_1.0.200.202406191623/tools/bin/../lib/gcc/arm-none-eabi/12.3.1/../../../../arm-none-eabi/lib/thumb/v7-m/nofp/crt0.o
LOAD ./Core/Src/AnimationModule.o
LOAD ./Core/Src/KeyboardModule.o
LOAD ./Core/Src/MouseModule.o
LOAD ./Core/Src/UsartController.o
LOAD ./Core/Src/UsartRouter.o
LOAD ./Core/Src/gpio.o
LOAD ./Core/Src/main.o
LOAD ./Core/Src/stm32f1xx_hal_msp.o
LOAD ./Core/Src/stm32f1xx_it.o
LOAD ./Core/Src/syscalls.o
LOAD ./Core/Src/sysmem.o
LOAD ./Core/Src/system_stm32f1xx.o
LOAD ./Core/Src/usart.o
LOAD ./Core/Startup/startup_stm32f103c8tx.o
LOAD ./Drivers/STM32F1xx_HAL_Driver/stm32f1xx_hal.o
LOAD ./Drivers/STM32F1xx_HAL_Driver/stm32f1xx_hal_cortex.o
LOAD ./Drivers/STM32F1xx_HAL_Driver/stm32f1xx_hal_dma.o
LOAD ./Drivers/STM32F1xx_HAL_Driver/stm32f1xx_hal_exti.o
LOAD ./Drivers/STM32F1xx_HAL_Driver/stm32f1xx_hal_flash.o
LOAD ./Drivers/STM32F1xx_HAL_Driver/stm32f1xx_hal_flash_ex.o
LOAD ./Drivers/STM32F1xx_HAL_Driver/stm32f1xx_hal_gpio.o
LOAD ./Drivers/STM32F1xx_HAL_Driver/stm32f1xx_hal_gpio_ex.o
LOAD ./Drivers/STM32F1xx_HAL_Driver/stm32f1xx_hal_pcd.o
LOAD ./Drivers/STM32F1xx_HAL_Driver/stm32f1xx_hal_pcd_ex.o
LOAD ./Drivers/STM32F1xx_HAL_Driver/stm32f1xx_hal_pwr.o
LOAD ./Drivers/STM32F1xx_HAL_Driver/stm32f1xx_hal_rcc.o
LOAD ./Drivers/STM32F1xx_HAL_Driver/stm32f1xx_hal_rcc_ex.o
LOAD ./Drivers/STM32F1xx_HAL_Driver/stm32f1xx_hal_tim.o
LOAD ./Drivers/STM32F1xx_HAL_Driver/stm32f1xx_hal_tim_ex.o
LOAD ./Drivers/STM32F1xx_HAL_Driver/stm32f1xx_hal_uart.o
LOAD ./Drivers/STM32F1xx_HAL_Driver/stm32f1xx_ll_usb.o
LOAD ./Middlewares/USB_Device_Library/usbd_core.o
LOAD ./Middlewares/USB_Device_Library/usbd_ctlreq.o
LOAD ./Middlewares/USB_Device_Library/usbd_hid.o
LOAD ./Middlewares/USB_Device_Library/usbd_ioreq.o
LOAD ./USB_DEVICE/App/usb_device.o
LOAD ./USB_DEVICE/App/usbd_desc.o
LOAD ./USB_DEVICE/Target/usbd_conf.o
START GROUP
LOAD C:/ST/STM32CubeIDE_1.16.1/STM32CubeIDE/plugins/com.st.stm32cube.ide.mcu.externaltools.gnu-tools-for-stm32.12.3.rel1.win32_1.0.200.202406191623/tools/bin/../lib/gcc/arm-none-eabi/12.3.1/../../../../arm-none-eabi/lib/thumb/v7-m/nofp\libc_nano.a
LOAD C:/ST/STM32CubeIDE_1.16.1/STM32CubeIDE/plugins/com.st.stm32cube.ide.mcu.externaltools.gnu-tools-for-stm32.12.3.rel1.win32_1.0.200.202406191623/tools/bin/../lib/gcc/arm-none-eabi/12.3.1/../../../../arm-none-eabi/lib/thumb/v7-m/nofp\libm.a
END GROUP
START GROUP
LOAD C:/ST/STM32CubeIDE_1.16.1/STM32CubeIDE/plugins/com.st.stm32cube.ide.mcu.externaltools.gnu-tools-for-stm32.12.3.rel1.win32_1.0.200.202406191623/tools/bin/../lib/gcc/arm-none-eabi/12.3.1/thumb/v7-m/nofp\libgcc.a
LOAD C:/ST/STM32CubeIDE_1.16.1/STM32CubeIDE/plugins/com.st.stm32cube.ide.mcu.externaltools.gnu-tools-for-stm32.12.3.rel1.win32_1.0.200.202406191623/tools/bin/../lib/gcc/arm-none-eabi/12.3.1/../../../../arm-none-eabi/lib/thumb/v7-m/nofp\libc_nano.a
END GROUP
START GROUP
LOAD C:/ST/STM32CubeIDE_1.16.1/STM32CubeIDE/plugins/com.st.stm32cube.ide.mcu.externaltools.gnu-tools-for-stm32.12.3.rel1.win32_1.0.200.202406191623/tools/bin/../lib/gcc/arm-none-eabi/12.3.1/thumb/v7-m/nofp\libgcc.a
LOAD C:/ST/STM32CubeIDE_1.16.1/STM32CubeIDE/plugins/com.st.stm32cube.ide.mcu.externaltools.gnu-tools-for-stm32.12.3.rel1.win32_1.0.200.202406191623/tools/bin/../lib/gcc/arm-none-eabi/12.3.1/../../../../arm-none-eabi/lib/thumb/v7-m/nofp\libc_nano.a
LOAD C:/ST/STM32CubeIDE_1.16.1/STM32CubeIDE/plugins/com.st.stm32cube.ide.mcu.externaltools.gnu-tools-for-stm32.12.3.rel1.win32_1.0.200.202406191623/tools/bin/../lib/gcc/arm-none-eabi/12.3.1/../../../../arm-none-eabi/lib/thumb/v7-m/nofp\libnosys.a
END GROUP
START GROUP
LOAD C:/ST/STM32CubeIDE_1.16.1/STM32CubeIDE/plugins/com.st.stm32cube.ide.mcu.externaltools.gnu-tools-for-stm32.12.3.rel1.win32_1.0.200.202406191623/tools/bin/../lib/gcc/arm-none-eabi/12.3.1/thumb/v7-m/nofp\libgcc.a
LOAD C:/ST/STM32CubeIDE_1.16.1/STM32CubeIDE/plugins/com.st.stm32cube.ide.mcu.externaltools.gnu-tools-for-stm32.12.3.rel1.win32_1.0.200.202406191623/tools/bin/../lib/gcc/arm-none-eabi/12.3.1/../../../../arm-none-eabi/lib/thumb/v7-m/nofp\libc_nano.a
LOAD C:/ST/STM32CubeIDE_1.16.1/STM32CubeIDE/plugins/com.st.stm32cube.ide.mcu.externaltools.gnu-tools-for-stm32.12.3.rel1.win32_1.0.200.202406191623/tools/bin/../lib/gcc/arm-none-eabi/12.3.1/../../../../arm-none-eabi/lib/thumb/v7-m/nofp\libnosys.a
END GROUP
LOAD C:/ST/STM32CubeIDE_1.16.1/STM32CubeIDE/plugins/com.st.stm32cube.ide.mcu.externaltools.gnu-tools-for-stm32.12.3.rel1.win32_1.0.200.202406191623/tools/bin/../lib/gcc/arm-none-eabi/12.3.1/thumb/v7-m/nofp/crtend.o
LOAD C:/ST/STM32CubeIDE_1.16.1/STM32CubeIDE/plugins/com.st.stm32cube.ide.mcu.externaltools.gnu-tools-for-stm32.12.3.rel1.win32_1.0.200.202406191623/tools/bin/../lib/gcc/arm-none-eabi/12.3.1/thumb/v7-m/nofp/crtn.o
                0x20005000                        _estack = (ORIGIN (RAM) + LENGTH (RAM))
                0x00000200                        _Min_Heap_Size = 0x200
                0x00000400                        _Min_Stack_Size = 0x400

.isr_vector     0x08000000      0x10c
                0x08000000                        . = ALIGN (0x4)
 *(.isr_vector)
 .isr_vector    0x08000000      0x10c ./Core/Startup/startup_stm32f103c8tx.o
                0x08000000                g_pfnVectors
                0x0800010c                        . = ALIGN (0x4)

.text           0x0800010c     0x87d4
                0x0800010c                        . = ALIGN (0x4)
 *(.text)
 .text          0x0800010c       0x40 C:/ST/STM32CubeIDE_1.16.1/STM32CubeIDE/plugins/com.st.stm32cube.ide.mcu.externaltools.gnu-tools-for-stm32.12.3.rel1.win32_1.0.200.202406191623/tools/bin/../lib/gcc/arm-none-eabi/12.3.1/thumb/v7-m/nofp/crtbegin.o
 *(.text*)
 .text.AnimationSetup
                0x0800014c       0x36 ./Core/Src/AnimationModule.o
                0x0800014c                AnimationSetup
 *fill*         0x08000182        0x2 
 .text.AnimationSet
                0x08000184       0x64 ./Core/Src/AnimationModule.o
                0x08000184                AnimationSet
 .text.AnimationRemove
                0x080001e8       0x18 ./Core/Src/AnimationModule.o
                0x080001e8                AnimationRemove
 .text.Animate  0x08000200       0x28 ./Core/Src/AnimationModule.o
                0x08000200                Animate
 .text.MouseMoveAnimation
                0x08000228       0xf8 ./Core/Src/AnimationModule.o
                0x08000228                MouseMoveAnimation
 .text.KeyboardTextAnimation
                0x08000320       0xd8 ./Core/Src/AnimationModule.o
                0x08000320                KeyboardTextAnimation
 .text.KeyboardSetup
                0x080003f8       0x44 ./Core/Src/KeyboardModule.o
                0x080003f8                KeyboardSetup
 .text.KeyboardSet
                0x0800043c       0x5c ./Core/Src/KeyboardModule.o
                0x0800043c                KeyboardSet
 .text.KeyboardClick
                0x08000498       0x64 ./Core/Src/KeyboardModule.o
                0x08000498                KeyboardClick
 .text.KeyboardRemove
                0x080004fc       0x2c ./Core/Src/KeyboardModule.o
                0x080004fc                KeyboardRemove
 .text.MouseCommandSetup
                0x08000528       0x44 ./Core/Src/MouseModule.o
                0x08000528                MouseCommandSetup
 .text.MouseSet
                0x0800056c       0x5c ./Core/Src/MouseModule.o
                0x0800056c                MouseSet
 .text.MouseClick
                0x080005c8       0x44 ./Core/Src/MouseModule.o
                0x080005c8                MouseClick
 .text.MouseRemove
                0x0800060c       0x30 ./Core/Src/MouseModule.o
                0x0800060c                MouseRemove
 .text.HAL_UART_RxCpltCallback
                0x0800063c       0xc8 ./Core/Src/UsartController.o
                0x0800063c                HAL_UART_RxCpltCallback
 .text.crc8     0x08000704       0x7a ./Core/Src/UsartRouter.o
                0x08000704                crc8
 *fill*         0x0800077e        0x2 
 .text.answer   0x08000780       0x40 ./Core/Src/UsartRouter.o
                0x08000780                answer
 .text.ParsingData
                0x080007c0       0xa8 ./Core/Src/UsartRouter.o
                0x080007c0                ParsingData
 .text.MX_GPIO_Init
                0x08000868       0xb0 ./Core/Src/gpio.o
                0x08000868                MX_GPIO_Init
 .text.main     0x08000918       0x74 ./Core/Src/main.o
                0x08000918                main
 .text.SystemClock_Config
                0x0800098c       0xb6 ./Core/Src/main.o
                0x0800098c                SystemClock_Config
 .text.Error_Handler
                0x08000a42        0xc ./Core/Src/main.o
                0x08000a42                Error_Handler
 *fill*         0x08000a4e        0x2 
 .text.HAL_MspInit
                0x08000a50       0x64 ./Core/Src/stm32f1xx_hal_msp.o
                0x08000a50                HAL_MspInit
 .text.NMI_Handler
                0x08000ab4        0x8 ./Core/Src/stm32f1xx_it.o
                0x08000ab4                NMI_Handler
 .text.HardFault_Handler
                0x08000abc        0x8 ./Core/Src/stm32f1xx_it.o
                0x08000abc                HardFault_Handler
 .text.MemManage_Handler
                0x08000ac4        0x8 ./Core/Src/stm32f1xx_it.o
                0x08000ac4                MemManage_Handler
 .text.BusFault_Handler
                0x08000acc        0x8 ./Core/Src/stm32f1xx_it.o
                0x08000acc                BusFault_Handler
 .text.UsageFault_Handler
                0x08000ad4        0x8 ./Core/Src/stm32f1xx_it.o
                0x08000ad4                UsageFault_Handler
 .text.SVC_Handler
                0x08000adc        0xc ./Core/Src/stm32f1xx_it.o
                0x08000adc                SVC_Handler
 .text.DebugMon_Handler
                0x08000ae8        0xc ./Core/Src/stm32f1xx_it.o
                0x08000ae8                DebugMon_Handler
 .text.PendSV_Handler
                0x08000af4        0xc ./Core/Src/stm32f1xx_it.o
                0x08000af4                PendSV_Handler
 .text.SysTick_Handler
                0x08000b00        0xc ./Core/Src/stm32f1xx_it.o
                0x08000b00                SysTick_Handler
 .text.USB_LP_CAN1_RX0_IRQHandler
                0x08000b0c       0x14 ./Core/Src/stm32f1xx_it.o
                0x08000b0c                USB_LP_CAN1_RX0_IRQHandler
 .text.USART3_IRQHandler
                0x08000b20       0x14 ./Core/Src/stm32f1xx_it.o
                0x08000b20                USART3_IRQHandler
 .text.SystemInit
                0x08000b34        0xc ./Core/Src/system_stm32f1xx.o
                0x08000b34                SystemInit
 .text.MX_USART3_UART_Init
                0x08000b40       0x54 ./Core/Src/usart.o
                0x08000b40                MX_USART3_UART_Init
 .text.HAL_UART_MspInit
                0x08000b94       0xa8 ./Core/Src/usart.o
                0x08000b94                HAL_UART_MspInit
 .text.Reset_Handler
                0x08000c3c       0x48 ./Core/Startup/startup_stm32f103c8tx.o
                0x08000c3c                Reset_Handler
 .text.Default_Handler
                0x08000c84        0x2 ./Core/Startup/startup_stm32f103c8tx.o
                0x08000c84                RTC_Alarm_IRQHandler
                0x08000c84                EXTI2_IRQHandler
                0x08000c84                TIM1_CC_IRQHandler
                0x08000c84                PVD_IRQHandler
                0x08000c84                EXTI3_IRQHandler
                0x08000c84                EXTI0_IRQHandler
                0x08000c84                I2C2_EV_IRQHandler
                0x08000c84                ADC1_2_IRQHandler
                0x08000c84                SPI1_IRQHandler
                0x08000c84                TAMPER_IRQHandler
                0x08000c84                DMA1_Channel4_IRQHandler
                0x08000c84                RTC_IRQHandler
                0x08000c84                DMA1_Channel7_IRQHandler
                0x08000c84                CAN1_RX1_IRQHandler
                0x08000c84                TIM4_IRQHandler
                0x08000c84                I2C1_EV_IRQHandler
                0x08000c84                DMA1_Channel6_IRQHandler
                0x08000c84                TIM3_IRQHandler
                0x08000c84                RCC_IRQHandler
                0x08000c84                TIM1_TRG_COM_IRQHandler
                0x08000c84                DMA1_Channel1_IRQHandler
                0x08000c84                Default_Handler
                0x08000c84                EXTI15_10_IRQHandler
                0x08000c84                EXTI9_5_IRQHandler
                0x08000c84                SPI2_IRQHandler
                0x08000c84                DMA1_Channel5_IRQHandler
                0x08000c84                EXTI4_IRQHandler
                0x08000c84                USB_HP_CAN1_TX_IRQHandler
                0x08000c84                DMA1_Channel3_IRQHandler
                0x08000c84                TIM1_UP_IRQHandler
                0x08000c84                WWDG_IRQHandler
                0x08000c84                TIM2_IRQHandler
                0x08000c84                TIM1_BRK_IRQHandler
                0x08000c84                EXTI1_IRQHandler
                0x08000c84                USART2_IRQHandler
                0x08000c84                I2C2_ER_IRQHandler
                0x08000c84                DMA1_Channel2_IRQHandler
                0x08000c84                CAN1_SCE_IRQHandler
                0x08000c84                FLASH_IRQHandler
                0x08000c84                USART1_IRQHandler
                0x08000c84                I2C1_ER_IRQHandler
                0x08000c84                USBWakeUp_IRQHandler
 *fill*         0x08000c86        0x2 
 .text.HAL_Init
                0x08000c88       0x2c ./Drivers/STM32F1xx_HAL_Driver/stm32f1xx_hal.o
                0x08000c88                HAL_Init
 .text.HAL_InitTick
                0x08000cb4       0x60 ./Drivers/STM32F1xx_HAL_Driver/stm32f1xx_hal.o
                0x08000cb4                HAL_InitTick
 .text.HAL_IncTick
                0x08000d14       0x24 ./Drivers/STM32F1xx_HAL_Driver/stm32f1xx_hal.o
                0x08000d14                HAL_IncTick
 .text.HAL_GetTick
                0x08000d38       0x14 ./Drivers/STM32F1xx_HAL_Driver/stm32f1xx_hal.o
                0x08000d38                HAL_GetTick
 .text.HAL_Delay
                0x08000d4c       0x48 ./Drivers/STM32F1xx_HAL_Driver/stm32f1xx_hal.o
                0x08000d4c                HAL_Delay
 .text.__NVIC_SetPriorityGrouping
                0x08000d94       0x48 ./Drivers/STM32F1xx_HAL_Driver/stm32f1xx_hal_cortex.o
 .text.__NVIC_GetPriorityGrouping
                0x08000ddc       0x1c ./Drivers/STM32F1xx_HAL_Driver/stm32f1xx_hal_cortex.o
 .text.__NVIC_EnableIRQ
                0x08000df8       0x38 ./Drivers/STM32F1xx_HAL_Driver/stm32f1xx_hal_cortex.o
 .text.__NVIC_SetPriority
                0x08000e30       0x54 ./Drivers/STM32F1xx_HAL_Driver/stm32f1xx_hal_cortex.o
 .text.NVIC_EncodePriority
                0x08000e84       0x64 ./Drivers/STM32F1xx_HAL_Driver/stm32f1xx_hal_cortex.o
 .text.SysTick_Config
                0x08000ee8       0x44 ./Drivers/STM32F1xx_HAL_Driver/stm32f1xx_hal_cortex.o
 .text.HAL_NVIC_SetPriorityGrouping
                0x08000f2c       0x16 ./Drivers/STM32F1xx_HAL_Driver/stm32f1xx_hal_cortex.o
                0x08000f2c                HAL_NVIC_SetPriorityGrouping
 .text.HAL_NVIC_SetPriority
                0x08000f42       0x38 ./Drivers/STM32F1xx_HAL_Driver/stm32f1xx_hal_cortex.o
                0x08000f42                HAL_NVIC_SetPriority
 .text.HAL_NVIC_EnableIRQ
                0x08000f7a       0x1c ./Drivers/STM32F1xx_HAL_Driver/stm32f1xx_hal_cortex.o
                0x08000f7a                HAL_NVIC_EnableIRQ
 .text.HAL_SYSTICK_Config
                0x08000f96       0x18 ./Drivers/STM32F1xx_HAL_Driver/stm32f1xx_hal_cortex.o
                0x08000f96                HAL_SYSTICK_Config
 .text.HAL_DMA_Abort
                0x08000fae       0x76 ./Drivers/STM32F1xx_HAL_Driver/stm32f1xx_hal_dma.o
                0x08000fae                HAL_DMA_Abort
 .text.HAL_DMA_Abort_IT
                0x08001024       0xf0 ./Drivers/STM32F1xx_HAL_Driver/stm32f1xx_hal_dma.o
                0x08001024                HAL_DMA_Abort_IT
 .text.HAL_GPIO_Init
                0x08001114      0x308 ./Drivers/STM32F1xx_HAL_Driver/stm32f1xx_hal_gpio.o
                0x08001114                HAL_GPIO_Init
 .text.HAL_GPIO_WritePin
                0x0800141c       0x30 ./Drivers/STM32F1xx_HAL_Driver/stm32f1xx_hal_gpio.o
                0x0800141c                HAL_GPIO_WritePin
 .text.HAL_GPIO_TogglePin
                0x0800144c       0x32 ./Drivers/STM32F1xx_HAL_Driver/stm32f1xx_hal_gpio.o
                0x0800144c                HAL_GPIO_TogglePin
 .text.HAL_PCD_Init
                0x0800147e      0x1ec ./Drivers/STM32F1xx_HAL_Driver/stm32f1xx_hal_pcd.o
                0x0800147e                HAL_PCD_Init
 .text.HAL_PCD_Start
                0x0800166a       0x4c ./Drivers/STM32F1xx_HAL_Driver/stm32f1xx_hal_pcd.o
                0x0800166a                HAL_PCD_Start
 .text.HAL_PCD_IRQHandler
                0x080016b6      0x260 ./Drivers/STM32F1xx_HAL_Driver/stm32f1xx_hal_pcd.o
                0x080016b6                HAL_PCD_IRQHandler
 .text.HAL_PCD_SetAddress
                0x08001916       0x48 ./Drivers/STM32F1xx_HAL_Driver/stm32f1xx_hal_pcd.o
                0x08001916                HAL_PCD_SetAddress
 .text.HAL_PCD_EP_Open
                0x0800195e       0xba ./Drivers/STM32F1xx_HAL_Driver/stm32f1xx_hal_pcd.o
                0x0800195e                HAL_PCD_EP_Open
 .text.HAL_PCD_EP_Close
                0x08001a18       0x90 ./Drivers/STM32F1xx_HAL_Driver/stm32f1xx_hal_pcd.o
                0x08001a18                HAL_PCD_EP_Close
 .text.HAL_PCD_EP_Receive
                0x08001aa8       0x62 ./Drivers/STM32F1xx_HAL_Driver/stm32f1xx_hal_pcd.o
                0x08001aa8                HAL_PCD_EP_Receive
 .text.HAL_PCD_EP_Transmit
                0x08001b0a       0x6e ./Drivers/STM32F1xx_HAL_Driver/stm32f1xx_hal_pcd.o
                0x08001b0a                HAL_PCD_EP_Transmit
 .text.HAL_PCD_EP_SetStall
                0x08001b78       0xc0 ./Drivers/STM32F1xx_HAL_Driver/stm32f1xx_hal_pcd.o
                0x08001b78                HAL_PCD_EP_SetStall
 .text.HAL_PCD_EP_ClrStall
                0x08001c38       0xa8 ./Drivers/STM32F1xx_HAL_Driver/stm32f1xx_hal_pcd.o
                0x08001c38                HAL_PCD_EP_ClrStall
 .text.PCD_EP_ISR_Handler
                0x08001ce0      0x79e ./Drivers/STM32F1xx_HAL_Driver/stm32f1xx_hal_pcd.o
 .text.HAL_PCD_EP_DB_Receive
                0x0800247e      0x21a ./Drivers/STM32F1xx_HAL_Driver/stm32f1xx_hal_pcd.o
 .text.HAL_PCD_EP_DB_Transmit
                0x08002698      0x7f4 ./Drivers/STM32F1xx_HAL_Driver/stm32f1xx_hal_pcd.o
 .text.HAL_PCDEx_PMAConfig
                0x08002e8c       0x84 ./Drivers/STM32F1xx_HAL_Driver/stm32f1xx_hal_pcd_ex.o
                0x08002e8c                HAL_PCDEx_PMAConfig
 .text.HAL_RCC_OscConfig
                0x08002f10      0x504 ./Drivers/STM32F1xx_HAL_Driver/stm32f1xx_hal_rcc.o
                0x08002f10                HAL_RCC_OscConfig
 .text.HAL_RCC_ClockConfig
                0x08003414      0x1d4 ./Drivers/STM32F1xx_HAL_Driver/stm32f1xx_hal_rcc.o
                0x08003414                HAL_RCC_ClockConfig
 .text.HAL_RCC_GetSysClockFreq
                0x080035e8       0xa8 ./Drivers/STM32F1xx_HAL_Driver/stm32f1xx_hal_rcc.o
                0x080035e8                HAL_RCC_GetSysClockFreq
 .text.HAL_RCC_GetHCLKFreq
                0x08003690       0x14 ./Drivers/STM32F1xx_HAL_Driver/stm32f1xx_hal_rcc.o
                0x08003690                HAL_RCC_GetHCLKFreq
 .text.HAL_RCC_GetPCLK1Freq
                0x080036a4       0x28 ./Drivers/STM32F1xx_HAL_Driver/stm32f1xx_hal_rcc.o
                0x080036a4                HAL_RCC_GetPCLK1Freq
 .text.HAL_RCC_GetPCLK2Freq
                0x080036cc       0x28 ./Drivers/STM32F1xx_HAL_Driver/stm32f1xx_hal_rcc.o
                0x080036cc                HAL_RCC_GetPCLK2Freq
 .text.RCC_Delay
                0x080036f4       0x3c ./Drivers/STM32F1xx_HAL_Driver/stm32f1xx_hal_rcc.o
 .text.HAL_RCCEx_PeriphCLKConfig
                0x08003730      0x16c ./Drivers/STM32F1xx_HAL_Driver/stm32f1xx_hal_rcc_ex.o
                0x08003730                HAL_RCCEx_PeriphCLKConfig
 .text.HAL_UART_Init
                0x0800389c       0xa0 ./Drivers/STM32F1xx_HAL_Driver/stm32f1xx_hal_uart.o
                0x0800389c                HAL_UART_Init
 .text.HAL_UART_Transmit
                0x0800393c      0x116 ./Drivers/STM32F1xx_HAL_Driver/stm32f1xx_hal_uart.o
                0x0800393c                HAL_UART_Transmit
 .text.HAL_UART_Receive_IT
                0x08003a52       0x4a ./Drivers/STM32F1xx_HAL_Driver/stm32f1xx_hal_uart.o
                0x08003a52                HAL_UART_Receive_IT
 .text.HAL_UART_IRQHandler
                0x08003a9c      0x524 ./Drivers/STM32F1xx_HAL_Driver/stm32f1xx_hal_uart.o
                0x08003a9c                HAL_UART_IRQHandler
 .text.HAL_UART_TxCpltCallback
                0x08003fc0       0x12 ./Drivers/STM32F1xx_HAL_Driver/stm32f1xx_hal_uart.o
                0x08003fc0                HAL_UART_TxCpltCallback
 .text.HAL_UART_ErrorCallback
                0x08003fd2       0x12 ./Drivers/STM32F1xx_HAL_Driver/stm32f1xx_hal_uart.o
                0x08003fd2                HAL_UART_ErrorCallback
 .text.HAL_UARTEx_RxEventCallback
                0x08003fe4       0x16 ./Drivers/STM32F1xx_HAL_Driver/stm32f1xx_hal_uart.o
                0x08003fe4                HAL_UARTEx_RxEventCallback
 .text.UART_WaitOnFlagUntilTimeout
                0x08003ffa       0xb2 ./Drivers/STM32F1xx_HAL_Driver/stm32f1xx_hal_uart.o
 .text.UART_Start_Receive_IT
                0x080040ac       0x72 ./Drivers/STM32F1xx_HAL_Driver/stm32f1xx_hal_uart.o
                0x080040ac                UART_Start_Receive_IT
 .text.UART_EndRxTransfer
                0x0800411e       0xc4 ./Drivers/STM32F1xx_HAL_Driver/stm32f1xx_hal_uart.o
 .text.UART_DMAAbortOnError
                0x080041e2       0x28 ./Drivers/STM32F1xx_HAL_Driver/stm32f1xx_hal_uart.o
 .text.UART_Transmit_IT
                0x0800420a       0x9e ./Drivers/STM32F1xx_HAL_Driver/stm32f1xx_hal_uart.o
 .text.UART_EndTransmit_IT
                0x080042a8       0x30 ./Drivers/STM32F1xx_HAL_Driver/stm32f1xx_hal_uart.o
 .text.UART_Receive_IT
                0x080042d8      0x17c ./Drivers/STM32F1xx_HAL_Driver/stm32f1xx_hal_uart.o
 .text.UART_SetConfig
                0x08004454      0x11c ./Drivers/STM32F1xx_HAL_Driver/stm32f1xx_hal_uart.o
 .text.USB_CoreInit
                0x08004570       0x1a ./Drivers/STM32F1xx_HAL_Driver/stm32f1xx_ll_usb.o
                0x08004570                USB_CoreInit
 .text.USB_EnableGlobalInt
                0x0800458a       0x2c ./Drivers/STM32F1xx_HAL_Driver/stm32f1xx_ll_usb.o
                0x0800458a                USB_EnableGlobalInt
 .text.USB_DisableGlobalInt
                0x080045b6       0x34 ./Drivers/STM32F1xx_HAL_Driver/stm32f1xx_ll_usb.o
                0x080045b6                USB_DisableGlobalInt
 .text.USB_SetCurrentMode
                0x080045ea       0x18 ./Drivers/STM32F1xx_HAL_Driver/stm32f1xx_ll_usb.o
                0x080045ea                USB_SetCurrentMode
 .text.USB_DevInit
                0x08004602       0x3a ./Drivers/STM32F1xx_HAL_Driver/stm32f1xx_ll_usb.o
                0x08004602                USB_DevInit
 .text.USB_ActivateEndpoint
                0x0800463c      0x780 ./Drivers/STM32F1xx_HAL_Driver/stm32f1xx_ll_usb.o
                0x0800463c                USB_ActivateEndpoint
 .text.USB_DeactivateEndpoint
                0x08004dbc      0x3d8 ./Drivers/STM32F1xx_HAL_Driver/stm32f1xx_ll_usb.o
                0x08004dbc                USB_DeactivateEndpoint
 .text.USB_EPStartXfer
                0x08005194     0x1762 ./Drivers/STM32F1xx_HAL_Driver/stm32f1xx_ll_usb.o
                0x08005194                USB_EPStartXfer
 .text.USB_EPSetStall
                0x080068f6       0xa0 ./Drivers/STM32F1xx_HAL_Driver/stm32f1xx_ll_usb.o
                0x080068f6                USB_EPSetStall
 .text.USB_EPClearStall
                0x08006996      0x15a ./Drivers/STM32F1xx_HAL_Driver/stm32f1xx_ll_usb.o
                0x08006996                USB_EPClearStall
 .text.USB_SetDevAddress
                0x08006af0       0x26 ./Drivers/STM32F1xx_HAL_Driver/stm32f1xx_ll_usb.o
                0x08006af0                USB_SetDevAddress
 .text.USB_DevConnect
                0x08006b16       0x14 ./Drivers/STM32F1xx_HAL_Driver/stm32f1xx_ll_usb.o
                0x08006b16                USB_DevConnect
 .text.USB_DevDisconnect
                0x08006b2a       0x14 ./Drivers/STM32F1xx_HAL_Driver/stm32f1xx_ll_usb.o
                0x08006b2a                USB_DevDisconnect
 .text.USB_ReadInterrupts
                0x08006b3e       0x1e ./Drivers/STM32F1xx_HAL_Driver/stm32f1xx_ll_usb.o
                0x08006b3e                USB_ReadInterrupts
 .text.USB_EP0_OutStart
                0x08006b5c       0x16 ./Drivers/STM32F1xx_HAL_Driver/stm32f1xx_ll_usb.o
                0x08006b5c                USB_EP0_OutStart
 .text.USB_WritePMA
                0x08006b72       0x8a ./Drivers/STM32F1xx_HAL_Driver/stm32f1xx_ll_usb.o
                0x08006b72                USB_WritePMA
 .text.USB_ReadPMA
                0x08006bfc       0x9e ./Drivers/STM32F1xx_HAL_Driver/stm32f1xx_ll_usb.o
                0x08006bfc                USB_ReadPMA
 .text.USBD_Init
                0x08006c9a       0x56 ./Middlewares/USB_Device_Library/usbd_core.o
                0x08006c9a                USBD_Init
 .text.USBD_RegisterClass
                0x08006cf0       0x32 ./Middlewares/USB_Device_Library/usbd_core.o
                0x08006cf0                USBD_RegisterClass
 .text.USBD_Start
                0x08006d22       0x18 ./Middlewares/USB_Device_Library/usbd_core.o
                0x08006d22                USBD_Start
 .text.USBD_RunTestMode
                0x08006d3a       0x14 ./Middlewares/USB_Device_Library/usbd_core.o
                0x08006d3a                USBD_RunTestMode
 .text.USBD_SetClassConfig
                0x08006d4e       0x3e ./Middlewares/USB_Device_Library/usbd_core.o
                0x08006d4e                USBD_SetClassConfig
 .text.USBD_ClrClassConfig
                0x08006d8c       0x26 ./Middlewares/USB_Device_Library/usbd_core.o
                0x08006d8c                USBD_ClrClassConfig
 .text.USBD_LL_SetupStage
                0x08006db2       0x9a ./Middlewares/USB_Device_Library/usbd_core.o
                0x08006db2                USBD_LL_SetupStage
 .text.USBD_LL_DataOutStage
                0x08006e4c       0xe2 ./Middlewares/USB_Device_Library/usbd_core.o
                0x08006e4c                USBD_LL_DataOutStage
 .text.USBD_LL_DataInStage
                0x08006f2e      0x14a ./Middlewares/USB_Device_Library/usbd_core.o
                0x08006f2e                USBD_LL_DataInStage
 .text.USBD_LL_Reset
                0x08007078       0x82 ./Middlewares/USB_Device_Library/usbd_core.o
                0x08007078                USBD_LL_Reset
 .text.USBD_LL_SetSpeed
                0x080070fa       0x1e ./Middlewares/USB_Device_Library/usbd_core.o
                0x080070fa                USBD_LL_SetSpeed
 .text.USBD_LL_Suspend
                0x08007118       0x28 ./Middlewares/USB_Device_Library/usbd_core.o
                0x08007118                USBD_LL_Suspend
 .text.USBD_LL_Resume
                0x08007140       0x2a ./Middlewares/USB_Device_Library/usbd_core.o
                0x08007140                USBD_LL_Resume
 .text.USBD_LL_SOF
                0x0800716a       0x34 ./Middlewares/USB_Device_Library/usbd_core.o
                0x0800716a                USBD_LL_SOF
 *fill*         0x0800719e        0x2 
 .text.USBD_StdDevReq
                0x080071a0       0xd4 ./Middlewares/USB_Device_Library/usbd_ctlreq.o
                0x080071a0                USBD_StdDevReq
 .text.USBD_StdItfReq
                0x08007274       0x90 ./Middlewares/USB_Device_Library/usbd_ctlreq.o
                0x08007274                USBD_StdItfReq
 .text.USBD_StdEPReq
                0x08007304      0x2c6 ./Middlewares/USB_Device_Library/usbd_ctlreq.o
                0x08007304                USBD_StdEPReq
 *fill*         0x080075ca        0x2 
 .text.USBD_GetDescriptor
                0x080075cc      0x2d0 ./Middlewares/USB_Device_Library/usbd_ctlreq.o
 .text.USBD_SetAddress
                0x0800789c       0x86 ./Middlewares/USB_Device_Library/usbd_ctlreq.o
 *fill*         0x08007922        0x2 
 .text.USBD_SetConfig
                0x08007924      0x11c ./Middlewares/USB_Device_Library/usbd_ctlreq.o
 .text.USBD_GetConfig
                0x08007a40       0x6a ./Middlewares/USB_Device_Library/usbd_ctlreq.o
 .text.USBD_GetStatus
                0x08007aaa       0x66 ./Middlewares/USB_Device_Library/usbd_ctlreq.o
 .text.USBD_SetFeature
                0x08007b10       0x28 ./Middlewares/USB_Device_Library/usbd_ctlreq.o
 .text.USBD_ClrFeature
                0x08007b38       0x42 ./Middlewares/USB_Device_Library/usbd_ctlreq.o
 .text.USBD_ParseSetupRequest
                0x08007b7a       0x72 ./Middlewares/USB_Device_Library/usbd_ctlreq.o
                0x08007b7a                USBD_ParseSetupRequest
 .text.USBD_CtlError
                0x08007bec       0x22 ./Middlewares/USB_Device_Library/usbd_ctlreq.o
                0x08007bec                USBD_CtlError
 .text.USBD_GetString
                0x08007c0e       0x84 ./Middlewares/USB_Device_Library/usbd_ctlreq.o
                0x08007c0e                USBD_GetString
 .text.USBD_GetLen
                0x08007c92       0x2e ./Middlewares/USB_Device_Library/usbd_ctlreq.o
 .text.USBD_HID_Init
                0x08007cc0       0x4e ./Middlewares/USB_Device_Library/usbd_hid.o
 .text.USBD_HID_DeInit
                0x08007d0e       0x42 ./Middlewares/USB_Device_Library/usbd_hid.o
 .text.USBD_HID_Setup
                0x08007d50      0x1fc ./Middlewares/USB_Device_Library/usbd_hid.o
 .text.USBD_HID_SendReport
                0x08007f4c       0x44 ./Middlewares/USB_Device_Library/usbd_hid.o
                0x08007f4c                USBD_HID_SendReport
 .text.USBD_HID_GetFSCfgDesc
                0x08007f90       0x20 ./Middlewares/USB_Device_Library/usbd_hid.o
 .text.USBD_HID_GetHSCfgDesc
                0x08007fb0       0x20 ./Middlewares/USB_Device_Library/usbd_hid.o
 .text.USBD_HID_GetOtherSpeedCfgDesc
                0x08007fd0       0x20 ./Middlewares/USB_Device_Library/usbd_hid.o
 .text.USBD_HID_DataIn
                0x08007ff0       0x22 ./Middlewares/USB_Device_Library/usbd_hid.o
 *fill*         0x08008012        0x2 
 .text.USBD_HID_GetDeviceQualifierDesc
                0x08008014       0x20 ./Middlewares/USB_Device_Library/usbd_hid.o
 .text.USBD_CtlSendData
                0x08008034       0x38 ./Middlewares/USB_Device_Library/usbd_ioreq.o
                0x08008034                USBD_CtlSendData
 .text.USBD_CtlContinueSendData
                0x0800806c       0x24 ./Middlewares/USB_Device_Library/usbd_ioreq.o
                0x0800806c                USBD_CtlContinueSendData
 .text.USBD_CtlContinueRx
                0x08008090       0x24 ./Middlewares/USB_Device_Library/usbd_ioreq.o
                0x08008090                USBD_CtlContinueRx
 .text.USBD_CtlSendStatus
                0x080080b4       0x26 ./Middlewares/USB_Device_Library/usbd_ioreq.o
                0x080080b4                USBD_CtlSendStatus
 .text.USBD_CtlReceiveStatus
                0x080080da       0x26 ./Middlewares/USB_Device_Library/usbd_ioreq.o
                0x080080da                USBD_CtlReceiveStatus
 .text.MX_USB_DEVICE_Init
                0x08008100       0x4c ./USB_DEVICE/App/usb_device.o
                0x08008100                MX_USB_DEVICE_Init
 .text.USBD_FS_DeviceDescriptor
                0x0800814c       0x24 ./USB_DEVICE/App/usbd_desc.o
                0x0800814c                USBD_FS_DeviceDescriptor
 .text.USBD_FS_LangIDStrDescriptor
                0x08008170       0x24 ./USB_DEVICE/App/usbd_desc.o
                0x08008170                USBD_FS_LangIDStrDescriptor
 .text.USBD_FS_ProductStrDescriptor
                0x08008194       0x3c ./USB_DEVICE/App/usbd_desc.o
                0x08008194                USBD_FS_ProductStrDescriptor
 .text.USBD_FS_ManufacturerStrDescriptor
                0x080081d0       0x28 ./USB_DEVICE/App/usbd_desc.o
                0x080081d0                USBD_FS_ManufacturerStrDescriptor
 .text.USBD_FS_SerialStrDescriptor
                0x080081f8       0x24 ./USB_DEVICE/App/usbd_desc.o
                0x080081f8                USBD_FS_SerialStrDescriptor
 .text.USBD_FS_ConfigStrDescriptor
                0x0800821c       0x3c ./USB_DEVICE/App/usbd_desc.o
                0x0800821c                USBD_FS_ConfigStrDescriptor
 .text.USBD_FS_InterfaceStrDescriptor
                0x08008258       0x3c ./USB_DEVICE/App/usbd_desc.o
                0x08008258                USBD_FS_InterfaceStrDescriptor
 .text.Get_SerialNum
                0x08008294       0x58 ./USB_DEVICE/App/usbd_desc.o
 .text.IntToUnicode
                0x080082ec       0x7c ./USB_DEVICE/App/usbd_desc.o
 .text.HAL_PCD_MspInit
                0x08008368       0x4c ./USB_DEVICE/Target/usbd_conf.o
                0x08008368                HAL_PCD_MspInit
 .text.HAL_PCD_SetupStageCallback
                0x080083b4       0x24 ./USB_DEVICE/Target/usbd_conf.o
                0x080083b4                HAL_PCD_SetupStageCallback
 .text.HAL_PCD_DataOutStageCallback
                0x080083d8       0x36 ./USB_DEVICE/Target/usbd_conf.o
                0x080083d8                HAL_PCD_DataOutStageCallback
 .text.HAL_PCD_DataInStageCallback
                0x0800840e       0x34 ./USB_DEVICE/Target/usbd_conf.o
                0x0800840e                HAL_PCD_DataInStageCallback
 .text.HAL_PCD_SOFCallback
                0x08008442       0x1c ./USB_DEVICE/Target/usbd_conf.o
                0x08008442                HAL_PCD_SOFCallback
 .text.HAL_PCD_ResetCallback
                0x0800845e       0x3c ./USB_DEVICE/Target/usbd_conf.o
                0x0800845e                HAL_PCD_ResetCallback
 *fill*         0x0800849a        0x2 
 .text.HAL_PCD_SuspendCallback
                0x0800849c       0x34 ./USB_DEVICE/Target/usbd_conf.o
                0x0800849c                HAL_PCD_SuspendCallback
 .text.HAL_PCD_ResumeCallback
                0x080084d0       0x1c ./USB_DEVICE/Target/usbd_conf.o
                0x080084d0                HAL_PCD_ResumeCallback
 .text.USBD_LL_Init
                0x080084ec       0x90 ./USB_DEVICE/Target/usbd_conf.o
                0x080084ec                USBD_LL_Init
 .text.USBD_LL_Start
                0x0800857c       0x36 ./USB_DEVICE/Target/usbd_conf.o
                0x0800857c                USBD_LL_Start
 .text.USBD_LL_OpenEP
                0x080085b2       0x4c ./USB_DEVICE/Target/usbd_conf.o
                0x080085b2                USBD_LL_OpenEP
 .text.USBD_LL_CloseEP
                0x080085fe       0x3e ./USB_DEVICE/Target/usbd_conf.o
                0x080085fe                USBD_LL_CloseEP
 .text.USBD_LL_StallEP
                0x0800863c       0x3e ./USB_DEVICE/Target/usbd_conf.o
                0x0800863c                USBD_LL_StallEP
 .text.USBD_LL_ClearStallEP
                0x0800867a       0x3e ./USB_DEVICE/Target/usbd_conf.o
                0x0800867a                USBD_LL_ClearStallEP
 .text.USBD_LL_IsStallEP
                0x080086b8       0x56 ./USB_DEVICE/Target/usbd_conf.o
                0x080086b8                USBD_LL_IsStallEP
 .text.USBD_LL_SetUSBAddress
                0x0800870e       0x3e ./USB_DEVICE/Target/usbd_conf.o
                0x0800870e                USBD_LL_SetUSBAddress
 .text.USBD_LL_Transmit
                0x0800874c       0x46 ./USB_DEVICE/Target/usbd_conf.o
                0x0800874c                USBD_LL_Transmit
 .text.USBD_LL_PrepareReceive
                0x08008792       0x46 ./USB_DEVICE/Target/usbd_conf.o
                0x08008792                USBD_LL_PrepareReceive
 .text.USBD_static_malloc
                0x080087d8       0x18 ./USB_DEVICE/Target/usbd_conf.o
                0x080087d8                USBD_static_malloc
 .text.USBD_static_free
                0x080087f0       0x12 ./USB_DEVICE/Target/usbd_conf.o
                0x080087f0                USBD_static_free
 .text.HAL_PCDEx_SetConnectionState
                0x08008802       0x16 ./USB_DEVICE/Target/usbd_conf.o
                0x08008802                HAL_PCDEx_SetConnectionState
 .text.USBD_Get_USB_Status
                0x08008818       0x58 ./USB_DEVICE/Target/usbd_conf.o
 .text.memset   0x08008870       0x10 C:/ST/STM32CubeIDE_1.16.1/STM32CubeIDE/plugins/com.st.stm32cube.ide.mcu.externaltools.gnu-tools-for-stm32.12.3.rel1.win32_1.0.200.202406191623/tools/bin/../lib/gcc/arm-none-eabi/12.3.1/../../../../arm-none-eabi/lib/thumb/v7-m/nofp\libc_nano.a(libc_a-memset.o)
                0x08008870                memset
 .text.__libc_init_array
                0x08008880       0x48 C:/ST/STM32CubeIDE_1.16.1/STM32CubeIDE/plugins/com.st.stm32cube.ide.mcu.externaltools.gnu-tools-for-stm32.12.3.rel1.win32_1.0.200.202406191623/tools/bin/../lib/gcc/arm-none-eabi/12.3.1/../../../../arm-none-eabi/lib/thumb/v7-m/nofp\libc_nano.a(libc_a-init.o)
                0x08008880                __libc_init_array
 *(.glue_7)
 .glue_7        0x080088c8        0x0 linker stubs
 *(.glue_7t)
 .glue_7t       0x080088c8        0x0 linker stubs
 *(.eh_frame)
 .eh_frame      0x080088c8        0x0 C:/ST/STM32CubeIDE_1.16.1/STM32CubeIDE/plugins/com.st.stm32cube.ide.mcu.externaltools.gnu-tools-for-stm32.12.3.rel1.win32_1.0.200.202406191623/tools/bin/../lib/gcc/arm-none-eabi/12.3.1/thumb/v7-m/nofp/crtbegin.o
 *(.init)
 .init          0x080088c8        0x4 C:/ST/STM32CubeIDE_1.16.1/STM32CubeIDE/plugins/com.st.stm32cube.ide.mcu.externaltools.gnu-tools-for-stm32.12.3.rel1.win32_1.0.200.202406191623/tools/bin/../lib/gcc/arm-none-eabi/12.3.1/thumb/v7-m/nofp/crti.o
                0x080088c8                _init
 .init          0x080088cc        0x8 C:/ST/STM32CubeIDE_1.16.1/STM32CubeIDE/plugins/com.st.stm32cube.ide.mcu.externaltools.gnu-tools-for-stm32.12.3.rel1.win32_1.0.200.202406191623/tools/bin/../lib/gcc/arm-none-eabi/12.3.1/thumb/v7-m/nofp/crtn.o
 *(.fini)
 .fini          0x080088d4        0x4 C:/ST/STM32CubeIDE_1.16.1/STM32CubeIDE/plugins/com.st.stm32cube.ide.mcu.externaltools.gnu-tools-for-stm32.12.3.rel1.win32_1.0.200.202406191623/tools/bin/../lib/gcc/arm-none-eabi/12.3.1/thumb/v7-m/nofp/crti.o
                0x080088d4                _fini
 .fini          0x080088d8        0x8 C:/ST/STM32CubeIDE_1.16.1/STM32CubeIDE/plugins/com.st.stm32cube.ide.mcu.externaltools.gnu-tools-for-stm32.12.3.rel1.win32_1.0.200.202406191623/tools/bin/../lib/gcc/arm-none-eabi/12.3.1/thumb/v7-m/nofp/crtn.o
                0x080088e0                        . = ALIGN (0x4)
                0x080088e0                        _etext = .

.vfp11_veneer   0x080088e0        0x0
 .vfp11_veneer  0x080088e0        0x0 linker stubs

.v4_bx          0x080088e0        0x0
 .v4_bx         0x080088e0        0x0 linker stubs

.iplt           0x080088e0        0x0
 .iplt          0x080088e0        0x0 C:/ST/STM32CubeIDE_1.16.1/STM32CubeIDE/plugins/com.st.stm32cube.ide.mcu.externaltools.gnu-tools-for-stm32.12.3.rel1.win32_1.0.200.202406191623/tools/bin/../lib/gcc/arm-none-eabi/12.3.1/thumb/v7-m/nofp/crtbegin.o

.rodata         0x080088e0       0x80
                0x080088e0                        . = ALIGN (0x4)
 *(.rodata)
 .rodata        0x080088e0        0x9 ./Core/Src/AnimationModule.o
 *fill*         0x080088e9        0x3 
 .rodata        0x080088ec        0x9 ./Core/Src/KeyboardModule.o
 *fill*         0x080088f5        0x3 
 .rodata        0x080088f8        0x5 ./Core/Src/MouseModule.o
 *fill*         0x080088fd        0x3 
 .rodata        0x08008900       0x32 ./USB_DEVICE/App/usbd_desc.o
 *(.rodata*)
 *fill*         0x08008932        0x2 
 .rodata.AHBPrescTable
                0x08008934       0x10 ./Core/Src/system_stm32f1xx.o
                0x08008934                AHBPrescTable
 .rodata.APBPrescTable
                0x08008944        0x8 ./Core/Src/system_stm32f1xx.o
                0x08008944                APBPrescTable
 .rodata.aPLLMULFactorTable.1
                0x0800894c       0x10 ./Drivers/STM32F1xx_HAL_Driver/stm32f1xx_hal_rcc.o
 .rodata.aPredivFactorTable.0
                0x0800895c        0x2 ./Drivers/STM32F1xx_HAL_Driver/stm32f1xx_hal_rcc.o
                0x08008960                        . = ALIGN (0x4)
 *fill*         0x0800895e        0x2 

.ARM.extab      0x08008960        0x0
                0x08008960                        . = ALIGN (0x4)
 *(.ARM.extab* .gnu.linkonce.armextab.*)
                0x08008960                        . = ALIGN (0x4)

.ARM            0x08008960        0x0
                0x08008960                        . = ALIGN (0x4)
                0x08008960                        __exidx_start = .
 *(.ARM.exidx*)
                0x08008960                        __exidx_end = .
                0x08008960                        . = ALIGN (0x4)

.preinit_array  0x08008960        0x0
                0x08008960                        . = ALIGN (0x4)
                0x08008960                        PROVIDE (__preinit_array_start = .)
 *(.preinit_array*)
                0x08008960                        PROVIDE (__preinit_array_end = .)
                0x08008960                        . = ALIGN (0x4)

.init_array     0x08008960        0x4
                0x08008960                        . = ALIGN (0x4)
                0x08008960                        PROVIDE (__init_array_start = .)
 *(SORT_BY_NAME(.init_array.*))
 *(.init_array*)
 .init_array    0x08008960        0x4 C:/ST/STM32CubeIDE_1.16.1/STM32CubeIDE/plugins/com.st.stm32cube.ide.mcu.externaltools.gnu-tools-for-stm32.12.3.rel1.win32_1.0.200.202406191623/tools/bin/../lib/gcc/arm-none-eabi/12.3.1/thumb/v7-m/nofp/crtbegin.o
                0x08008964                        PROVIDE (__init_array_end = .)
                0x08008964                        . = ALIGN (0x4)

.fini_array     0x08008964        0x4
                0x08008964                        . = ALIGN (0x4)
                [!provide]                        PROVIDE (__fini_array_start = .)
 *(SORT_BY_NAME(.fini_array.*))
 *(.fini_array*)
 .fini_array    0x08008964        0x4 C:/ST/STM32CubeIDE_1.16.1/STM32CubeIDE/plugins/com.st.stm32cube.ide.mcu.externaltools.gnu-tools-for-stm32.12.3.rel1.win32_1.0.200.202406191623/tools/bin/../lib/gcc/arm-none-eabi/12.3.1/thumb/v7-m/nofp/crtbegin.o
                [!provide]                        PROVIDE (__fini_array_end = .)
                0x08008968                        . = ALIGN (0x4)
                0x08008968                        _sidata = LOADADDR (.data)

.rel.dyn        0x08008968        0x0
 .rel.iplt      0x08008968        0x0 C:/ST/STM32CubeIDE_1.16.1/STM32CubeIDE/plugins/com.st.stm32cube.ide.mcu.externaltools.gnu-tools-for-stm32.12.3.rel1.win32_1.0.200.202406191623/tools/bin/../lib/gcc/arm-none-eabi/12.3.1/thumb/v7-m/nofp/crtbegin.o

.data           0x20000000      0x190 load address 0x08008968
                0x20000000                        . = ALIGN (0x4)
                0x20000000                        _sdata = .
 *(.data)
 *(.data*)
 .data.flag     0x20000000        0x1 ./Core/Src/AnimationModule.o
                0x20000000                flag
 *fill*         0x20000001        0x3 
 .data.SystemCoreClock
                0x20000004        0x4 ./Core/Src/system_stm32f1xx.o
                0x20000004                SystemCoreClock
 .data.uwTickPrio
                0x20000008        0x4 ./Drivers/STM32F1xx_HAL_Driver/stm32f1xx_hal.o
                0x20000008                uwTickPrio
 .data.uwTickFreq
                0x2000000c        0x1 ./Drivers/STM32F1xx_HAL_Driver/stm32f1xx_hal.o
                0x2000000c                uwTickFreq
 *fill*         0x2000000d        0x3 
 .data.USBD_HID
                0x20000010       0x38 ./Middlewares/USB_Device_Library/usbd_hid.o
                0x20000010                USBD_HID
 .data.USBD_HID_CfgFSDesc
                0x20000048       0x22 ./Middlewares/USB_Device_Library/usbd_hid.o
 *fill*         0x2000006a        0x2 
 .data.USBD_HID_CfgHSDesc
                0x2000006c       0x22 ./Middlewares/USB_Device_Library/usbd_hid.o
 *fill*         0x2000008e        0x2 
 .data.USBD_HID_OtherSpeedCfgDesc
                0x20000090       0x22 ./Middlewares/USB_Device_Library/usbd_hid.o
 *fill*         0x200000b2        0x2 
 .data.USBD_HID_Desc
                0x200000b4        0x9 ./Middlewares/USB_Device_Library/usbd_hid.o
 *fill*         0x200000bd        0x3 
 .data.USBD_HID_DeviceQualifierDesc
                0x200000c0        0xa ./Middlewares/USB_Device_Library/usbd_hid.o
 *fill*         0x200000ca        0x2 
 .data.HID_MOUSE_ReportDesc
                0x200000cc       0x73 ./Middlewares/USB_Device_Library/usbd_hid.o
 *fill*         0x2000013f        0x1 
 .data.FS_Desc  0x20000140       0x1c ./USB_DEVICE/App/usbd_desc.o
                0x20000140                FS_Desc
 .data.USBD_FS_DeviceDesc
                0x2000015c       0x12 ./USB_DEVICE/App/usbd_desc.o
                0x2000015c                USBD_FS_DeviceDesc
 *fill*         0x2000016e        0x2 
 .data.USBD_LangIDDesc
                0x20000170        0x4 ./USB_DEVICE/App/usbd_desc.o
                0x20000170                USBD_LangIDDesc
 .data.USBD_StringSerial
                0x20000174       0x1a ./USB_DEVICE/App/usbd_desc.o
                0x20000174                USBD_StringSerial
 *(.RamFunc)
 *(.RamFunc*)
                0x20000190                        . = ALIGN (0x4)
 *fill*         0x2000018e        0x2 
                0x20000190                        _edata = .

.igot.plt       0x20000190        0x0 load address 0x08008af8
 .igot.plt      0x20000190        0x0 C:/ST/STM32CubeIDE_1.16.1/STM32CubeIDE/plugins/com.st.stm32cube.ide.mcu.externaltools.gnu-tools-for-stm32.12.3.rel1.win32_1.0.200.202406191623/tools/bin/../lib/gcc/arm-none-eabi/12.3.1/thumb/v7-m/nofp/crtbegin.o
                0x20000190                        . = ALIGN (0x4)

.bss            0x20000190      0xa74 load address 0x08008af8
                0x20000190                        _sbss = .
                0x20000190                        __bss_start__ = _sbss
 *(.bss)
 .bss           0x20000190       0x1c C:/ST/STM32CubeIDE_1.16.1/STM32CubeIDE/plugins/com.st.stm32cube.ide.mcu.externaltools.gnu-tools-for-stm32.12.3.rel1.win32_1.0.200.202406191623/tools/bin/../lib/gcc/arm-none-eabi/12.3.1/thumb/v7-m/nofp/crtbegin.o
 *(.bss*)
 .bss.time      0x200001ac        0x4 ./Core/Src/AnimationModule.o
                0x200001ac                time
 .bss.data_set  0x200001b0        0x2 ./Core/Src/AnimationModule.o
                0x200001b0                data_set
 .bss.length    0x200001b2        0x1 ./Core/Src/UsartController.o
                0x200001b2                length
 .bss.parsedData
                0x200001b3        0x1 ./Core/Src/UsartController.o
                0x200001b3                parsedData
 .bss.buffer    0x200001b4       0x20 ./Core/Src/UsartController.o
                0x200001b4                buffer
 .bss.timer     0x200001d4        0x4 ./Core/Src/UsartController.o
                0x200001d4                timer
 .bss.rxcall    0x200001d8        0x1 ./Core/Src/main.o
                0x200001d8                rxcall
 *fill*         0x200001d9        0x3 
 .bss.action    0x200001dc       0x23 ./Core/Src/main.o
                0x200001dc                action
 *fill*         0x200001ff        0x1 
 .bss.animation
                0x20000200      0x202 ./Core/Src/main.o
                0x20000200                animation
 *fill*         0x20000402        0x2 
 .bss.huart3    0x20000404       0x48 ./Core/Src/usart.o
                0x20000404                huart3
 .bss.uwTick    0x2000044c        0x4 ./Drivers/STM32F1xx_HAL_Driver/stm32f1xx_hal.o
                0x2000044c                uwTick
 .bss.cfgidx.0  0x20000450        0x1 ./Middlewares/USB_Device_Library/usbd_ctlreq.o
 *fill*         0x20000451        0x3 
 .bss.hUsbDeviceFS
                0x20000454      0x2c4 ./USB_DEVICE/App/usb_device.o
                0x20000454                hUsbDeviceFS
 .bss.USBD_StrDesc
                0x20000718      0x200 ./USB_DEVICE/App/usbd_desc.o
                0x20000718                USBD_StrDesc
 .bss.hpcd_USB_FS
                0x20000918      0x2d8 ./USB_DEVICE/Target/usbd_conf.o
                0x20000918                hpcd_USB_FS
 .bss.mem.0     0x20000bf0       0x14 ./USB_DEVICE/Target/usbd_conf.o
 *(COMMON)
                0x20000c04                        . = ALIGN (0x4)
                0x20000c04                        _ebss = .
                0x20000c04                        __bss_end__ = _ebss

._user_heap_stack
                0x20000c04      0x604 load address 0x08008af8
                0x20000c08                        . = ALIGN (0x8)
 *fill*         0x20000c04        0x4 
                [!provide]                        PROVIDE (end = .)
                0x20000c08                        PROVIDE (_end = .)
                0x20000e08                        . = (. + _Min_Heap_Size)
 *fill*         0x20000c08      0x200 
                0x20001208                        . = (. + _Min_Stack_Size)
 *fill*         0x20000e08      0x400 
                0x20001208                        . = ALIGN (0x8)

/DISCARD/
 libc.a(*)
 libm.a(*)
 libgcc.a(*)

.ARM.attributes
                0x00000000       0x29
 *(.ARM.attributes)
 .ARM.attributes
                0x00000000       0x1d C:/ST/STM32CubeIDE_1.16.1/STM32CubeIDE/plugins/com.st.stm32cube.ide.mcu.externaltools.gnu-tools-for-stm32.12.3.rel1.win32_1.0.200.202406191623/tools/bin/../lib/gcc/arm-none-eabi/12.3.1/thumb/v7-m/nofp/crti.o
 .ARM.attributes
                0x0000001d       0x2d C:/ST/STM32CubeIDE_1.16.1/STM32CubeIDE/plugins/com.st.stm32cube.ide.mcu.externaltools.gnu-tools-for-stm32.12.3.rel1.win32_1.0.200.202406191623/tools/bin/../lib/gcc/arm-none-eabi/12.3.1/thumb/v7-m/nofp/crtbegin.o
 .ARM.attributes
                0x0000004a       0x2d ./Core/Src/AnimationModule.o
 .ARM.attributes
                0x00000077       0x2d ./Core/Src/KeyboardModule.o
 .ARM.attributes
                0x000000a4       0x2d ./Core/Src/MouseModule.o
 .ARM.attributes
                0x000000d1       0x2d ./Core/Src/UsartController.o
 .ARM.attributes
                0x000000fe       0x2d ./Core/Src/UsartRouter.o
 .ARM.attributes
                0x0000012b       0x2d ./Core/Src/gpio.o
 .ARM.attributes
                0x00000158       0x2d ./Core/Src/main.o
 .ARM.attributes
                0x00000185       0x2d ./Core/Src/stm32f1xx_hal_msp.o
 .ARM.attributes
                0x000001b2       0x2d ./Core/Src/stm32f1xx_it.o
 .ARM.attributes
                0x000001df       0x2d ./Core/Src/system_stm32f1xx.o
 .ARM.attributes
                0x0000020c       0x2d ./Core/Src/usart.o
 .ARM.attributes
                0x00000239       0x21 ./Core/Startup/startup_stm32f103c8tx.o
 .ARM.attributes
                0x0000025a       0x2d ./Drivers/STM32F1xx_HAL_Driver/stm32f1xx_hal.o
 .ARM.attributes
                0x00000287       0x2d ./Drivers/STM32F1xx_HAL_Driver/stm32f1xx_hal_cortex.o
 .ARM.attributes
                0x000002b4       0x2d ./Drivers/STM32F1xx_HAL_Driver/stm32f1xx_hal_dma.o
 .ARM.attributes
                0x000002e1       0x2d ./Drivers/STM32F1xx_HAL_Driver/stm32f1xx_hal_gpio.o
 .ARM.attributes
                0x0000030e       0x2d ./Drivers/STM32F1xx_HAL_Driver/stm32f1xx_hal_pcd.o
 .ARM.attributes
                0x0000033b       0x2d ./Drivers/STM32F1xx_HAL_Driver/stm32f1xx_hal_pcd_ex.o
 .ARM.attributes
                0x00000368       0x2d ./Drivers/STM32F1xx_HAL_Driver/stm32f1xx_hal_rcc.o
 .ARM.attributes
                0x00000395       0x2d ./Drivers/STM32F1xx_HAL_Driver/stm32f1xx_hal_rcc_ex.o
 .ARM.attributes
                0x000003c2       0x2d ./Drivers/STM32F1xx_HAL_Driver/stm32f1xx_hal_uart.o
 .ARM.attributes
                0x000003ef       0x2d ./Drivers/STM32F1xx_HAL_Driver/stm32f1xx_ll_usb.o
 .ARM.attributes
                0x0000041c       0x2d ./Middlewares/USB_Device_Library/usbd_core.o
 .ARM.attributes
                0x00000449       0x2d ./Middlewares/USB_Device_Library/usbd_ctlreq.o
 .ARM.attributes
                0x00000476       0x2d ./Middlewares/USB_Device_Library/usbd_hid.o
 .ARM.attributes
                0x000004a3       0x2d ./Middlewares/USB_Device_Library/usbd_ioreq.o
 .ARM.attributes
                0x000004d0       0x2d ./USB_DEVICE/App/usb_device.o
 .ARM.attributes
                0x000004fd       0x2d ./USB_DEVICE/App/usbd_desc.o
 .ARM.attributes
                0x0000052a       0x2d ./USB_DEVICE/Target/usbd_conf.o
 .ARM.attributes
                0x00000557       0x2d C:/ST/STM32CubeIDE_1.16.1/STM32CubeIDE/plugins/com.st.stm32cube.ide.mcu.externaltools.gnu-tools-for-stm32.12.3.rel1.win32_1.0.200.202406191623/tools/bin/../lib/gcc/arm-none-eabi/12.3.1/../../../../arm-none-eabi/lib/thumb/v7-m/nofp\libc_nano.a(libc_a-memset.o)
 .ARM.attributes
                0x00000584       0x2d C:/ST/STM32CubeIDE_1.16.1/STM32CubeIDE/plugins/com.st.stm32cube.ide.mcu.externaltools.gnu-tools-for-stm32.12.3.rel1.win32_1.0.200.202406191623/tools/bin/../lib/gcc/arm-none-eabi/12.3.1/../../../../arm-none-eabi/lib/thumb/v7-m/nofp\libc_nano.a(libc_a-init.o)
 .ARM.attributes
                0x000005b1       0x1d C:/ST/STM32CubeIDE_1.16.1/STM32CubeIDE/plugins/com.st.stm32cube.ide.mcu.externaltools.gnu-tools-for-stm32.12.3.rel1.win32_1.0.200.202406191623/tools/bin/../lib/gcc/arm-none-eabi/12.3.1/thumb/v7-m/nofp/crtn.o
OUTPUT(STM32F103HidDeviceEmulator.elf elf32-littlearm)
LOAD linker stubs
LOAD C:/ST/STM32CubeIDE_1.16.1/STM32CubeIDE/plugins/com.st.stm32cube.ide.mcu.externaltools.gnu-tools-for-stm32.12.3.rel1.win32_1.0.200.202406191623/tools/bin/../lib/gcc/arm-none-eabi/12.3.1/../../../../arm-none-eabi/lib/thumb/v7-m/nofp\libc.a
LOAD C:/ST/STM32CubeIDE_1.16.1/STM32CubeIDE/plugins/com.st.stm32cube.ide.mcu.externaltools.gnu-tools-for-stm32.12.3.rel1.win32_1.0.200.202406191623/tools/bin/../lib/gcc/arm-none-eabi/12.3.1/../../../../arm-none-eabi/lib/thumb/v7-m/nofp\libm.a
LOAD C:/ST/STM32CubeIDE_1.16.1/STM32CubeIDE/plugins/com.st.stm32cube.ide.mcu.externaltools.gnu-tools-for-stm32.12.3.rel1.win32_1.0.200.202406191623/tools/bin/../lib/gcc/arm-none-eabi/12.3.1/thumb/v7-m/nofp\libgcc.a

.debug_info     0x00000000    0x1179d
 .debug_info    0x00000000      0x700 ./Core/Src/AnimationModule.o
 .debug_info    0x00000700      0x62a ./Core/Src/KeyboardModule.o
 .debug_info    0x00000d2a      0x617 ./Core/Src/MouseModule.o
 .debug_info    0x00001341      0x6ab ./Core/Src/UsartController.o
 .debug_info    0x000019ec      0x706 ./Core/Src/UsartRouter.o
 .debug_info    0x000020f2      0x2d3 ./Core/Src/gpio.o
 .debug_info    0x000023c5      0x92e ./Core/Src/main.o
 .debug_info    0x00002cf3      0x1f1 ./Core/Src/stm32f1xx_hal_msp.o
 .debug_info    0x00002ee4      0xa59 ./Core/Src/stm32f1xx_it.o
 .debug_info    0x0000393d      0x222 ./Core/Src/system_stm32f1xx.o
 .debug_info    0x00003b5f      0x92a ./Core/Src/usart.o
 .debug_info    0x00004489       0x30 ./Core/Startup/startup_stm32f103c8tx.o
 .debug_info    0x000044b9      0x704 ./Drivers/STM32F1xx_HAL_Driver/stm32f1xx_hal.o
 .debug_info    0x00004bbd      0xa87 ./Drivers/STM32F1xx_HAL_Driver/stm32f1xx_hal_cortex.o
 .debug_info    0x00005644      0x6d2 ./Drivers/STM32F1xx_HAL_Driver/stm32f1xx_hal_dma.o
 .debug_info    0x00005d16      0x5ab ./Drivers/STM32F1xx_HAL_Driver/stm32f1xx_hal_gpio.o
 .debug_info    0x000062c1     0x16dc ./Drivers/STM32F1xx_HAL_Driver/stm32f1xx_hal_pcd.o
 .debug_info    0x0000799d      0x6c3 ./Drivers/STM32F1xx_HAL_Driver/stm32f1xx_hal_pcd_ex.o
 .debug_info    0x00008060      0x7d5 ./Drivers/STM32F1xx_HAL_Driver/stm32f1xx_hal_rcc.o
 .debug_info    0x00008835      0x3c0 ./Drivers/STM32F1xx_HAL_Driver/stm32f1xx_hal_rcc_ex.o
 .debug_info    0x00008bf5     0x2eed ./Drivers/STM32F1xx_HAL_Driver/stm32f1xx_hal_uart.o
 .debug_info    0x0000bae2     0x17ae ./Drivers/STM32F1xx_HAL_Driver/stm32f1xx_ll_usb.o
 .debug_info    0x0000d290      0xa52 ./Middlewares/USB_Device_Library/usbd_core.o
 .debug_info    0x0000dce2      0x91c ./Middlewares/USB_Device_Library/usbd_ctlreq.o
 .debug_info    0x0000e5fe      0x927 ./Middlewares/USB_Device_Library/usbd_hid.o
 .debug_info    0x0000ef25      0x6a0 ./Middlewares/USB_Device_Library/usbd_ioreq.o
 .debug_info    0x0000f5c5      0x53a ./USB_DEVICE/App/usb_device.o
 .debug_info    0x0000faff      0x44a ./USB_DEVICE/App/usbd_desc.o
 .debug_info    0x0000ff49     0x1854 ./USB_DEVICE/Target/usbd_conf.o

.debug_abbrev   0x00000000     0x38b9
 .debug_abbrev  0x00000000      0x264 ./Core/Src/AnimationModule.o
 .debug_abbrev  0x00000264      0x1de ./Core/Src/KeyboardModule.o
 .debug_abbrev  0x00000442      0x1dc ./Core/Src/MouseModule.o
 .debug_abbrev  0x0000061e      0x1bb ./Core/Src/UsartController.o
 .debug_abbrev  0x000007d9      0x1c4 ./Core/Src/UsartRouter.o
 .debug_abbrev  0x0000099d      0x13f ./Core/Src/gpio.o
 .debug_abbrev  0x00000adc      0x252 ./Core/Src/main.o
 .debug_abbrev  0x00000d2e       0xdb ./Core/Src/stm32f1xx_hal_msp.o
 .debug_abbrev  0x00000e09      0x1bb ./Core/Src/stm32f1xx_it.o
 .debug_abbrev  0x00000fc4      0x13f ./Core/Src/system_stm32f1xx.o
 .debug_abbrev  0x00001103      0x205 ./Core/Src/usart.o
 .debug_abbrev  0x00001308       0x24 ./Core/Startup/startup_stm32f103c8tx.o
 .debug_abbrev  0x0000132c      0x201 ./Drivers/STM32F1xx_HAL_Driver/stm32f1xx_hal.o
 .debug_abbrev  0x0000152d      0x2f8 ./Drivers/STM32F1xx_HAL_Driver/stm32f1xx_hal_cortex.o
 .debug_abbrev  0x00001825      0x20b ./Drivers/STM32F1xx_HAL_Driver/stm32f1xx_hal_dma.o
 .debug_abbrev  0x00001a30      0x1ca ./Drivers/STM32F1xx_HAL_Driver/stm32f1xx_hal_gpio.o
 .debug_abbrev  0x00001bfa      0x2d6 ./Drivers/STM32F1xx_HAL_Driver/stm32f1xx_hal_pcd.o
 .debug_abbrev  0x00001ed0      0x189 ./Drivers/STM32F1xx_HAL_Driver/stm32f1xx_hal_pcd_ex.o
 .debug_abbrev  0x00002059      0x2b3 ./Drivers/STM32F1xx_HAL_Driver/stm32f1xx_hal_rcc.o
 .debug_abbrev  0x0000230c      0x188 ./Drivers/STM32F1xx_HAL_Driver/stm32f1xx_hal_rcc_ex.o
 .debug_abbrev  0x00002494      0x2f8 ./Drivers/STM32F1xx_HAL_Driver/stm32f1xx_hal_uart.o
 .debug_abbrev  0x0000278c      0x1de ./Drivers/STM32F1xx_HAL_Driver/stm32f1xx_ll_usb.o
 .debug_abbrev  0x0000296a      0x24a ./Middlewares/USB_Device_Library/usbd_core.o
 .debug_abbrev  0x00002bb4      0x26b ./Middlewares/USB_Device_Library/usbd_ctlreq.o
 .debug_abbrev  0x00002e1f      0x26b ./Middlewares/USB_Device_Library/usbd_hid.o
 .debug_abbrev  0x0000308a      0x192 ./Middlewares/USB_Device_Library/usbd_ioreq.o
 .debug_abbrev  0x0000321c      0x188 ./USB_DEVICE/App/usb_device.o
 .debug_abbrev  0x000033a4      0x1ff ./USB_DEVICE/App/usbd_desc.o
 .debug_abbrev  0x000035a3      0x316 ./USB_DEVICE/Target/usbd_conf.o

.debug_aranges  0x00000000      0xde8
 .debug_aranges
                0x00000000       0x48 ./Core/Src/AnimationModule.o
 .debug_aranges
                0x00000048       0x38 ./Core/Src/KeyboardModule.o
 .debug_aranges
                0x00000080       0x38 ./Core/Src/MouseModule.o
 .debug_aranges
                0x000000b8       0x20 ./Core/Src/UsartController.o
 .debug_aranges
                0x000000d8       0x30 ./Core/Src/UsartRouter.o
 .debug_aranges
                0x00000108       0x20 ./Core/Src/gpio.o
 .debug_aranges
                0x00000128       0x30 ./Core/Src/main.o
 .debug_aranges
                0x00000158       0x20 ./Core/Src/stm32f1xx_hal_msp.o
 .debug_aranges
                0x00000178       0x70 ./Core/Src/stm32f1xx_it.o
 .debug_aranges
                0x000001e8       0x28 ./Core/Src/system_stm32f1xx.o
 .debug_aranges
                0x00000210       0x30 ./Core/Src/usart.o
 .debug_aranges
                0x00000240       0x28 ./Core/Startup/startup_stm32f103c8tx.o
 .debug_aranges
                0x00000268       0xe0 ./Drivers/STM32F1xx_HAL_Driver/stm32f1xx_hal.o
 .debug_aranges
                0x00000348      0x100 ./Drivers/STM32F1xx_HAL_Driver/stm32f1xx_hal_cortex.o
 .debug_aranges
                0x00000448       0x80 ./Drivers/STM32F1xx_HAL_Driver/stm32f1xx_hal_dma.o
 .debug_aranges
                0x000004c8       0x58 ./Drivers/STM32F1xx_HAL_Driver/stm32f1xx_hal_gpio.o
 .debug_aranges
                0x00000520      0x140 ./Drivers/STM32F1xx_HAL_Driver/stm32f1xx_hal_pcd.o
 .debug_aranges
                0x00000660       0x38 ./Drivers/STM32F1xx_HAL_Driver/stm32f1xx_hal_pcd_ex.o
 .debug_aranges
                0x00000698       0x90 ./Drivers/STM32F1xx_HAL_Driver/stm32f1xx_hal_rcc.o
 .debug_aranges
                0x00000728       0x30 ./Drivers/STM32F1xx_HAL_Driver/stm32f1xx_hal_rcc_ex.o
 .debug_aranges
                0x00000758      0x208 ./Drivers/STM32F1xx_HAL_Driver/stm32f1xx_hal_uart.o
 .debug_aranges
                0x00000960       0xf8 ./Drivers/STM32F1xx_HAL_Driver/stm32f1xx_ll_usb.o
 .debug_aranges
                0x00000a58       0xb8 ./Middlewares/USB_Device_Library/usbd_core.o
 .debug_aranges
                0x00000b10       0x88 ./Middlewares/USB_Device_Library/usbd_ctlreq.o
 .debug_aranges
                0x00000b98       0x68 ./Middlewares/USB_Device_Library/usbd_hid.o
 .debug_aranges
                0x00000c00       0x50 ./Middlewares/USB_Device_Library/usbd_ioreq.o
 .debug_aranges
                0x00000c50       0x20 ./USB_DEVICE/App/usb_device.o
 .debug_aranges
                0x00000c70       0x60 ./USB_DEVICE/App/usbd_desc.o
 .debug_aranges
                0x00000cd0      0x118 ./USB_DEVICE/Target/usbd_conf.o

.debug_rnglists
                0x00000000      0xa51
 .debug_rnglists
                0x00000000       0x33 ./Core/Src/AnimationModule.o
 .debug_rnglists
                0x00000033       0x25 ./Core/Src/KeyboardModule.o
 .debug_rnglists
                0x00000058       0x25 ./Core/Src/MouseModule.o
 .debug_rnglists
                0x0000007d       0x14 ./Core/Src/UsartController.o
 .debug_rnglists
                0x00000091       0x20 ./Core/Src/UsartRouter.o
 .debug_rnglists
                0x000000b1       0x14 ./Core/Src/gpio.o
 .debug_rnglists
                0x000000c5       0x20 ./Core/Src/main.o
 .debug_rnglists
                0x000000e5       0x13 ./Core/Src/stm32f1xx_hal_msp.o
 .debug_rnglists
                0x000000f8       0x4f ./Core/Src/stm32f1xx_it.o
 .debug_rnglists
                0x00000147       0x1a ./Core/Src/system_stm32f1xx.o
 .debug_rnglists
                0x00000161       0x20 ./Core/Src/usart.o
 .debug_rnglists
                0x00000181       0x19 ./Core/Startup/startup_stm32f103c8tx.o
 .debug_rnglists
                0x0000019a       0xa3 ./Drivers/STM32F1xx_HAL_Driver/stm32f1xx_hal.o
 .debug_rnglists
                0x0000023d       0xbb ./Drivers/STM32F1xx_HAL_Driver/stm32f1xx_hal_cortex.o
 .debug_rnglists
                0x000002f8       0x64 ./Drivers/STM32F1xx_HAL_Driver/stm32f1xx_hal_dma.o
 .debug_rnglists
                0x0000035c       0x3f ./Drivers/STM32F1xx_HAL_Driver/stm32f1xx_hal_gpio.o
 .debug_rnglists
                0x0000039b       0xf4 ./Drivers/STM32F1xx_HAL_Driver/stm32f1xx_hal_pcd.o
 .debug_rnglists
                0x0000048f       0x26 ./Drivers/STM32F1xx_HAL_Driver/stm32f1xx_hal_pcd_ex.o
 .debug_rnglists
                0x000004b5       0x6c ./Drivers/STM32F1xx_HAL_Driver/stm32f1xx_hal_rcc.o
 .debug_rnglists
                0x00000521       0x21 ./Drivers/STM32F1xx_HAL_Driver/stm32f1xx_hal_rcc_ex.o
 .debug_rnglists
                0x00000542      0x1bc ./Drivers/STM32F1xx_HAL_Driver/stm32f1xx_hal_uart.o
 .debug_rnglists
                0x000006fe       0xbd ./Drivers/STM32F1xx_HAL_Driver/stm32f1xx_ll_usb.o
 .debug_rnglists
                0x000007bb       0x89 ./Middlewares/USB_Device_Library/usbd_core.o
 .debug_rnglists
                0x00000844       0x68 ./Middlewares/USB_Device_Library/usbd_ctlreq.o
 .debug_rnglists
                0x000008ac       0x4a ./Middlewares/USB_Device_Library/usbd_hid.o
 .debug_rnglists
                0x000008f6       0x37 ./Middlewares/USB_Device_Library/usbd_ioreq.o
 .debug_rnglists
                0x0000092d       0x13 ./USB_DEVICE/App/usb_device.o
 .debug_rnglists
                0x00000940       0x43 ./USB_DEVICE/App/usbd_desc.o
 .debug_rnglists
                0x00000983       0xce ./USB_DEVICE/Target/usbd_conf.o

.debug_macro    0x00000000    0x1a5e9
 .debug_macro   0x00000000      0x37d ./Core/Src/AnimationModule.o
 .debug_macro   0x0000037d      0xaa8 ./Core/Src/AnimationModule.o
 .debug_macro   0x00000e25      0x21b ./Core/Src/AnimationModule.o
 .debug_macro   0x00001040       0x2e ./Core/Src/AnimationModule.o
 .debug_macro   0x0000106e       0x22 ./Core/Src/AnimationModule.o
 .debug_macro   0x00001090       0x22 ./Core/Src/AnimationModule.o
 .debug_macro   0x000010b2       0x8e ./Core/Src/AnimationModule.o
 .debug_macro   0x00001140       0x51 ./Core/Src/AnimationModule.o
 .debug_macro   0x00001191      0x103 ./Core/Src/AnimationModule.o
 .debug_macro   0x00001294       0x6a ./Core/Src/AnimationModule.o
 .debug_macro   0x000012fe      0x1df ./Core/Src/AnimationModule.o
 .debug_macro   0x000014dd       0x1c ./Core/Src/AnimationModule.o
 .debug_macro   0x000014f9       0x22 ./Core/Src/AnimationModule.o
 .debug_macro   0x0000151b       0xbd ./Core/Src/AnimationModule.o
 .debug_macro   0x000015d8      0xd23 ./Core/Src/AnimationModule.o
 .debug_macro   0x000022fb     0xe09e ./Core/Src/AnimationModule.o
 .debug_macro   0x00010399       0x6d ./Core/Src/AnimationModule.o
 .debug_macro   0x00010406     0x34a2 ./Core/Src/AnimationModule.o
 .debug_macro   0x000138a8      0x189 ./Core/Src/AnimationModule.o
 .debug_macro   0x00013a31       0x5c ./Core/Src/AnimationModule.o
 .debug_macro   0x00013a8d      0x5bc ./Core/Src/AnimationModule.o
 .debug_macro   0x00014049      0x289 ./Core/Src/AnimationModule.o
 .debug_macro   0x000142d2      0x1cb ./Core/Src/AnimationModule.o
 .debug_macro   0x0001449d      0x114 ./Core/Src/AnimationModule.o
 .debug_macro   0x000145b1      0x1b2 ./Core/Src/AnimationModule.o
 .debug_macro   0x00014763       0x27 ./Core/Src/AnimationModule.o
 .debug_macro   0x0001478a      0x136 ./Core/Src/AnimationModule.o
 .debug_macro   0x000148c0      0x1bc ./Core/Src/AnimationModule.o
 .debug_macro   0x00014a7c       0x34 ./Core/Src/AnimationModule.o
 .debug_macro   0x00014ab0       0x3c ./Core/Src/AnimationModule.o
 .debug_macro   0x00014aec       0x57 ./Core/Src/AnimationModule.o
 .debug_macro   0x00014b43       0x87 ./Core/Src/AnimationModule.o
 .debug_macro   0x00014bca      0x240 ./Core/Src/AnimationModule.o
 .debug_macro   0x00014e0a      0x140 ./Core/Src/AnimationModule.o
 .debug_macro   0x00014f4a      0x28e ./Core/Src/AnimationModule.o
 .debug_macro   0x000151d8       0xb7 ./Core/Src/AnimationModule.o
 .debug_macro   0x0001528f      0x242 ./Core/Src/AnimationModule.o
 .debug_macro   0x000154d1       0x83 ./Core/Src/AnimationModule.o
 .debug_macro   0x00015554       0x46 ./Core/Src/AnimationModule.o
 .debug_macro   0x0001559a       0x61 ./Core/Src/AnimationModule.o
 .debug_macro   0x000155fb       0x24 ./Core/Src/AnimationModule.o
 .debug_macro   0x0001561f       0x43 ./Core/Src/AnimationModule.o
 .debug_macro   0x00015662       0x34 ./Core/Src/AnimationModule.o
 .debug_macro   0x00015696       0x16 ./Core/Src/AnimationModule.o
 .debug_macro   0x000156ac       0x35 ./Core/Src/AnimationModule.o
 .debug_macro   0x000156e1      0x369 ./Core/Src/AnimationModule.o
 .debug_macro   0x00015a4a       0x10 ./Core/Src/AnimationModule.o
 .debug_macro   0x00015a5a       0x16 ./Core/Src/AnimationModule.o
 .debug_macro   0x00015a70       0x43 ./Core/Src/AnimationModule.o
 .debug_macro   0x00015ab3       0x34 ./Core/Src/AnimationModule.o
 .debug_macro   0x00015ae7       0x10 ./Core/Src/AnimationModule.o
 .debug_macro   0x00015af7       0x58 ./Core/Src/AnimationModule.o
 .debug_macro   0x00015b4f       0x8e ./Core/Src/AnimationModule.o
 .debug_macro   0x00015bdd       0x1c ./Core/Src/AnimationModule.o
 .debug_macro   0x00015bf9      0x177 ./Core/Src/AnimationModule.o
 .debug_macro   0x00015d70       0x16 ./Core/Src/AnimationModule.o
 .debug_macro   0x00015d86       0x16 ./Core/Src/AnimationModule.o
 .debug_macro   0x00015d9c      0x146 ./Core/Src/AnimationModule.o
 .debug_macro   0x00015ee2       0x16 ./Core/Src/AnimationModule.o
 .debug_macro   0x00015ef8       0x16 ./Core/Src/AnimationModule.o
 .debug_macro   0x00015f0e       0x29 ./Core/Src/AnimationModule.o
 .debug_macro   0x00015f37       0x16 ./Core/Src/AnimationModule.o
 .debug_macro   0x00015f4d       0x20 ./Core/Src/AnimationModule.o
 .debug_macro   0x00015f6d       0x5f ./Core/Src/AnimationModule.o
 .debug_macro   0x00015fcc      0x1c8 ./Core/Src/AnimationModule.o
 .debug_macro   0x00016194       0x64 ./Core/Src/AnimationModule.o
 .debug_macro   0x000161f8       0x10 ./Core/Src/AnimationModule.o
 .debug_macro   0x00016208      0x36e ./Core/Src/KeyboardModule.o
 .debug_macro   0x00016576      0x36e ./Core/Src/MouseModule.o
 .debug_macro   0x000168e4      0x1dd ./Core/Src/UsartController.o
 .debug_macro   0x00016ac1      0x1f1 ./Core/Src/UsartRouter.o
 .debug_macro   0x00016cb2      0x1c6 ./Core/Src/gpio.o
 .debug_macro   0x00016e78      0x3ad ./Core/Src/main.o
 .debug_macro   0x00017225      0x1bc ./Core/Src/stm32f1xx_hal_msp.o
 .debug_macro   0x000173e1      0x1c6 ./Core/Src/stm32f1xx_it.o
 .debug_macro   0x000175a7      0x1b2 ./Core/Src/system_stm32f1xx.o
 .debug_macro   0x00017759      0x1c6 ./Core/Src/usart.o
 .debug_macro   0x0001791f      0x1d6 ./Drivers/STM32F1xx_HAL_Driver/stm32f1xx_hal.o
 .debug_macro   0x00017af5      0x1b2 ./Drivers/STM32F1xx_HAL_Driver/stm32f1xx_hal_cortex.o
 .debug_macro   0x00017ca7      0x1b2 ./Drivers/STM32F1xx_HAL_Driver/stm32f1xx_hal_dma.o
 .debug_macro   0x00017e59      0x21d ./Drivers/STM32F1xx_HAL_Driver/stm32f1xx_hal_gpio.o
 .debug_macro   0x00018076      0x1be ./Drivers/STM32F1xx_HAL_Driver/stm32f1xx_hal_pcd.o
 .debug_macro   0x00018234      0x1b2 ./Drivers/STM32F1xx_HAL_Driver/stm32f1xx_hal_pcd_ex.o
 .debug_macro   0x000183e6      0x1c4 ./Drivers/STM32F1xx_HAL_Driver/stm32f1xx_hal_rcc.o
 .debug_macro   0x000185aa      0x1b2 ./Drivers/STM32F1xx_HAL_Driver/stm32f1xx_hal_rcc_ex.o
 .debug_macro   0x0001875c      0x1b3 ./Drivers/STM32F1xx_HAL_Driver/stm32f1xx_hal_uart.o
 .debug_macro   0x0001890f      0x1b2 ./Drivers/STM32F1xx_HAL_Driver/stm32f1xx_ll_usb.o
 .debug_macro   0x00018ac1      0x332 ./Middlewares/USB_Device_Library/usbd_core.o
 .debug_macro   0x00018df3       0x9e ./Middlewares/USB_Device_Library/usbd_core.o
 .debug_macro   0x00018e91      0x10b ./Middlewares/USB_Device_Library/usbd_core.o
 .debug_macro   0x00018f9c       0x56 ./Middlewares/USB_Device_Library/usbd_core.o
 .debug_macro   0x00018ff2      0x1ce ./Middlewares/USB_Device_Library/usbd_core.o
 .debug_macro   0x000191c0      0x33c ./Middlewares/USB_Device_Library/usbd_ctlreq.o
 .debug_macro   0x000194fc      0x34b ./Middlewares/USB_Device_Library/usbd_hid.o
 .debug_macro   0x00019847      0x338 ./Middlewares/USB_Device_Library/usbd_ioreq.o
 .debug_macro   0x00019b7f      0x368 ./USB_DEVICE/App/usb_device.o
 .debug_macro   0x00019ee7       0x22 ./USB_DEVICE/App/usb_device.o
 .debug_macro   0x00019f09      0x36f ./USB_DEVICE/App/usbd_desc.o
 .debug_macro   0x0001a278       0x1c ./USB_DEVICE/App/usbd_desc.o
 .debug_macro   0x0001a294      0x355 ./USB_DEVICE/Target/usbd_conf.o

.debug_line     0x00000000    0x17048
 .debug_line    0x00000000      0xcaf ./Core/Src/AnimationModule.o
 .debug_line    0x00000caf      0xbf6 ./Core/Src/KeyboardModule.o
 .debug_line    0x000018a5      0xbb9 ./Core/Src/MouseModule.o
 .debug_line    0x0000245e      0x87d ./Core/Src/UsartController.o
 .debug_line    0x00002cdb      0x940 ./Core/Src/UsartRouter.o
 .debug_line    0x0000361b      0x80a ./Core/Src/gpio.o
 .debug_line    0x00003e25      0xc27 ./Core/Src/main.o
 .debug_line    0x00004a4c      0x7fc ./Core/Src/stm32f1xx_hal_msp.o
 .debug_line    0x00005248      0x8ed ./Core/Src/stm32f1xx_it.o
 .debug_line    0x00005b35      0x879 ./Core/Src/system_stm32f1xx.o
 .debug_line    0x000063ae      0x86d ./Core/Src/usart.o
 .debug_line    0x00006c1b       0x78 ./Core/Startup/startup_stm32f103c8tx.o
 .debug_line    0x00006c93      0xade ./Drivers/STM32F1xx_HAL_Driver/stm32f1xx_hal.o
 .debug_line    0x00007771      0xcca ./Drivers/STM32F1xx_HAL_Driver/stm32f1xx_hal_cortex.o
 .debug_line    0x0000843b      0xf37 ./Drivers/STM32F1xx_HAL_Driver/stm32f1xx_hal_dma.o
 .debug_line    0x00009372      0xb77 ./Drivers/STM32F1xx_HAL_Driver/stm32f1xx_hal_gpio.o
 .debug_line    0x00009ee9     0x1533 ./Drivers/STM32F1xx_HAL_Driver/stm32f1xx_hal_pcd.o
 .debug_line    0x0000b41c      0x8ac ./Drivers/STM32F1xx_HAL_Driver/stm32f1xx_hal_pcd_ex.o
 .debug_line    0x0000bcc8      0xee7 ./Drivers/STM32F1xx_HAL_Driver/stm32f1xx_hal_rcc.o
 .debug_line    0x0000cbaf      0xa28 ./Drivers/STM32F1xx_HAL_Driver/stm32f1xx_hal_rcc_ex.o
 .debug_line    0x0000d5d7     0x29bd ./Drivers/STM32F1xx_HAL_Driver/stm32f1xx_hal_uart.o
 .debug_line    0x0000ff94     0x11af ./Drivers/STM32F1xx_HAL_Driver/stm32f1xx_ll_usb.o
 .debug_line    0x00011143      0xeea ./Middlewares/USB_Device_Library/usbd_core.o
 .debug_line    0x0001202d     0x112a ./Middlewares/USB_Device_Library/usbd_ctlreq.o
 .debug_line    0x00013157      0xd5f ./Middlewares/USB_Device_Library/usbd_hid.o
 .debug_line    0x00013eb6      0xb80 ./Middlewares/USB_Device_Library/usbd_ioreq.o
 .debug_line    0x00014a36      0xb25 ./USB_DEVICE/App/usb_device.o
 .debug_line    0x0001555b      0xbd1 ./USB_DEVICE/App/usbd_desc.o
 .debug_line    0x0001612c      0xf1c ./USB_DEVICE/Target/usbd_conf.o

.debug_str      0x00000000    0x8726c
 .debug_str     0x00000000    0x8387a ./Core/Src/AnimationModule.o
                              0x83c8e (size before relaxing)
 .debug_str     0x0008387a       0x54 ./Core/Src/KeyboardModule.o
                              0x83bdc (size before relaxing)
 .debug_str     0x000838ce       0x68 ./Core/Src/MouseModule.o
                              0x83bd9 (size before relaxing)
 .debug_str     0x00083936      0x474 ./Core/Src/UsartController.o
                              0x7f8c3 (size before relaxing)
 .debug_str     0x00083daa       0x72 ./Core/Src/UsartRouter.o
                              0x7f8b6 (size before relaxing)
 .debug_str     0x00083e1c       0xe2 ./Core/Src/gpio.o
                              0x7f40c (size before relaxing)
 .debug_str     0x00083efe      0x259 ./Core/Src/main.o
                              0x83f23 (size before relaxing)
 .debug_str     0x00084157       0x5a ./Core/Src/stm32f1xx_hal_msp.o
                              0x7f394 (size before relaxing)
 .debug_str     0x000841b1      0x3ee ./Core/Src/stm32f1xx_it.o
                              0x7fb29 (size before relaxing)
 .debug_str     0x0008459f       0x7e ./Core/Src/system_stm32f1xx.o
                              0x7f3bf (size before relaxing)
 .debug_str     0x0008461d      0x30b ./Core/Src/usart.o
                              0x7fb6f (size before relaxing)
 .debug_str     0x00084928       0x44 ./Core/Startup/startup_stm32f103c8tx.o
                                 0x89 (size before relaxing)
 .debug_str     0x0008496c      0x3b0 ./Drivers/STM32F1xx_HAL_Driver/stm32f1xx_hal.o
                              0x7fb2a (size before relaxing)
 .debug_str     0x00084d1c      0x2a4 ./Drivers/STM32F1xx_HAL_Driver/stm32f1xx_hal_cortex.o
                              0x7fa76 (size before relaxing)
 .debug_str     0x00084fc0      0x272 ./Drivers/STM32F1xx_HAL_Driver/stm32f1xx_hal_dma.o
                              0x7f7a0 (size before relaxing)
 .debug_str     0x00085232      0x306 ./Drivers/STM32F1xx_HAL_Driver/stm32f1xx_hal_gpio.o
                              0x7f77d (size before relaxing)
 .debug_str     0x00085538      0x5f5 ./Drivers/STM32F1xx_HAL_Driver/stm32f1xx_hal_pcd.o
                              0x7fd14 (size before relaxing)
 .debug_str     0x00085b2d      0x1a8 ./Drivers/STM32F1xx_HAL_Driver/stm32f1xx_hal_pcd_ex.o
                              0x7f876 (size before relaxing)
 .debug_str     0x00085cd5      0x261 ./Drivers/STM32F1xx_HAL_Driver/stm32f1xx_hal_rcc.o
                              0x7f826 (size before relaxing)
 .debug_str     0x00085f36       0xd7 ./Drivers/STM32F1xx_HAL_Driver/stm32f1xx_hal_rcc_ex.o
                              0x7f576 (size before relaxing)
 .debug_str     0x0008600d      0x5fe ./Drivers/STM32F1xx_HAL_Driver/stm32f1xx_hal_uart.o
                              0x7fe97 (size before relaxing)
 .debug_str     0x0008660b      0x161 ./Drivers/STM32F1xx_HAL_Driver/stm32f1xx_ll_usb.o
                              0x7f8c8 (size before relaxing)
 .debug_str     0x0008676c      0x31a ./Middlewares/USB_Device_Library/usbd_core.o
                              0x83beb (size before relaxing)
 .debug_str     0x00086a86      0x177 ./Middlewares/USB_Device_Library/usbd_ctlreq.o
                              0x83b05 (size before relaxing)
 .debug_str     0x00086bfd      0x262 ./Middlewares/USB_Device_Library/usbd_hid.o
                              0x83d73 (size before relaxing)
 .debug_str     0x00086e5f       0xb1 ./Middlewares/USB_Device_Library/usbd_ioreq.o
                              0x83a32 (size before relaxing)
 .debug_str     0x00086f10       0xa2 ./USB_DEVICE/App/usb_device.o
                              0x83b92 (size before relaxing)
 .debug_str     0x00086fb2      0x247 ./USB_DEVICE/App/usbd_desc.o
                              0x83925 (size before relaxing)
 .debug_str     0x000871f9       0x73 ./USB_DEVICE/Target/usbd_conf.o
                              0x846d0 (size before relaxing)

.comment        0x00000000       0x43
 .comment       0x00000000       0x43 ./Core/Src/AnimationModule.o
                                 0x44 (size before relaxing)
 .comment       0x00000043       0x44 ./Core/Src/KeyboardModule.o
 .comment       0x00000043       0x44 ./Core/Src/MouseModule.o
 .comment       0x00000043       0x44 ./Core/Src/UsartController.o
 .comment       0x00000043       0x44 ./Core/Src/UsartRouter.o
 .comment       0x00000043       0x44 ./Core/Src/gpio.o
 .comment       0x00000043       0x44 ./Core/Src/main.o
 .comment       0x00000043       0x44 ./Core/Src/stm32f1xx_hal_msp.o
 .comment       0x00000043       0x44 ./Core/Src/stm32f1xx_it.o
 .comment       0x00000043       0x44 ./Core/Src/system_stm32f1xx.o
 .comment       0x00000043       0x44 ./Core/Src/usart.o
 .comment       0x00000043       0x44 ./Drivers/STM32F1xx_HAL_Driver/stm32f1xx_hal.o
 .comment       0x00000043       0x44 ./Drivers/STM32F1xx_HAL_Driver/stm32f1xx_hal_cortex.o
 .comment       0x00000043       0x44 ./Drivers/STM32F1xx_HAL_Driver/stm32f1xx_hal_dma.o
 .comment       0x00000043       0x44 ./Drivers/STM32F1xx_HAL_Driver/stm32f1xx_hal_gpio.o
 .comment       0x00000043       0x44 ./Drivers/STM32F1xx_HAL_Driver/stm32f1xx_hal_pcd.o
 .comment       0x00000043       0x44 ./Drivers/STM32F1xx_HAL_Driver/stm32f1xx_hal_pcd_ex.o
 .comment       0x00000043       0x44 ./Drivers/STM32F1xx_HAL_Driver/stm32f1xx_hal_rcc.o
 .comment       0x00000043       0x44 ./Drivers/STM32F1xx_HAL_Driver/stm32f1xx_hal_rcc_ex.o
 .comment       0x00000043       0x44 ./Drivers/STM32F1xx_HAL_Driver/stm32f1xx_hal_uart.o
 .comment       0x00000043       0x44 ./Drivers/STM32F1xx_HAL_Driver/stm32f1xx_ll_usb.o
 .comment       0x00000043       0x44 ./Middlewares/USB_Device_Library/usbd_core.o
 .comment       0x00000043       0x44 ./Middlewares/USB_Device_Library/usbd_ctlreq.o
 .comment       0x00000043       0x44 ./Middlewares/USB_Device_Library/usbd_hid.o
 .comment       0x00000043       0x44 ./Middlewares/USB_Device_Library/usbd_ioreq.o
 .comment       0x00000043       0x44 ./USB_DEVICE/App/usb_device.o
 .comment       0x00000043       0x44 ./USB_DEVICE/App/usbd_desc.o
 .comment       0x00000043       0x44 ./USB_DEVICE/Target/usbd_conf.o

.debug_frame    0x00000000     0x3520
 .debug_frame   0x00000000       0xe0 ./Core/Src/AnimationModule.o
 .debug_frame   0x000000e0       0xa0 ./Core/Src/KeyboardModule.o
 .debug_frame   0x00000180       0xa0 ./Core/Src/MouseModule.o
 .debug_frame   0x00000220       0x34 ./Core/Src/UsartController.o
 .debug_frame   0x00000254       0x80 ./Core/Src/UsartRouter.o
 .debug_frame   0x000002d4       0x34 ./Core/Src/gpio.o
 .debug_frame   0x00000308       0x68 ./Core/Src/main.o
 .debug_frame   0x00000370       0x38 ./Core/Src/stm32f1xx_hal_msp.o
 .debug_frame   0x000003a8      0x13c ./Core/Src/stm32f1xx_it.o
 .debug_frame   0x000004e4       0x58 ./Core/Src/system_stm32f1xx.o
 .debug_frame   0x0000053c       0x74 ./Core/Src/usart.o
 .debug_frame   0x000005b0      0x334 ./Drivers/STM32F1xx_HAL_Driver/stm32f1xx_hal.o
 .debug_frame   0x000008e4      0x428 ./Drivers/STM32F1xx_HAL_Driver/stm32f1xx_hal_cortex.o
 .debug_frame   0x00000d0c      0x208 ./Drivers/STM32F1xx_HAL_Driver/stm32f1xx_hal_dma.o
 .debug_frame   0x00000f14      0x14c ./Drivers/STM32F1xx_HAL_Driver/stm32f1xx_hal_gpio.o
 .debug_frame   0x00001060      0x594 ./Drivers/STM32F1xx_HAL_Driver/stm32f1xx_hal_pcd.o
 .debug_frame   0x000015f4       0xb0 ./Drivers/STM32F1xx_HAL_Driver/stm32f1xx_hal_pcd_ex.o
 .debug_frame   0x000016a4      0x218 ./Drivers/STM32F1xx_HAL_Driver/stm32f1xx_hal_rcc.o
 .debug_frame   0x000018bc       0x80 ./Drivers/STM32F1xx_HAL_Driver/stm32f1xx_hal_rcc_ex.o
 .debug_frame   0x0000193c      0x944 ./Drivers/STM32F1xx_HAL_Driver/stm32f1xx_hal_uart.o
 .debug_frame   0x00002280      0x470 ./Drivers/STM32F1xx_HAL_Driver/stm32f1xx_ll_usb.o
 .debug_frame   0x000026f0      0x300 ./Middlewares/USB_Device_Library/usbd_core.o
 .debug_frame   0x000029f0      0x218 ./Middlewares/USB_Device_Library/usbd_ctlreq.o
 .debug_frame   0x00002c08      0x190 ./Middlewares/USB_Device_Library/usbd_hid.o
 .debug_frame   0x00002d98      0x10c ./Middlewares/USB_Device_Library/usbd_ioreq.o
 .debug_frame   0x00002ea4       0x2c ./USB_DEVICE/App/usb_device.o
 .debug_frame   0x00002ed0      0x160 ./USB_DEVICE/App/usbd_desc.o
 .debug_frame   0x00003030      0x4a4 ./USB_DEVICE/Target/usbd_conf.o
 .debug_frame   0x000034d4       0x20 C:/ST/STM32CubeIDE_1.16.1/STM32CubeIDE/plugins/com.st.stm32cube.ide.mcu.externaltools.gnu-tools-for-stm32.12.3.rel1.win32_1.0.200.202406191623/tools/bin/../lib/gcc/arm-none-eabi/12.3.1/../../../../arm-none-eabi/lib/thumb/v7-m/nofp\libc_nano.a(libc_a-memset.o)
 .debug_frame   0x000034f4       0x2c C:/ST/STM32CubeIDE_1.16.1/STM32CubeIDE/plugins/com.st.stm32cube.ide.mcu.externaltools.gnu-tools-for-stm32.12.3.rel1.win32_1.0.200.202406191623/tools/bin/../lib/gcc/arm-none-eabi/12.3.1/../../../../arm-none-eabi/lib/thumb/v7-m/nofp\libc_nano.a(libc_a-init.o)

.debug_line_str
                0x00000000       0x6d
 .debug_line_str
                0x00000000       0x6d ./Core/Startup/startup_stm32f103c8tx.o
